
 Start         Length     Name                   Class
 0001:00401000 000DC560H .text                   CODE
 0002:004DE000 00000B70H .itext                  ICODE
 0003:004DF000 00008F50H .data                   DATA
 0004:004E8000 00006858H .bss                    BSS
 0005:00000000 00000124H .tls                    TLS


Detailed map of segments

 0001:00000000 00007CAF C=CODE     S=.text    G=(none)   M=System   ACBP=A9
 0001:00007CB0 00000105 C=CODE     S=.text    G=(none)   M=SysInit  ACBP=A9
 0001:00007DB8 000002F8 C=CODE     S=.text    G=(none)   M=Types    ACBP=A9
 0001:000080B0 000013AC C=CODE     S=.text    G=(none)   M=Windows  ACBP=A9
 0001:0000945C 00000089 C=CODE     S=.text    G=(none)   M=Messages ACBP=A9
 0001:000094E8 00000F7F C=CODE     S=.text    G=(none)   M=madNVPrgrAlert ACBP=A9
 0001:0000A468 00000192 C=CODE     S=.text    G=(none)   M=madTypes ACBP=A9
 0001:0000A5FC 00003118 C=CODE     S=.text    G=(none)   M=madStrings ACBP=A9
 0001:0000D714 00004992 C=CODE     S=.text    G=(none)   M=madZip   ACBP=A9
 0001:000120A8 00002B94 C=CODE     S=.text    G=(none)   M=madNVBitmap ACBP=A9
 0001:00014C3C 00002085 C=CODE     S=.text    G=(none)   M=madTools ACBP=A9
 0001:00016CC4 00000BC9 C=CODE     S=.text    G=(none)   M=madCrypt ACBP=A9
 0001:00017890 00006C36 C=CODE     S=.text    G=(none)   M=madDisAsm ACBP=A9
 0001:0001E4C8 00004885 C=CODE     S=.text    G=(none)   M=madMapFile ACBP=A9
 0001:00022D50 000068C0 C=CODE     S=.text    G=(none)   M=madNVAssistant ACBP=A9
 0001:00029610 000048A8 C=CODE     S=.text    G=(none)   M=madStackTrace ACBP=A9
 0001:0002DEB8 00000076 C=CODE     S=.text    G=(none)   M=WinSock  ACBP=A9
 0001:0002DF30 00000310 C=CODE     S=.text    G=(none)   M=SysConst ACBP=A9
 0001:0002E240 00000016 C=CODE     S=.text    G=(none)   M=ShellAPI ACBP=A9
 0001:0002E258 000000A2 C=CODE     S=.text    G=(none)   M=ActiveX  ACBP=A9
 0001:0002E2FC 0000023C C=CODE     S=.text    G=(none)   M=CommCtrl ACBP=A9
 0001:0002E538 0000000E C=CODE     S=.text    G=(none)   M=CommDlg  ACBP=A9
 0001:0002E548 00028D8D C=CODE     S=.text    G=(none)   M=madExcept ACBP=A9
 0001:000572D8 0000002E C=CODE     S=.text    G=(none)   M=madLinkDisAsm ACBP=A9
 0001:00057308 00000EB0 C=CODE     S=.text    G=(none)   M=madListHardware ACBP=A9
 0001:000581B8 00000DC4 C=CODE     S=.text    G=(none)   M=madListProcesses ACBP=A9
 0001:00058F7C 000004E4 C=CODE     S=.text    G=(none)   M=madListModules ACBP=A9
 0001:00059460 00000138 C=CODE     S=.text    G=(none)   M=RTLConsts ACBP=A9
 0001:00059598 00000230 C=CODE     S=.text    G=(none)   M=Character ACBP=A9
 0001:000597C8 00009AA6 C=CODE     S=.text    G=(none)   M=SysUtils ACBP=A9
 0001:00063270 000007FA C=CODE     S=.text    G=(none)   M=VarUtils ACBP=A9
 0001:00063A6C 00006B3C C=CODE     S=.text    G=(none)   M=Variants ACBP=A9
 0001:0006A5A8 00000DF3 C=CODE     S=.text    G=(none)   M=TypInfo  ACBP=A9
 0001:0006B39C 0000BB17 C=CODE     S=.text    G=(none)   M=Classes  ACBP=A9
 0001:00076EB4 000001A9 C=CODE     S=.text    G=(none)   M=Contnrs  ACBP=A9
 0001:00077060 0000182A C=CODE     S=.text    G=(none)   M=HelpIntfs ACBP=A9
 0001:0007888C 00000876 C=CODE     S=.text    G=(none)   M=MultiMon ACBP=A9
 0001:00079104 000002F0 C=CODE     S=.text    G=(none)   M=Consts   ACBP=A9
 0001:000793F4 00000065 C=CODE     S=.text    G=(none)   M=IniFiles ACBP=A9
 0001:0007945C 00000659 C=CODE     S=.text    G=(none)   M=Registry ACBP=A9
 0001:00079AB8 0000A3DA C=CODE     S=.text    G=(none)   M=Graphics ACBP=A9
 0001:00083E94 00000BC2 C=CODE     S=.text    G=(none)   M=SyncObjs ACBP=A9
 0001:00084A58 00000F71 C=CODE     S=.text    G=(none)   M=UxTheme  ACBP=A9
 0001:000859CC 000001E0 C=CODE     S=.text    G=(none)   M=DwmApi   ACBP=A9
 0001:00085BAC 00006D8A C=CODE     S=.text    G=(none)   M=ZLib     ACBP=A9
 0001:0008C938 000021CA C=CODE     S=.text    G=(none)   M=GraphUtil ACBP=A9
 0001:0008EB04 000036B4 C=CODE     S=.text    G=(none)   M=StdCtrls ACBP=A9
 0001:000921B8 00000AEE C=CODE     S=.text    G=(none)   M=ToolWin  ACBP=A9
 0001:00092CA8 0000003A C=CODE     S=.text    G=(none)   M=Printers ACBP=A9
 0001:00092CE4 00000047 C=CODE     S=.text    G=(none)   M=WideStrUtils ACBP=A9
 0001:00092D2C 0000003A C=CODE     S=.text    G=(none)   M=Clipbrd  ACBP=A9
 0001:00092D68 00001116 C=CODE     S=.text    G=(none)   M=ExtCtrls ACBP=A9
 0001:00093E80 0000887D C=CODE     S=.text    G=(none)   M=ComCtrls ACBP=A9
 0001:0009C700 0000388C C=CODE     S=.text    G=(none)   M=Dialogs  ACBP=A9
 0001:0009FF8C 00000139 C=CODE     S=.text    G=(none)   M=StdActns ACBP=A9
 0001:000A00C8 000003AE C=CODE     S=.text    G=(none)   M=FlatSB   ACBP=A9
 0001:000A0478 00008145 C=CODE     S=.text    G=(none)   M=Menus    ACBP=A9
 0001:000A85C0 00016178 C=CODE     S=.text    G=(none)   M=Controls ACBP=A9
 0001:000BE738 00000DB2 C=CODE     S=.text    G=(none)   M=Themes   ACBP=A9
 0001:000BF4EC 000018F9 C=CODE     S=.text    G=(none)   M=ImgList  ACBP=A9
 0001:000C0DE8 00001542 C=CODE     S=.text    G=(none)   M=ActnList ACBP=A9
 0001:000C232C 0000FA04 C=CODE     S=.text    G=(none)   M=Forms    ACBP=A9
 0001:000D1D30 000000CD C=CODE     S=.text    G=(none)   M=Buttons  ACBP=A9
 0001:000D1E00 00000090 C=CODE     S=.text    G=(none)   M=pnglang  ACBP=A9
 0001:000D1E90 00007C42 C=CODE     S=.text    G=(none)   M=pngimage ACBP=A9
 0001:000D9AD4 000000E6 C=CODE     S=.text    G=(none)   M=GDIPAPI  ACBP=A9
 0001:000D9BBC 000002E6 C=CODE     S=.text    G=(none)   M=GDIPOBJ  ACBP=A9
 0001:000D9EA4 00000020 C=CODE     S=.text    G=(none)   M=ComConst ACBP=A9
 0001:000D9EC4 00000EFB C=CODE     S=.text    G=(none)   M=ComObj   ACBP=A9
 0001:000DADC0 00000828 C=CODE     S=.text    G=(none)   M=AxCtrls  ACBP=A9
 0001:000DB5E8 00000016 C=CODE     S=.text    G=(none)   M=JwaDwmapi ACBP=A9
 0001:000DB600 00000C26 C=CODE     S=.text    G=(none)   M=Unit3    ACBP=A9
 0001:000DC228 00000338 C=CODE     S=.text    G=(none)   M=Project2 ACBP=A9
 0002:00000000 000000AE C=ICODE    S=.itext   G=(none)   M=System   ACBP=A9
 0002:000000B0 00000011 C=ICODE    S=.itext   G=(none)   M=Windows  ACBP=A9
 0002:000000C4 00000008 C=ICODE    S=.itext   G=(none)   M=madStrings ACBP=A9
 0002:000000CC 0000002F C=ICODE    S=.itext   G=(none)   M=madTools ACBP=A9
 0002:000000FC 00000008 C=ICODE    S=.itext   G=(none)   M=madDisAsm ACBP=A9
 0002:00000104 00000047 C=ICODE    S=.itext   G=(none)   M=madMapFile ACBP=A9
 0002:0000014C 00000008 C=ICODE    S=.itext   G=(none)   M=madStackTrace ACBP=A9
 0002:00000154 0000004D C=ICODE    S=.itext   G=(none)   M=madExcept ACBP=A9
 0002:000001A4 00000017 C=ICODE    S=.itext   G=(none)   M=madLinkDisAsm ACBP=A9
 0002:000001BC 00000060 C=ICODE    S=.itext   G=(none)   M=madListHardware ACBP=A9
 0002:0000021C 00000060 C=ICODE    S=.itext   G=(none)   M=madListProcesses ACBP=A9
 0002:0000027C 00000058 C=ICODE    S=.itext   G=(none)   M=madListModules ACBP=A9
 0002:000002D4 00000094 C=ICODE    S=.itext   G=(none)   M=SysUtils ACBP=A9
 0002:00000368 0000000F C=ICODE    S=.itext   G=(none)   M=VarUtils ACBP=A9
 0002:00000378 000000AA C=ICODE    S=.itext   G=(none)   M=Variants ACBP=A9
 0002:00000424 00000008 C=ICODE    S=.itext   G=(none)   M=TypInfo  ACBP=A9
 0002:0000042C 00000092 C=ICODE    S=.itext   G=(none)   M=Classes  ACBP=A9
 0002:000004C0 00000008 C=ICODE    S=.itext   G=(none)   M=HelpIntfs ACBP=A9
 0002:000004C8 0000000F C=ICODE    S=.itext   G=(none)   M=MultiMon ACBP=A9
 0002:000004D8 00000008 C=ICODE    S=.itext   G=(none)   M=IniFiles ACBP=A9
 0002:000004E0 00000008 C=ICODE    S=.itext   G=(none)   M=Registry ACBP=A9
 0002:000004E8 000000FB C=ICODE    S=.itext   G=(none)   M=Graphics ACBP=A9
 0002:000005E4 0000000F C=ICODE    S=.itext   G=(none)   M=SyncObjs ACBP=A9
 0002:000005F4 0000001B C=ICODE    S=.itext   G=(none)   M=UxTheme  ACBP=A9
 0002:00000610 00000008 C=ICODE    S=.itext   G=(none)   M=DwmApi   ACBP=A9
 0002:00000618 00000086 C=ICODE    S=.itext   G=(none)   M=GraphUtil ACBP=A9
 0002:000006A0 00000008 C=ICODE    S=.itext   G=(none)   M=Printers ACBP=A9
 0002:000006A8 00000078 C=ICODE    S=.itext   G=(none)   M=Clipbrd  ACBP=A9
 0002:00000720 00000054 C=ICODE    S=.itext   G=(none)   M=ExtCtrls ACBP=A9
 0002:00000774 00000039 C=ICODE    S=.itext   G=(none)   M=ComCtrls ACBP=A9
 0002:000007B0 0000003D C=ICODE    S=.itext   G=(none)   M=Dialogs  ACBP=A9
 0002:000007F0 0000000F C=ICODE    S=.itext   G=(none)   M=FlatSB   ACBP=A9
 0002:00000800 00000085 C=ICODE    S=.itext   G=(none)   M=Menus    ACBP=A9
 0002:00000888 00000088 C=ICODE    S=.itext   G=(none)   M=Controls ACBP=A9
 0002:00000910 00000008 C=ICODE    S=.itext   G=(none)   M=Themes   ACBP=A9
 0002:00000918 0000002A C=ICODE    S=.itext   G=(none)   M=ActnList ACBP=A9
 0002:00000944 0000005C C=ICODE    S=.itext   G=(none)   M=Forms    ACBP=A9
 0002:000009A0 00000025 C=ICODE    S=.itext   G=(none)   M=Buttons  ACBP=A9
 0002:000009C8 0000008C C=ICODE    S=.itext   G=(none)   M=pngimage ACBP=A9
 0002:00000A54 0000003A C=ICODE    S=.itext   G=(none)   M=GDIPOBJ  ACBP=A9
 0002:00000A90 00000055 C=ICODE    S=.itext   G=(none)   M=ComObj   ACBP=A9
 0002:00000AE8 00000023 C=ICODE    S=.itext   G=(none)   M=AxCtrls  ACBP=A9
 0002:00000B0C 00000019 C=ICODE    S=.itext   G=(none)   M=Unit3    ACBP=A9
 0002:00000B28 00000045 C=ICODE    S=.itext   G=(none)   M=Project2 ACBP=A9
 0003:00000000 000007BE C=DATA     S=.data    G=DGROUP   M=System   ACBP=A9
 0003:000007C0 00000020 C=DATA     S=.data    G=DGROUP   M=SysInit  ACBP=A9
 0003:000007E0 00000214 C=DATA     S=.data    G=DGROUP   M=madStrings ACBP=A9
 0003:000009F4 000010C4 C=DATA     S=.data    G=DGROUP   M=madZip   ACBP=A9
 0003:00001AB8 00000064 C=DATA     S=.data    G=DGROUP   M=madTools ACBP=A9
 0003:00001B1C 00001088 C=DATA     S=.data    G=DGROUP   M=madCrypt ACBP=A9
 0003:00002BA4 0000080C C=DATA     S=.data    G=DGROUP   M=madDisAsm ACBP=A9
 0003:000033B0 00000004 C=DATA     S=.data    G=DGROUP   M=madMapFile ACBP=A9
 0003:000033B4 0000000C C=DATA     S=.data    G=DGROUP   M=madNVAssistant ACBP=A9
 0003:000033C0 00000004 C=DATA     S=.data    G=DGROUP   M=madStackTrace ACBP=A9
 0003:000033C4 00000010 C=DATA     S=.data    G=DGROUP   M=ActiveX  ACBP=A9
 0003:000033D4 00000944 C=DATA     S=.data    G=DGROUP   M=madExcept ACBP=A9
 0003:00003D18 00000018 C=DATA     S=.data    G=DGROUP   M=madListProcesses ACBP=A9
 0003:00003D30 00000100 C=DATA     S=.data    G=DGROUP   M=Character ACBP=A9
 0003:00003E30 0000027C C=DATA     S=.data    G=DGROUP   M=SysUtils ACBP=A9
 0003:000040AC 00000008 C=DATA     S=.data    G=DGROUP   M=VarUtils ACBP=A9
 0003:000040B4 00000092 C=DATA     S=.data    G=DGROUP   M=Variants ACBP=A9
 0003:00004148 0000000C C=DATA     S=.data    G=DGROUP   M=TypInfo  ACBP=A9
 0003:00004154 00000064 C=DATA     S=.data    G=DGROUP   M=Classes  ACBP=A9
 0003:000041B8 00000008 C=DATA     S=.data    G=DGROUP   M=IniFiles ACBP=A9
 0003:000041C0 00000008 C=DATA     S=.data    G=DGROUP   M=Registry ACBP=A9
 0003:000041C8 000003B8 C=DATA     S=.data    G=DGROUP   M=Graphics ACBP=A9
 0003:00004580 00003720 C=DATA     S=.data    G=DGROUP   M=ZLib     ACBP=A9
 0003:00007CA0 000004B8 C=DATA     S=.data    G=DGROUP   M=GraphUtil ACBP=A9
 0003:00008158 0000006C C=DATA     S=.data    G=DGROUP   M=StdCtrls ACBP=A9
 0003:000081C4 00000020 C=DATA     S=.data    G=DGROUP   M=ToolWin  ACBP=A9
 0003:000081E4 00000004 C=DATA     S=.data    G=DGROUP   M=Printers ACBP=A9
 0003:000081E8 0000005D C=DATA     S=.data    G=DGROUP   M=ComCtrls ACBP=A9
 0003:00008248 00000198 C=DATA     S=.data    G=DGROUP   M=Dialogs  ACBP=A9
 0003:000083E0 00000134 C=DATA     S=.data    G=DGROUP   M=Menus    ACBP=A9
 0003:00008514 0000013C C=DATA     S=.data    G=DGROUP   M=Controls ACBP=A9
 0003:00008650 00000068 C=DATA     S=.data    G=DGROUP   M=Themes   ACBP=A9
 0003:000086B8 0000003C C=DATA     S=.data    G=DGROUP   M=ImgList  ACBP=A9
 0003:000086F4 00000140 C=DATA     S=.data    G=DGROUP   M=Forms    ACBP=A9
 0003:00008834 0000002C C=DATA     S=.data    G=DGROUP   M=Buttons  ACBP=A9
 0003:00008860 00000168 C=DATA     S=.data    G=DGROUP   M=pngimage ACBP=A9
 0003:000089C8 00000014 C=DATA     S=.data    G=DGROUP   M=GDIPOBJ  ACBP=A9
 0003:000089DC 00000030 C=DATA     S=.data    G=DGROUP   M=ComObj   ACBP=A9
 0004:00000000 00002B4C C=BSS      S=.bss     G=DGROUP   M=System   ACBP=A9
 0004:00002B4C 0000000C C=BSS      S=.bss     G=DGROUP   M=SysInit  ACBP=A9
 0004:00002B58 00000008 C=BSS      S=.bss     G=DGROUP   M=Windows  ACBP=A9
 0004:00002B60 00000004 C=BSS      S=.bss     G=DGROUP   M=madStrings ACBP=A9
 0004:00002B64 00001110 C=BSS      S=.bss     G=DGROUP   M=madZip   ACBP=A9
 0004:00003C74 00000028 C=BSS      S=.bss     G=DGROUP   M=madTools ACBP=A9
 0004:00003C9C 00000008 C=BSS      S=.bss     G=DGROUP   M=madDisAsm ACBP=A9
 0004:00003CA4 00000008 C=BSS      S=.bss     G=DGROUP   M=madMapFile ACBP=A9
 0004:00003CAC 00000014 C=BSS      S=.bss     G=DGROUP   M=madStackTrace ACBP=A9
 0004:00003CC0 0000000C C=BSS      S=.bss     G=DGROUP   M=CommCtrl ACBP=A9
 0004:00003CCC 00000064 C=BSS      S=.bss     G=DGROUP   M=madExcept ACBP=A9
 0004:00003D30 00000004 C=BSS      S=.bss     G=DGROUP   M=madLinkDisAsm ACBP=A9
 0004:00003D34 00000004 C=BSS      S=.bss     G=DGROUP   M=madListHardware ACBP=A9
 0004:00003D38 00000004 C=BSS      S=.bss     G=DGROUP   M=madListProcesses ACBP=A9
 0004:00003D3C 00000004 C=BSS      S=.bss     G=DGROUP   M=madListModules ACBP=A9
 0004:00003D40 0000001C C=BSS      S=.bss     G=DGROUP   M=Character ACBP=A9
 0004:00003D5C 00002234 C=BSS      S=.bss     G=DGROUP   M=SysUtils ACBP=A9
 0004:00005F90 0000005C C=BSS      S=.bss     G=DGROUP   M=VarUtils ACBP=A9
 0004:00005FEC 00000040 C=BSS      S=.bss     G=DGROUP   M=Variants ACBP=A9
 0004:0000602C 00000004 C=BSS      S=.bss     G=DGROUP   M=TypInfo  ACBP=A9
 0004:00006030 00000048 C=BSS      S=.bss     G=DGROUP   M=Classes  ACBP=A9
 0004:00006078 00000008 C=BSS      S=.bss     G=DGROUP   M=HelpIntfs ACBP=A9
 0004:00006080 00000031 C=BSS      S=.bss     G=DGROUP   M=MultiMon ACBP=A9
 0004:000060B4 00000004 C=BSS      S=.bss     G=DGROUP   M=IniFiles ACBP=A9
 0004:000060B8 00000004 C=BSS      S=.bss     G=DGROUP   M=Registry ACBP=A9
 0004:000060BC 00000060 C=BSS      S=.bss     G=DGROUP   M=Graphics ACBP=A9
 0004:0000611C 00000018 C=BSS      S=.bss     G=DGROUP   M=SyncObjs ACBP=A9
 0004:00006134 000000DC C=BSS      S=.bss     G=DGROUP   M=UxTheme  ACBP=A9
 0004:00006210 00000010 C=BSS      S=.bss     G=DGROUP   M=DwmApi   ACBP=A9
 0004:00006220 00000010 C=BSS      S=.bss     G=DGROUP   M=GraphUtil ACBP=A9
 0004:00006230 00000004 C=BSS      S=.bss     G=DGROUP   M=Printers ACBP=A9
 0004:00006234 0000000C C=BSS      S=.bss     G=DGROUP   M=Clipbrd  ACBP=A9
 0004:00006240 00000008 C=BSS      S=.bss     G=DGROUP   M=ExtCtrls ACBP=A9
 0004:00006248 00000038 C=BSS      S=.bss     G=DGROUP   M=ComCtrls ACBP=A9
 0004:00006280 0000003C C=BSS      S=.bss     G=DGROUP   M=Dialogs  ACBP=A9
 0004:000062BC 00000034 C=BSS      S=.bss     G=DGROUP   M=FlatSB   ACBP=A9
 0004:000062F0 00000010 C=BSS      S=.bss     G=DGROUP   M=Menus    ACBP=A9
 0004:00006300 0000008C C=BSS      S=.bss     G=DGROUP   M=Controls ACBP=A9
 0004:0000638C 0000000C C=BSS      S=.bss     G=DGROUP   M=Themes   ACBP=A9
 0004:00006398 00000008 C=BSS      S=.bss     G=DGROUP   M=ImgList  ACBP=A9
 0004:000063A0 00000004 C=BSS      S=.bss     G=DGROUP   M=ActnList ACBP=A9
 0004:000063A4 00000028 C=BSS      S=.bss     G=DGROUP   M=Forms    ACBP=A9
 0004:000063CC 00000030 C=BSS      S=.bss     G=DGROUP   M=Buttons  ACBP=A9
 0004:000063FC 00000409 C=BSS      S=.bss     G=DGROUP   M=pngimage ACBP=A9
 0004:00006808 00000018 C=BSS      S=.bss     G=DGROUP   M=GDIPOBJ  ACBP=A9
 0004:00006820 00000011 C=BSS      S=.bss     G=DGROUP   M=ComObj   ACBP=A9
 0004:00006834 0000001C C=BSS      S=.bss     G=DGROUP   M=AxCtrls  ACBP=A9
 0004:00006850 00000008 C=BSS      S=.bss     G=DGROUP   M=Unit3    ACBP=A9
 0005:00000000 00000008 C=TLS      S=.tls     G=(none)   M=System   ACBP=A9
 0005:00000008 000000DC C=TLS      S=.tls     G=(none)   M=madExcept ACBP=A9
 0005:000000E4 0000000C C=TLS      S=.tls     G=(none)   M=Classes  ACBP=A9
 0005:000000F0 00000004 C=TLS      S=.tls     G=(none)   M=SyncObjs ACBP=A9
 0005:000000F4 00000030 C=TLS      S=.tls     G=(none)   M=GraphUtil ACBP=A9


  Address             Publics by Name

 0001:0002E2BC       ActiveX.CoInitialize
 0001:0002E2CC       ActiveX.CoTaskMemAlloc
 0001:0002E2D4       ActiveX.CoTaskMemFree
 0001:0002E2C4       ActiveX.CoUninitialize
 0001:0002E2F4       ActiveX.GetErrorInfo
 0003:000033C4       ActiveX.GUID_NULL
 0001:0002E2DC       ActiveX.OleInitialize
 0001:0002E2E4       ActiveX.OleUninitialize
 0001:0002E2EC       ActiveX.SysFreeString
 0004:000063A0       ActnList..9
 0001:000C1250       ActnList..TActionLink
 0001:000C0DE8       ActnList..TContainedAction
 0001:000C113C       ActnList..TCustomAction
 0001:000C0F18       ActnList..TCustomActionList
 0001:000C1004       ActnList..TShortCutList
 0002:00000918       ActnList.ActnList
 0001:000C22FC       ActnList.Finalization
 0001:000C1968       ActnList.TActionLink.IsCaptionLinked
 0001:000C197C       ActnList.TActionLink.IsCheckedLinked
 0001:000C1990       ActnList.TActionLink.IsEnabledLinked
 0001:000C19A4       ActnList.TActionLink.IsGroupIndexLinked
 0001:000C19B8       ActnList.TActionLink.IsHelpContextLinked
 0001:000C19CC       ActnList.TActionLink.IsHelpLinked
 0001:000C19E0       ActnList.TActionLink.IsHintLinked
 0001:000C19F4       ActnList.TActionLink.IsImageIndexLinked
 0001:000C1A08       ActnList.TActionLink.IsShortCutLinked
 0001:000C1A1C       ActnList.TActionLink.IsVisibleLinked
 0001:000C1A30       ActnList.TActionLink.SetAutoCheck
 0001:000C1A34       ActnList.TActionLink.SetCaption
 0001:000C1A38       ActnList.TActionLink.SetChecked
 0001:000C1A3C       ActnList.TActionLink.SetEnabled
 0001:000C1A40       ActnList.TActionLink.SetGroupIndex
 0001:000C1A44       ActnList.TActionLink.SetHelpContext
 0001:000C1A48       ActnList.TActionLink.SetHelpKeyword
 0001:000C1A4C       ActnList.TActionLink.SetHelpType
 0001:000C1A50       ActnList.TActionLink.SetHint
 0001:000C1A54       ActnList.TActionLink.SetImageIndex
 0001:000C1A58       ActnList.TActionLink.SetShortCut
 0001:000C1A5C       ActnList.TActionLink.SetVisible
 0001:000C132C       ActnList.TContainedAction.Destroy
 0001:000C1498       ActnList.TContainedAction.Execute
 0001:000C1360       ActnList.TContainedAction.GetIndex
 0001:000C137C       ActnList.TContainedAction.GetParentComponent
 0001:000C138C       ActnList.TContainedAction.HasParent
 0001:000C1378       ActnList.TContainedAction.IsCategoryStored
 0001:000C139C       ActnList.TContainedAction.ReadState
 0001:000C1444       ActnList.TContainedAction.SetActionList
 0001:000C1418       ActnList.TContainedAction.SetCategory
 0001:000C13D0       ActnList.TContainedAction.SetIndex
 0001:000C146C       ActnList.TContainedAction.SetParentComponent
 0001:000C14F0       ActnList.TContainedAction.Update
 0001:000C1B0C       ActnList.TCustomAction.AssignTo
 0001:000C1A60       ActnList.TCustomAction.Create
 0001:000C1AB4       ActnList.TCustomAction.Destroy
 0001:000C2198       ActnList.TCustomAction.DoHint
 0001:000C21C0       ActnList.TCustomAction.Execute
 0001:000C2224       ActnList.TCustomAction.GetSecondaryShortCuts
 0001:000C2280       ActnList.TCustomAction.HandleShortCut
 0001:000C1C18       ActnList.TCustomAction.SetAutoCheck
 0001:000C1C78       ActnList.TCustomAction.SetCaption
 0001:000C1CD8       ActnList.TCustomAction.SetChecked
 0001:000C1DE0       ActnList.TCustomAction.SetEnabled
 0001:000C1E5C       ActnList.TCustomAction.SetGroupIndex
 0001:000C1F74       ActnList.TCustomAction.SetHelpContext
 0001:000C1F0C       ActnList.TCustomAction.SetHelpKeyword
 0001:000C1EB4       ActnList.TCustomAction.SetHelpType
 0001:000C1FCC       ActnList.TCustomAction.SetHint
 0001:000C202C       ActnList.TCustomAction.SetImageIndex
 0001:000C214C       ActnList.TCustomAction.SetName
 0001:000C224C       ActnList.TCustomAction.SetSecondaryShortCuts
 0001:000C2088       ActnList.TCustomAction.SetShortCut
 0001:000C20EC       ActnList.TCustomAction.SetVisible
 0001:000C1730       ActnList.TCustomActionList.AddAction
 0001:000C1778       ActnList.TCustomActionList.Change
 0001:000C1548       ActnList.TCustomActionList.Create
 0001:000C15B4       ActnList.TCustomActionList.Destroy
 0001:000C1884       ActnList.TCustomActionList.ExecuteAction
 0001:000C1684       ActnList.TCustomActionList.GetAction
 0001:000C1698       ActnList.TCustomActionList.GetActionCount
 0001:000C160C       ActnList.TCustomActionList.GetChildren
 0001:000C16D4       ActnList.TCustomActionList.ImageListChange
 0001:000C17E0       ActnList.TCustomActionList.IsShortCut
 0001:000C16E0       ActnList.TCustomActionList.Notification
 0001:000C1750       ActnList.TCustomActionList.RemoveAction
 0001:000C1654       ActnList.TCustomActionList.SetChildOrder
 0001:000C16A0       ActnList.TCustomActionList.SetImages
 0001:000C18C4       ActnList.TCustomActionList.SetState
 0001:000C18A4       ActnList.TCustomActionList.UpdateAction
 0001:000C228C       ActnList.TShortCutList.Add
 0001:000C22B8       ActnList.TShortCutList.IndexOfShortCut
 0004:00006834       AxCtrls..02
 0001:000DADC0       AxCtrls..TOleGraphic
 0002:00000AE8       AxCtrls.AxCtrls
 0001:000DB554       AxCtrls.Finalization
 0001:000DB040       AxCtrls.HIMETRICtoDP
 0001:000DB390       AxCtrls.InitOlePro32
 0001:000DB158       AxCtrls.InvalidOperation
 0001:000DB4E4       AxCtrls.OleLoadPicture
 0004:0000683C       AxCtrls.OlePro32DLL
 0001:000DAED0       AxCtrls.TOleGraphic.Assign
 0001:000DAF04       AxCtrls.TOleGraphic.Changed
 0001:000DAF08       AxCtrls.TOleGraphic.Draw
 0001:000DB014       AxCtrls.TOleGraphic.GetEmpty
 0001:000DB088       AxCtrls.TOleGraphic.GetHeight
 0001:000DB0B8       AxCtrls.TOleGraphic.GetMMHeight
 0001:000DB0D4       AxCtrls.TOleGraphic.GetMMWidth
 0001:000DB0F0       AxCtrls.TOleGraphic.GetPalette
 0001:000DB10C       AxCtrls.TOleGraphic.GetTransparent
 0001:000DB12C       AxCtrls.TOleGraphic.GetWidth
 0001:000DB2F8       AxCtrls.TOleGraphic.LoadFromClipboardFormat
 0001:000DB220       AxCtrls.TOleGraphic.LoadFromFile
 0001:000DB224       AxCtrls.TOleGraphic.LoadFromStream
 0001:000DB344       AxCtrls.TOleGraphic.SaveToClipboardFormat
 0001:000DB274       AxCtrls.TOleGraphic.SaveToStream
 0001:000DB170       AxCtrls.TOleGraphic.SetHeight
 0001:000DB1B8       AxCtrls.TOleGraphic.SetPalette
 0001:000DB1D8       AxCtrls.TOleGraphic.SetWidth
 0004:00006838       AxCtrls.xParkingWindow
 0004:00006844       AxCtrls._OleCreateFontIndirect
 0004:00006848       AxCtrls._OleCreatePictureIndirect
 0004:00006840       AxCtrls._OleCreatePropertyFrame
 0004:0000684C       AxCtrls._OleLoadPicture
 0004:000063CC       Buttons..5
 0003:00008834       Buttons.BitBtnCaptions
 0004:000063D0       Buttons.BitBtnGlyphs
 0002:000009A0       Buttons.Buttons
 0001:000D1D30       Buttons.DestroyLocals
 0001:000D1DC8       Buttons.Finalization
 0004:00003D4C       Character.CategoryTable
 0004:00003D44       Character.CatIndexPrimary
 0004:00003D48       Character.CatIndexSecondary
 0004:00003D40       Character.DataTable
 0003:00003D30       Character.Latin1Categories
 0004:00003D58       Character.NumericValueTable
 0004:00003D50       Character.NumIndexPrimary
 0004:00003D54       Character.NumIndexSecondary
 0001:00059598       Character.TCharacter.CheckLetter
 0001:000595A4       Character.TCharacter.CheckLetterOrDigit
 0001:000596C0       Character.TCharacter.GetUnicodeCategory
 0001:00059720       Character.TCharacter.Initialize
 0001:000596B4       Character.TCharacter.IsAscii
 0001:000595B4       Character.TCharacter.IsLatin1
 0001:000595C0       Character.TCharacter.IsLetter
 0001:0005964C       Character.TCharacter.IsLetterOrDigit
 0004:0000603C       Classes..66
 0001:0006B9AC       Classes..EBitsError
 0001:0006B860       Classes..EClassNotFound
 0001:0006BA8C       Classes..EComponentError
 0001:0006B640       Classes..EFCreateError
 0001:0006B71C       Classes..EFilerError
 0001:0006B5CC       Classes..EFileStreamError
 0001:0006B6B0       Classes..EFOpenError
 0001:0006BB6C       Classes..EInvalidOperation
 0001:0006B940       Classes..EListError
 0001:0006BAFC       Classes..EOutOfResources
 0001:0006B788       Classes..EReadError
 0001:0006B8D0       Classes..EResNotFound
 0001:0006B55C       Classes..EStreamError
 0001:0006BA18       Classes..EStringListError
 0001:0006CA3C       Classes..EThread
 0001:0006B7F4       Classes..EWriteError
 0001:0006CE6C       Classes..TBasicAction
 0001:0006CDE0       Classes..TBasicActionLink
 0001:0006BCB4       Classes..TBits
 0001:0006C8C4       Classes..TClassFinder
 0001:0006BF90       Classes..TCollection
 0001:0006BECC       Classes..TCollectionItem
 0001:0006CC74       Classes..TComponent
 0001:0006C58C       Classes..TCustomMemoryStream
 0001:0006C92C       Classes..TFiler
 0001:0006C4F8       Classes..TFileStream
 0001:0006C474       Classes..THandleStream
 0001:0006DDB8       Classes..TIntConst
 0001:0006BE0C       Classes..TInterfacedPersistent
 0001:0006BBE0       Classes..TList
 0001:0006C614       Classes..TMemoryStream
 0001:0006C070       Classes..TOwnedCollection
 0001:0006BD14       Classes..TPersistent
 0001:00071AB0       Classes..TPropFixup
 0001:00071B34       Classes..TPropIntfFixup
 0001:0006C99C       Classes..TReader
 0001:0006CFEC       Classes..TRegGroup
 0001:0006D050       Classes..TRegGroups
 0001:0006C69C       Classes..TResourceStream
 0001:0006C3F8       Classes..TStream
 0001:0006C830       Classes..TStreamAdapter
 0001:0006C2C4       Classes..TStringList
 0001:0006C170       Classes..TStrings
 0001:0006CB04       Classes..TThread
 0001:0006BC50       Classes..TThreadList
 0001:0006DD5C       Classes.ActivateClassGroup
 0003:00004154       Classes.AddDataModule
 0001:00071DEC       Classes.AddFinished
 0001:00071E24       Classes.AddNotFinished
 0001:000729A4       Classes.AddSubComponentsToLoaded
 0001:00075288       Classes.AddThread
 0001:00076CF0       Classes.AllocateHWnd
 0003:00004164       Classes.ApplicationHandleException
 0003:0000416C       Classes.ApplicationShowException
 0001:0006E0C0       Classes.BeginGlobalLoading
 0003:0000418C       Classes.BlockCode
 0001:0006CFB0       Classes.Bounds
 0001:00076C20       Classes.CalcJmpOffset
 0001:000729E0       Classes.CheckSubComponents
 0001:000752A0       Classes.CheckSynchronize
 0002:0000042C       Classes.Classes
 0001:0006DB20       Classes.ClassNotFound
 0001:00072AC0       Classes.ComponentCreated
 0001:00072B40       Classes.CreateComponent
 0001:00076DA4       Classes.DeallocateHWnd
 0001:000751BC       Classes.DoneThreadSynchronization
 0001:0006F7E0       Classes.DoWrite
 0001:0006E148       Classes.EndGlobalLoading
 0001:0006D6C4       Classes.Error
 0001:000718E8       Classes.Error
 0004:0000606C       Classes.ExternalThreads
 0003:0000417C       Classes.FilerSignature
 0001:00076DCC       Classes.Finalization
 0001:0006DBE0       Classes.FindClass
 0001:00072CF0       Classes.FindExistingComponent
 0001:0006DFD8       Classes.FindGlobalComponent
 0004:00006048       Classes.FindGlobalComponentProcs
 0001:0006DE80       Classes.FindIdentToInt
 0001:00071CF4       Classes.FindNestedComponent
 0001:00073D6C       Classes.FindUniqueName
 0001:000751D4       Classes.FreeExternalThreads
 0001:00076B8C       Classes.FreeIntConstList
 0001:00076CC0       Classes.FreeObjectInstance
 0001:0006DB8C       Classes.GetClass
 0001:0006ED8C       Classes.GetDesigner
 0001:0006DB14       Classes.GetFieldClassTable
 0004:0000604C       Classes.GlobalFixupList
 0001:00071E6C       Classes.GlobalFixupReferences
 0005:000000E8       Classes.GlobalLists
 0005:000000E4       Classes.GlobalLoaded
 0004:00006030       Classes.GlobalNameSpace
 0001:0006DD08       Classes.GroupDescendentsWith
 0001:00073500       Classes.HandleException
 0001:0006DEFC       Classes.IdentToInt
 0001:0006E1A4       Classes.InitComponent
 0001:0006E230       Classes.InitInheritedComponent
 0001:00075188       Classes.InitThreadSynchronization
 0004:00006070       Classes.InstBlockList
 0004:00006074       Classes.InstFreeList
 0004:00006040       Classes.IntConstList
 0005:000000EC       Classes.InternalCurrentThread
 0001:0006E03C       Classes.InternalReadComponentRes
 0001:0006DF3C       Classes.IntToIdent
 0001:0006CFD8       Classes.InvalidPoint
 0001:0006E018       Classes.IsUniqueGlobalComponentName
 0004:00006034       Classes.IsUniqueGlobalComponentNameProc
 0001:00076C28       Classes.MakeObjectInstance
 0001:0006E9C4       Classes.Min
 0001:00076BF8       Classes.ModuleUnload
 0003:00004180       Classes.NilMethod
 0001:0006EE2C       Classes.NotifyDesigner
 0001:0006E118       Classes.NotifyGlobalLoading
 0001:0006CF70       Classes.Point
 0001:0007218C       Classes.PropertyNotFound
 0001:000735D0       Classes.PropPathError
 0001:00072180       Classes.PropValueError
 0001:000710B0       Classes.RaiseException
 0001:00074A04       Classes.ReadCustomVariant
 0001:00072168       Classes.ReadError
 0001:00072AE0       Classes.Recover
 0001:0006CF88       Classes.Rect
 0004:00006044       Classes.RegGroups
 0001:0006DC00       Classes.RegisterClass
 0001:0006DF80       Classes.RegisterFindGlobalComponentProc
 0001:0006DE54       Classes.RegisterIntegerConsts
 0003:0000415C       Classes.RemoveDataModule
 0001:00072038       Classes.RemoveFixupReferences
 0001:000720E4       Classes.RemoveFixups
 0001:0007244C       Classes.RemoveGlobalFixup
 0001:00075294       Classes.RemoveThread
 0001:00075254       Classes.ResetSyncEvent
 0001:0006F94C       Classes.ReturnAddr
 0001:0006E3BC       Classes.ReturnAddr
 0001:00072C50       Classes.SetCompName
 0001:000721B8       Classes.SetElementValue
 0001:00073948       Classes.SetInterfaceReference
 0001:00073864       Classes.SetIntIdent
 0001:000738AC       Classes.SetObjectIdent
 0001:00072A58       Classes.SetSubComponentState
 0001:000738EC       Classes.SetVariantReference
 0001:0007527C       Classes.SignalSyncEvent
 0001:00074524       Classes.SkipBinary
 0001:00074554       Classes.SkipCollection
 0001:000744FC       Classes.SkipList
 0001:0006DCBC       Classes.StartClassGroup
 0001:00076C00       Classes.StdWndProc
 0001:00070DB8       Classes.StringListCompareStrings
 0004:00006038       Classes.SyncEvent
 0003:00004188       Classes.SyncList
 0001:000765F8       Classes.TBasicAction.Change
 0001:00076484       Classes.TBasicAction.Create
 0001:000764C8       Classes.TBasicAction.Destroy
 0001:00076564       Classes.TBasicAction.Execute
 0001:00076534       Classes.TBasicAction.ExecuteTarget
 0001:00076530       Classes.TBasicAction.HandlesTarget
 0001:00076538       Classes.TBasicAction.Notification
 0001:0007660C       Classes.TBasicAction.RegisterChanges
 0001:00076658       Classes.TBasicAction.SetActionComponent
 0001:0007659C       Classes.TBasicAction.SetOnExecute
 0001:00076618       Classes.TBasicAction.UnRegisterChanges
 0001:00076580       Classes.TBasicAction.Update
 0001:00076560       Classes.TBasicAction.UpdateTarget
 0001:000763D4       Classes.TBasicActionLink.AssignClient
 0001:0007640C       Classes.TBasicActionLink.Change
 0001:00076390       Classes.TBasicActionLink.Create
 0001:000763D8       Classes.TBasicActionLink.Destroy
 0001:00076424       Classes.TBasicActionLink.Execute
 0001:0007646C       Classes.TBasicActionLink.IsOnExecuteLinked
 0001:00076440       Classes.TBasicActionLink.SetAction
 0001:00076470       Classes.TBasicActionLink.SetOnExecute
 0001:00076478       Classes.TBasicActionLink.Update
 0001:0006E97C       Classes.TBits.Destroy
 0001:0006E9AC       Classes.TBits.Error
 0001:0006EAA0       Classes.TBits.GetBit
 0001:0006EAB8       Classes.TBits.OpenBit
 0001:0006EA74       Classes.TBits.SetBit
 0001:0006E9D0       Classes.TBits.SetSize
 0001:0006D930       Classes.TClassFinder.Create
 0001:0006DA5C       Classes.TClassFinder.Destroy
 0001:0006DA8C       Classes.TClassFinder.GetClass
 0001:0006F0F0       Classes.TCollection.Add
 0001:0006F568       Classes.TCollection.Added
 0001:0006F110       Classes.TCollection.Assign
 0001:0006F1B8       Classes.TCollection.BeginUpdate
 0001:0006F1BC       Classes.TCollection.Changed
 0001:0006F1CC       Classes.TCollection.Clear
 0001:0006F058       Classes.TCollection.Create
 0001:0006F56C       Classes.TCollection.Deleting
 0001:0006F0A4       Classes.TCollection.Destroy
 0001:0006F234       Classes.TCollection.EndUpdate
 0001:0006F244       Classes.TCollection.GetAttr
 0001:0006F240       Classes.TCollection.GetAttrCount
 0001:0006F274       Classes.TCollection.GetCount
 0001:0006F27C       Classes.TCollection.GetItem
 0001:0006F254       Classes.TCollection.GetItemAttr
 0001:0006F290       Classes.TCollection.GetNamePath
 0001:0006F344       Classes.TCollection.GetPropName
 0001:0006F498       Classes.TCollection.InsertItem
 0001:0006F570       Classes.TCollection.Notify
 0001:0006F55C       Classes.TCollection.Owner
 0001:0006F500       Classes.TCollection.RemoveItem
 0001:0006F554       Classes.TCollection.SetItemName
 0001:0006F558       Classes.TCollection.Update
 0001:0006EEF8       Classes.TCollectionItem.Changed
 0001:0006EE90       Classes.TCollectionItem.Create
 0001:0006EEC8       Classes.TCollectionItem.Destroy
 0001:0006EF34       Classes.TCollectionItem.GetDisplayName
 0001:0006EF1C       Classes.TCollectionItem.GetIndex
 0001:0006EF48       Classes.TCollectionItem.GetNamePath
 0001:0006EFF4       Classes.TCollectionItem.GetOwner
 0001:0006EFF8       Classes.TCollectionItem.SetCollection
 0001:0006F020       Classes.TCollectionItem.SetDisplayName
 0001:0006F028       Classes.TCollectionItem.SetIndex
 0001:00075C38       Classes.TComponent.BeforeDestruction
 0001:00076180       Classes.TComponent.ChangeName
 0001:00075B68       Classes.TComponent.Create
 0001:00075F00       Classes.TComponent.DefineProperties
 0001:00075BB4       Classes.TComponent.Destroy
 0001:00075DC8       Classes.TComponent.DestroyComponents
 0001:00075E24       Classes.TComponent.Destroying
 0001:0007629C       Classes.TComponent.ExecuteAction
 0001:000760A0       Classes.TComponent.FindComponent
 0001:00075C44       Classes.TComponent.FreeNotification
 0001:00075FA4       Classes.TComponent.GetChildOwner
 0001:00075FA8       Classes.TComponent.GetChildParent
 0001:00075F9C       Classes.TComponent.GetChildren
 0001:00076194       Classes.TComponent.GetComponent
 0001:000761C0       Classes.TComponent.GetComponentCount
 0001:00075FAC       Classes.TComponent.GetNamePath
 0001:00075FC0       Classes.TComponent.GetOwner
 0001:00075FC8       Classes.TComponent.GetParentComponent
 0001:00075F98       Classes.TComponent.HasParent
 0001:00075CD8       Classes.TComponent.Insert
 0001:00075D2C       Classes.TComponent.InsertComponent
 0001:0007638C       Classes.TComponent.IntfGetComponent
 0001:00075FE8       Classes.TComponent.Loaded
 0001:00075EA0       Classes.TComponent.Notification
 0001:00075FF4       Classes.TComponent.PaletteCreated
 0001:0007630C       Classes.TComponent.QueryInterface
 0001:00075C98       Classes.TComponent.ReadLeft
 0001:00075FF8       Classes.TComponent.ReadState
 0001:00075CAC       Classes.TComponent.ReadTop
 0001:00075D04       Classes.TComponent.Remove
 0001:00075D90       Classes.TComponent.RemoveComponent
 0001:00075E84       Classes.TComponent.RemoveFreeNotification
 0001:00075E60       Classes.TComponent.RemoveNotification
 0001:000762EC       Classes.TComponent.SafeCallException
 0001:00075FC4       Classes.TComponent.SetChildOrder
 0001:000761D0       Classes.TComponent.SetComponentIndex
 0001:00076224       Classes.TComponent.SetDesigning
 0001:000760F0       Classes.TComponent.SetName
 0001:00075FCC       Classes.TComponent.SetParentComponent
 0001:00076274       Classes.TComponent.SetReference
 0001:000762C4       Classes.TComponent.UpdateAction
 0001:00075FDC       Classes.TComponent.Updated
 0001:00076304       Classes.TComponent.UpdateRegistry
 0001:00075FD0       Classes.TComponent.Updating
 0001:00076088       Classes.TComponent.ValidateContainer
 0001:0007609C       Classes.TComponent.ValidateInsert
 0001:00076008       Classes.TComponent.ValidateRename
 0001:00075CC0       Classes.TComponent.WriteLeft
 0001:00076000       Classes.TComponent.WriteState
 0001:00075CCC       Classes.TComponent.WriteTop
 0001:0007634C       Classes.TComponent._AddRef
 0001:0007636C       Classes.TComponent._Release
 0001:00071694       Classes.TCustomMemoryStream.Read
 0001:000716CC       Classes.TCustomMemoryStream.Seek
 0001:0007168C       Classes.TCustomMemoryStream.SetPointer
 0001:00071A3C       Classes.TFiler.Create
 0001:00071A84       Classes.TFiler.Destroy
 0001:00071AAC       Classes.TFiler.SetRoot
 0001:000714A0       Classes.TFileStream.Create
 0001:000714E4       Classes.TFileStream.Create
 0001:00071658       Classes.TFileStream.Destroy
 0001:000713DC       Classes.THandleStream.Create
 0001:00071418       Classes.THandleStream.Read
 0001:00071438       Classes.THandleStream.Seek
 0001:00071478       Classes.THandleStream.SetSize
 0001:00071464       Classes.THandleStream.SetSize
 0001:00071428       Classes.THandleStream.Write
 0004:00006068       Classes.ThreadCount
 0004:00006050       Classes.ThreadLock
 0001:00075494       Classes.ThreadProc
 0001:0006DE1C       Classes.TIntConst.Create
 0001:0006ECD4       Classes.TInterfacedPersistent.AfterConstruction
 0001:0006ED64       Classes.TInterfacedPersistent.QueryInterface
 0001:0006ED24       Classes.TInterfacedPersistent._AddRef
 0001:0006ED44       Classes.TInterfacedPersistent._Release
 0001:0006E314       Classes.TList.Add
 0001:0006E348       Classes.TList.Clear
 0001:0006E360       Classes.TList.Delete
 0001:0006E2F4       Classes.TList.Destroy
 0001:0006E3C0       Classes.TList.Error
 0001:0006E3F8       Classes.TList.Error
 0001:0006E44C       Classes.TList.Expand
 0001:0006E464       Classes.TList.First
 0001:0006E46C       Classes.TList.Get
 0001:0006E494       Classes.TList.Grow
 0001:0006E4C8       Classes.TList.IndexOf
 0001:0006E4EC       Classes.TList.Insert
 0001:0006E558       Classes.TList.Last
 0001:0006E57C       Classes.TList.Move
 0001:0006E768       Classes.TList.Notify
 0001:0006E644       Classes.TList.Pack
 0001:0006E5D4       Classes.TList.Put
 0001:0006E624       Classes.TList.Remove
 0001:0006E6B8       Classes.TList.SetCapacity
 0001:0006E6F4       Classes.TList.SetCount
 0001:0007171C       Classes.TMemoryStream.Clear
 0001:000716F0       Classes.TMemoryStream.Destroy
 0001:00071734       Classes.TMemoryStream.LoadFromStream
 0001:000717C0       Classes.TMemoryStream.Realloc
 0001:0007176C       Classes.TMemoryStream.SetCapacity
 0001:00071794       Classes.TMemoryStream.SetSize
 0001:00071840       Classes.TMemoryStream.Write
 0001:0006F594       Classes.TOwnedCollection.Create
 0001:0006F5D8       Classes.TOwnedCollection.GetOwner
 0001:0006EB5C       Classes.TPersistent.Assign
 0001:0006EB70       Classes.TPersistent.AssignError
 0001:0006EC2C       Classes.TPersistent.AssignTo
 0001:0006EC34       Classes.TPersistent.DefineProperties
 0001:0006EB30       Classes.TPersistent.Destroy
 0001:0006EC38       Classes.TPersistent.GetNamePath
 0001:0006ECD0       Classes.TPersistent.GetOwner
 0001:00071BA0       Classes.TPropFixup.Create
 0001:00071BF8       Classes.TPropFixup.MakeGlobalReference
 0001:00071C60       Classes.TPropFixup.ResolveReference
 0001:00071C70       Classes.TPropIntfFixup.ResolveReference
 0001:0007220C       Classes.TReader.CheckValue
 0001:0007226C       Classes.TReader.DefineBinaryProperty
 0001:00072230       Classes.TReader.DefineProperty
 0001:000721D0       Classes.TReader.Destroy
 0001:000724C8       Classes.TReader.DoFixupReferences
 0001:00072354       Classes.TReader.EndOfList
 0001:00072368       Classes.TReader.Error
 0001:00074850       Classes.TReader.FindAncestorComponent
 0001:00074948       Classes.TReader.FindComponentClass
 0001:000723FC       Classes.TReader.FindMethod
 0001:0007238C       Classes.TReader.FindMethodInstance
 0001:0007260C       Classes.TReader.FlushBuffer
 0001:00072630       Classes.TReader.FreeFixups
 0001:0007266C       Classes.TReader.GetFieldClass
 0001:00072700       Classes.TReader.GetPosition
 0001:00072718       Classes.TReader.NextValue
 0001:00072728       Classes.TReader.PropertyError
 0001:0007273C       Classes.TReader.Read
 0001:000727C4       Classes.TReader.ReadBoolean
 0001:00072788       Classes.TReader.ReadBuffer
 0001:000727D8       Classes.TReader.ReadChar
 0001:000728CC       Classes.TReader.ReadCollection
 0001:00072D94       Classes.TReader.ReadComponent
 0001:000731D4       Classes.TReader.ReadCurrency
 0001:00072FD4       Classes.TReader.ReadData
 0001:00073044       Classes.TReader.ReadDataInner
 0001:00073224       Classes.TReader.ReadDate
 0001:0007314C       Classes.TReader.ReadDouble
 0001:00073114       Classes.TReader.ReadFloat
 0001:00073268       Classes.TReader.ReadIdent
 0001:0007346C       Classes.TReader.ReadInt64
 0001:00073400       Classes.TReader.ReadInteger
 0001:000734B0       Classes.TReader.ReadListBegin
 0001:000734B8       Classes.TReader.ReadListEnd
 0001:000734C0       Classes.TReader.ReadPrefix
 0001:000735EC       Classes.TReader.ReadProperty
 0001:00073A08       Classes.TReader.ReadPropValue
 0001:00073DD4       Classes.TReader.ReadRootComponent
 0001:00074108       Classes.TReader.ReadSet
 0001:000741C4       Classes.TReader.ReadSignature
 0001:00073190       Classes.TReader.ReadSingle
 0001:000741E8       Classes.TReader.ReadStr
 0001:00074278       Classes.TReader.ReadString
 0001:000744A0       Classes.TReader.ReadValue
 0001:00074BCC       Classes.TReader.ReadVariant
 0001:0007286C       Classes.TReader.ReadWideChar
 0001:00074360       Classes.TReader.ReadWideString
 0001:00074908       Classes.TReader.ReferenceName
 0001:00074920       Classes.TReader.SetName
 0001:000749BC       Classes.TReader.SkipBytes
 0001:000747A8       Classes.TReader.SkipComponent
 0001:00074760       Classes.TReader.SkipProperty
 0001:000744B4       Classes.TReader.SkipSetBody
 0001:000745B0       Classes.TReader.SkipValue
 0001:0006D0B4       Classes.TRegGroup.AddClass
 0001:0006D0C0       Classes.TRegGroup.BestClass
 0001:0006D120       Classes.TRegGroup.BestGroup
 0001:0006D190       Classes.TRegGroup.Create
 0001:0006D1EC       Classes.TRegGroup.Destroy
 0001:0006D22C       Classes.TRegGroup.GetClass
 0001:0006D27C       Classes.TRegGroup.InGroup
 0001:0006D2C0       Classes.TRegGroup.RegisterClass
 0001:0006D374       Classes.TRegGroup.Registered
 0001:0006D3DC       Classes.TRegGroup.UnregisterModuleClasses
 0001:0006D51C       Classes.TRegGroups.Activate
 0001:0006D568       Classes.TRegGroups.Create
 0001:0006D5DC       Classes.TRegGroups.Destroy
 0001:0006D63C       Classes.TRegGroups.FindGroup
 0001:0006D680       Classes.TRegGroups.GetClass
 0001:0006D748       Classes.TRegGroups.GroupWith
 0001:0006D81C       Classes.TRegGroups.Lock
 0001:0006D828       Classes.TRegGroups.RegisterClass
 0001:0006D840       Classes.TRegGroups.Registered
 0001:0006D884       Classes.TRegGroups.StartGroup
 0001:0006D8D4       Classes.TRegGroups.Unlock
 0001:0006D8E0       Classes.TRegGroups.UnregisterModuleClasses
 0001:00071890       Classes.TResourceStream.Create
 0001:000719F4       Classes.TResourceStream.Destroy
 0001:00071988       Classes.TResourceStream.Initialize
 0001:00071A24       Classes.TResourceStream.Write
 0001:00071288       Classes.TStream.CopyFrom
 0001:00070FC4       Classes.TStream.GetPosition
 0001:00070FF8       Classes.TStream.GetSize
 0001:00071218       Classes.TStream.ReadBuffer
 0001:0007137C       Classes.TStream.ReadComponent
 0001:00071124       Classes.TStream.Seek
 0001:000711A8       Classes.TStream.Seek
 0001:00070FE4       Classes.TStream.SetPosition
 0001:00071044       Classes.TStream.SetSize
 0001:0007105C       Classes.TStream.SetSize
 0001:00071048       Classes.TStream.SetSize64
 0001:00071250       Classes.TStream.WriteBuffer
 0001:00076B74       Classes.TStreamAdapter.Clone
 0001:00076AC8       Classes.TStreamAdapter.Commit
 0001:000768C0       Classes.TStreamAdapter.CopyTo
 0001:00076684       Classes.TStreamAdapter.Create
 0001:000766D0       Classes.TStreamAdapter.Destroy
 0001:00076AE0       Classes.TStreamAdapter.LockRegion
 0001:00076708       Classes.TStreamAdapter.Read
 0001:00076AD4       Classes.TStreamAdapter.Revert
 0001:000767D8       Classes.TStreamAdapter.Seek
 0001:0007685C       Classes.TStreamAdapter.SetSize
 0001:00076AF8       Classes.TStreamAdapter.Stat
 0001:00076AEC       Classes.TStreamAdapter.UnlockRegion
 0001:00076770       Classes.TStreamAdapter.Write
 0001:000707B8       Classes.TStringList.Add
 0001:000707C8       Classes.TStringList.AddObject
 0001:0007082C       Classes.TStringList.Changed
 0001:00070848       Classes.TStringList.Changing
 0001:00070864       Classes.TStringList.Clear
 0001:00070E20       Classes.TStringList.CompareStrings
 0001:00070F8C       Classes.TStringList.Create
 0001:00070DE8       Classes.TStringList.CustomSort
 0001:000708CC       Classes.TStringList.Delete
 0001:00070734       Classes.TStringList.Destroy
 0001:0007094C       Classes.TStringList.Exchange
 0001:000709A8       Classes.TStringList.ExchangeItems
 0001:000709CC       Classes.TStringList.Find
 0001:00070A50       Classes.TStringList.Get
 0001:00070A84       Classes.TStringList.GetCapacity
 0001:00070A88       Classes.TStringList.GetCount
 0001:00070A8C       Classes.TStringList.GetObject
 0001:00070AB4       Classes.TStringList.Grow
 0001:00070AE8       Classes.TStringList.IndexOf
 0001:00070B24       Classes.TStringList.Insert
 0001:00070B88       Classes.TStringList.InsertItem
 0001:00070B34       Classes.TStringList.InsertObject
 0001:00070C04       Classes.TStringList.Put
 0001:00070C60       Classes.TStringList.PutObject
 0001:00070CA0       Classes.TStringList.QuickSort
 0001:00070D38       Classes.TStringList.SetCapacity
 0001:00070D78       Classes.TStringList.SetSorted
 0001:00070D98       Classes.TStringList.SetUpdateState
 0001:00070DD8       Classes.TStringList.Sort
 0001:0006F60C       Classes.TStrings.Add
 0001:0006F630       Classes.TStrings.AddObject
 0001:0006F654       Classes.TStrings.AddStrings
 0001:0006F70C       Classes.TStrings.Assign
 0001:0006F7C8       Classes.TStrings.BeginUpdate
 0001:00070628       Classes.TStrings.CompareStrings
 0001:0006F838       Classes.TStrings.DefineProperties
 0001:0006F5DC       Classes.TStrings.Destroy
 0001:0006F890       Classes.TStrings.EndUpdate
 0001:0006F8A4       Classes.TStrings.Equals
 0001:0006F988       Classes.TStrings.Error
 0001:0006F950       Classes.TStrings.Error
 0001:0006F9E0       Classes.TStrings.Exchange
 0001:0006FACC       Classes.TStrings.GetCapacity
 0001:000705C0       Classes.TStrings.GetLineBreak
 0001:000706F8       Classes.TStrings.GetNameValueSeparator
 0001:0006FAD4       Classes.TStrings.GetObject
 0001:0006FAD8       Classes.TStrings.GetText
 0001:0006FB2C       Classes.TStrings.GetTextStr
 0001:0006FCC4       Classes.TStrings.IndexOf
 0001:0006FD50       Classes.TStrings.IndexOfName
 0001:0006FE24       Classes.TStrings.IndexOfObject
 0001:0006FE58       Classes.TStrings.InsertObject
 0001:0006FE88       Classes.TStrings.LoadFromFile
 0001:0006FEDC       Classes.TStrings.LoadFromFile
 0001:0006FF38       Classes.TStrings.LoadFromStream
 0001:0006FF44       Classes.TStrings.LoadFromStream
 0001:00070038       Classes.TStrings.Move
 0001:000700E8       Classes.TStrings.Put
 0001:00070118       Classes.TStrings.PutObject
 0001:0007011C       Classes.TStrings.ReadData
 0001:000701CC       Classes.TStrings.SaveToFile
 0001:000701DC       Classes.TStrings.SaveToFile
 0001:0007024C       Classes.TStrings.SaveToStream
 0001:0007023C       Classes.TStrings.SaveToStream
 0001:00070304       Classes.TStrings.SetCapacity
 0001:000705FC       Classes.TStrings.SetLineBreak
 0001:00070714       Classes.TStrings.SetNameValueSeparator
 0001:00070308       Classes.TStrings.SetStringsAdapter
 0001:0007033C       Classes.TStrings.SetText
 0001:0007038C       Classes.TStrings.SetTextStr
 0001:00070538       Classes.TStrings.SetUpdateState
 0001:0007053C       Classes.TStrings.WriteData
 0001:000756D0       Classes.TThread.AfterConstruction
 0001:00075778       Classes.TThread.CallOnTerminate
 0001:00075760       Classes.TThread.CheckThreadError
 0001:000756E4       Classes.TThread.CheckThreadError
 0001:00075548       Classes.TThread.Create
 0001:00075650       Classes.TThread.Destroy
 0001:0007578C       Classes.TThread.DoTerminate
 0001:000757A0       Classes.TThread.RemoveQueuedEvents
 0001:00075A5C       Classes.TThread.Resume
 0001:00075864       Classes.TThread.Synchronize
 0001:00075A28       Classes.TThread.Synchronize
 0001:00075A84       Classes.TThread.Terminate
 0001:00075AA8       Classes.TThread.WaitFor
 0001:0006E83C       Classes.TThreadList.Add
 0001:0006E8C4       Classes.TThreadList.Clear
 0001:0006E76C       Classes.TThreadList.Create
 0001:0006E7C0       Classes.TThreadList.Destroy
 0001:0006E90C       Classes.TThreadList.LockList
 0001:0006E920       Classes.TThreadList.Remove
 0001:0006E970       Classes.TThreadList.UnlockList
 0001:00074DEC       Classes.TWriter.Write
 0001:00074E50       Classes.TWriter.WriteBoolean
 0001:00074E38       Classes.TWriter.WriteBuffer
 0001:00074E64       Classes.TWriter.WriteInteger
 0001:00074ED8       Classes.TWriter.WriteListBegin
 0001:00074EE0       Classes.TWriter.WriteListEnd
 0001:00074EE8       Classes.TWriter.WriteMinStr
 0001:0007503C       Classes.TWriter.WriteString
 0001:00075174       Classes.TWriter.WriteValue
 0001:0006DFC0       Classes.UnregisterFindGlobalComponentProc
 0001:0006DC70       Classes.UnRegisterModuleClasses
 0003:00004190       Classes.UtilWindowClass
 0001:00075260       Classes.WaitForSyncEvent
 0003:00004174       Classes.WakeMainThread
 0004:00006238       Clipbrd..3
 0004:00006236       Clipbrd.CF_COMPONENT
 0004:00006234       Clipbrd.CF_PICTURE
 0002:000006A8       Clipbrd.Clipbrd
 0004:0000623C       Clipbrd.FClipboard
 0001:00092D2C       Clipbrd.Finalization
 0004:00006248       ComCtrls..96
 0001:00093FC8       ComCtrls..TConversion
 0001:00094D54       ComCtrls..TToolBar
 0001:00094CE8       ComCtrls..TToolBarEnumerator
 0001:000941D8       ComCtrls..TToolButton
 0001:000940D4       ComCtrls..TToolButtonActionLink
 0003:000081F8       ComCtrls.ButtonStates
 0003:00008208       ComCtrls.ButtonStyles
 0001:000990A0       ComCtrls.CalcSize
 0004:0000624C       ComCtrls.ComCtlVersion
 0002:00000774       ComCtrls.ComCtrls
 0001:00099990       ComCtrls.ContainsActiveControl
 0004:00006250       ComCtrls.ConversionFormatList
 0003:0000823C       ComCtrls.CustomizeStyles
 0003:00008214       ComCtrls.DownMessage
 0001:0009C680       ComCtrls.Finalization
 0001:0009B4FC       ComCtrls.FindButton
 0003:0000822C       ComCtrls.FlatOnXp
 0003:00008224       ComCtrls.FlatStyles
 0001:0009C624       ComCtrls.FreeConversionFormatList
 0004:00006258       ComCtrls.FRichEditModule
 0001:00095C74       ComCtrls.GetComCtlVersion
 0001:000981EC       ComCtrls.GetImageBitmap
 0001:000984B0       ComCtrls.HasDropDownButton
 0001:00095C48       ComCtrls.InitCommonControl
 0003:00008244       ComCtrls.InitDone
 0001:0009B880       ComCtrls.InitToolMenuHooks
 0001:0009B980       ComCtrls.InitToolMenuKeyHooks
 0001:0009BD90       ComCtrls.IsMenuBar
 0001:0009A610       ComCtrls.IsToolButtonMouseMsg
 0004:0000626C       ComCtrls.LastMenuItem
 0004:00006270       ComCtrls.LastMousePos
 0003:0000821C       ComCtrls.ListStyles
 0004:00006268       ComCtrls.MenuButtonIndex
 0004:00006260       ComCtrls.MenuToolBar
 0004:00006264       ComCtrls.MenuToolBar2
 0001:0009B8B8       ComCtrls.ReleaseToolMenuHooks
 0001:0009B9A4       ComCtrls.ReleaseToolMenuKeyHooks
 0003:000081E8       ComCtrls.RTFConversionFormat
 0001:0009A6D0       ComCtrls.SendDropdownMsg
 0004:00006254       ComCtrls.ShellModule
 0004:00006278       ComCtrls.StillModal
 0001:00095CF4       ComCtrls.TConversion.ConvertReadStream
 0001:00095D50       ComCtrls.TConversion.ConvertWriteStream
 0001:00095CBC       ComCtrls.TConversion.Create
 0003:000081F0       ComCtrls.TextConversionFormat
 0001:0009B5A8       ComCtrls.ToolMenuGetMsgHook
 0004:0000625C       ComCtrls.ToolMenuHook
 0004:0000627C       ComCtrls.ToolMenuKeyHook
 0001:0009B8F4       ComCtrls.ToolMenuKeyMsgHook
 0003:00008234       ComCtrls.TransparentStyles
 0001:00098D28       ComCtrls.TToolBar.AdjustControl
 0001:00098DFC       ComCtrls.TToolBar.AlignControls
 0001:00098ABC       ComCtrls.TToolBar.BeginUpdate
 0001:00098B18       ComCtrls.TToolBar.ButtonIndex
 0001:00099920       ComCtrls.TToolBar.CanAutoSize
 0001:0009BFD0       ComCtrls.TToolBar.CancelMenu
 0001:0009ABC4       ComCtrls.TToolBar.CanvasChanged
 0001:00098E38       ComCtrls.TToolBar.ChangeScale
 0001:0009BA74       ComCtrls.TToolBar.CheckMenuDropdown
 0001:0009B9C8       ComCtrls.TToolBar.ClearTempMenu
 0001:0009BED4       ComCtrls.TToolBar.ClickButton
 0001:00099AD0       ComCtrls.TToolBar.CMColorChanged
 0001:00099928       ComCtrls.TToolBar.CMControlChange
 0001:000999E4       ComCtrls.TToolBar.CMDialogChar
 0001:00099AB4       ComCtrls.TToolBar.CMEnabledChanged
 0001:0009C0CC       ComCtrls.TToolBar.CMFontChanged
 0001:00099AE4       ComCtrls.TToolBar.CMParentColorChanged
 0001:00099B28       ComCtrls.TToolBar.CMSysFontChanged
 0001:00099958       ComCtrls.TToolBar.CNChar
 0001:00099B3C       ComCtrls.TToolBar.CNDropDownClosed
 0001:00099B7C       ComCtrls.TToolBar.CNNotify
 0001:00099B04       ComCtrls.TToolBar.CNSysKeyDown
 0001:00096D50       ComCtrls.TToolBar.Create
 0001:000971E8       ComCtrls.TToolBar.CreateButtons
 0001:0009703C       ComCtrls.TToolBar.CreateParams
 0001:00097100       ComCtrls.TToolBar.CreateWnd
 0001:0009AAF4       ComCtrls.TToolBar.CustomDraw
 0001:0009AB4C       ComCtrls.TToolBar.CustomDrawButton
 0001:00096F80       ComCtrls.TToolBar.Destroy
 0001:000985D0       ComCtrls.TToolBar.DisabledImageListChange
 0001:0009C134       ComCtrls.TToolBar.DoGetButton
 0001:0009C36C       ComCtrls.TToolBar.DoQueryDelete
 0001:0009C398       ComCtrls.TToolBar.DoQueryInsert
 0001:00098AC4       ComCtrls.TToolBar.EndUpdate
 0001:0009A994       ComCtrls.TToolBar.FindButtonFromAccel
 0001:0009A990       ComCtrls.TToolBar.FlipChildren
 0001:000980B4       ComCtrls.TToolBar.GetButton
 0001:000980CC       ComCtrls.TToolBar.GetButtonCount
 0001:00097528       ComCtrls.TToolBar.GetButtonSize
 0001:000989D4       ComCtrls.TToolBar.GetChildren
 0001:000980D8       ComCtrls.TToolBar.GetEnumerator
 0001:0009ABCC       ComCtrls.TToolBar.GradientDrawButton
 0001:0009B3E4       ComCtrls.TToolBar.GradientDrawToolBar
 0001:00098678       ComCtrls.TToolBar.HotImageListChange
 0001:0009845C       ComCtrls.TToolBar.ImageListChange
 0001:0009BF58       ComCtrls.TToolBar.InitMenu
 0001:0009766C       ComCtrls.TToolBar.InsertButton
 0001:00098B08       ComCtrls.TToolBar.InternalButtonCount
 0001:0009AA54       ComCtrls.TToolBar.IsCustomDrawn
 0001:0009B4DC       ComCtrls.TToolBar.IsGradientEndColorStored
 0001:00098A70       ComCtrls.TToolBar.Loaded
 0001:000982E4       ComCtrls.TToolBar.LoadImages
 0001:00098188       ComCtrls.TToolBar.Notification
 0001:0009B4C8       ComCtrls.TToolBar.Perform
 0001:000988AC       ComCtrls.TToolBar.RecreateButtons
 0001:0009A548       ComCtrls.TToolBar.RecreateButtonsFromToolbar
 0001:00097CA4       ComCtrls.TToolBar.RefreshButton
 0001:00097728       ComCtrls.TToolBar.RemoveButton
 0001:00098C60       ComCtrls.TToolBar.ReorderButton
 0001:0009734C       ComCtrls.TToolBar.RepositionButton
 0001:000974B0       ComCtrls.TToolBar.RepositionButtons
 0001:0009C44C       ComCtrls.TToolBar.Resize
 0001:00098ACC       ComCtrls.TToolBar.ResizeButtons
 0001:0009C3C4       ComCtrls.TToolBar.SaveButtons
 0001:0009807C       ComCtrls.TToolBar.SetAllowTextButtons
 0001:0009C478       ComCtrls.TToolBar.SetAutoSize
 0001:000975FC       ComCtrls.TToolBar.SetButtonHeight
 0001:00097634       ComCtrls.TToolBar.SetButtonWidth
 0001:0009C120       ComCtrls.TToolBar.SetCustomizable
 0001:000985F4       ComCtrls.TToolBar.SetDisabledImageList
 0001:00098624       ComCtrls.TToolBar.SetDisabledImages
 0001:0009B450       ComCtrls.TToolBar.SetDrawingStyle
 0001:0009810C       ComCtrls.TToolBar.SetFlat
 0001:0009C424       ComCtrls.TToolBar.SetGradientDirection
 0001:0009B418       ComCtrls.TToolBar.SetGradientDrawingOptions
 0001:0009B478       ComCtrls.TToolBar.SetGradientEndColor
 0001:0009B4A0       ComCtrls.TToolBar.SetGradientStartColor
 0001:0009C410       ComCtrls.TToolBar.SetHideClippedButtons
 0001:0009869C       ComCtrls.TToolBar.SetHotImageList
 0001:000986CC       ComCtrls.TToolBar.SetHotImages
 0001:00098480       ComCtrls.TToolBar.SetImageList
 0001:00098534       ComCtrls.TToolBar.SetImages
 0001:00098720       ComCtrls.TToolBar.SetIndent
 0001:000980E8       ComCtrls.TToolBar.SetList
 0001:00098734       ComCtrls.TToolBar.SetMenu
 0001:00098050       ComCtrls.TToolBar.SetShowCaptions
 0001:00098120       ComCtrls.TToolBar.SetTransparent
 0001:00098144       ComCtrls.TToolBar.SetWrapable
 0001:0009C01C       ComCtrls.TToolBar.TrackMenu
 0001:00097DB0       ComCtrls.TToolBar.UpdateButton
 0001:00097EAC       ComCtrls.TToolBar.UpdateButtons
 0001:00097FB0       ComCtrls.TToolBar.UpdateButtonState
 0001:0009800C       ComCtrls.TToolBar.UpdateButtonStates
 0001:000983E0       ComCtrls.TToolBar.UpdateImages
 0001:000977B8       ComCtrls.TToolBar.UpdateItem
 0001:00097A10       ComCtrls.TToolBar.UpdateItem2
 0001:000988F8       ComCtrls.TToolBar.WMCaptureChanged
 0001:00098E3C       ComCtrls.TToolBar.WMEraseBkgnd
 0001:00098E5C       ComCtrls.TToolBar.WMGetDlgCode
 0001:00098E70       ComCtrls.TToolBar.WMGetText
 0001:00098E9C       ComCtrls.TToolBar.WMGetTextLength
 0001:00098924       ComCtrls.TToolBar.WMKeyDown
 0001:00098ED4       ComCtrls.TToolBar.WMNotifyFormat
 0001:00098EB0       ComCtrls.TToolBar.WMSetText
 0001:00098EF8       ComCtrls.TToolBar.WMSize
 0001:00098F2C       ComCtrls.TToolBar.WMSysChar
 0001:0009BDFC       ComCtrls.TToolBar.WMSysCommand
 0001:00098F5C       ComCtrls.TToolBar.WMWindowPosChanged
 0001:00099040       ComCtrls.TToolBar.WMWindowPosChanging
 0001:0009A740       ComCtrls.TToolBar.WndProc
 0001:000996D4       ComCtrls.TToolBar.WrapButtons
 0001:00096CE4       ComCtrls.TToolBarEnumerator.Create
 0001:00096D28       ComCtrls.TToolBarEnumerator.GetCurrent
 0001:00096D34       ComCtrls.TToolBarEnumerator.MoveNext
 0001:00096B1C       ComCtrls.TToolButton.ActionChange
 0001:00096BDC       ComCtrls.TToolButton.AssignTo
 0001:00096A0C       ComCtrls.TToolButton.BeginUpdate
 0001:00096A90       ComCtrls.TToolButton.CheckMenuDropdown
 0001:00095F58       ComCtrls.TToolButton.Click
 0001:00096684       ComCtrls.TToolButton.CMEnabledChanged
 0001:000966C0       ComCtrls.TToolButton.CMHitTest
 0001:00095FA4       ComCtrls.TToolButton.CMTextChanged
 0001:000965F8       ComCtrls.TToolButton.CMVisibleChanged
 0001:00095DAC       ComCtrls.TToolButton.Create
 0001:00096A14       ComCtrls.TToolButton.EndUpdate
 0001:00096BD4       ComCtrls.TToolButton.GetActionLinkClass
 0001:0009647C       ComCtrls.TToolButton.GetButtonState
 0001:00096A1C       ComCtrls.TToolButton.GetIndex
 0001:00096ADC       ComCtrls.TToolButton.IsCheckedStored
 0001:00096AFC       ComCtrls.TToolButton.IsImageIndexStored
 0001:00096A38       ComCtrls.TToolButton.IsWidthStored
 0001:00095E30       ComCtrls.TToolButton.MouseDown
 0001:00095E8C       ComCtrls.TToolButton.MouseMove
 0001:00095EF4       ComCtrls.TToolButton.MouseUp
 0001:00095F60       ComCtrls.TToolButton.Notification
 0001:000961FC       ComCtrls.TToolButton.Paint
 0001:00096A48       ComCtrls.TToolButton.RefreshControl
 0001:00096520       ComCtrls.TToolButton.SetAutoSize
 0001:0009600C       ComCtrls.TToolButton.SetBounds
 0001:00096590       ComCtrls.TToolButton.SetButtonState
 0001:000966E8       ComCtrls.TToolButton.SetDown
 0001:00096744       ComCtrls.TToolButton.SetDropdownMenu
 0001:00096C7C       ComCtrls.TToolButton.SetEnableDropdown
 0001:00096760       ComCtrls.TToolButton.SetGrouped
 0001:00096780       ComCtrls.TToolButton.SetImageIndex
 0001:0009683C       ComCtrls.TToolButton.SetIndeterminate
 0001:00096800       ComCtrls.TToolButton.SetMarked
 0001:00096888       ComCtrls.TToolButton.SetMenuItem
 0001:00096900       ComCtrls.TToolButton.SetStyle
 0001:000969E4       ComCtrls.TToolButton.SetWrap
 0001:00096A6C       ComCtrls.TToolButton.UpdateControl
 0001:00096C20       ComCtrls.TToolButton.ValidateContainer
 0001:0009C4A4       ComCtrls.TToolButtonActionLink.AssignClient
 0001:0009C4C8       ComCtrls.TToolButtonActionLink.IsCheckedLinked
 0001:0009C4FC       ComCtrls.TToolButtonActionLink.IsDropdownMenuLinked
 0001:0009C534       ComCtrls.TToolButtonActionLink.IsEnableDropdownLinked
 0001:0009C56C       ComCtrls.TToolButtonActionLink.IsImageIndexLinked
 0001:0009C5A4       ComCtrls.TToolButtonActionLink.SetChecked
 0001:0009C5C4       ComCtrls.TToolButtonActionLink.SetDropdownMenu
 0001:0009C5E4       ComCtrls.TToolButtonActionLink.SetEnableDropdown
 0001:0009C604       ComCtrls.TToolButtonActionLink.SetImageIndex
 0001:000992EC       ComCtrls.WrapHorz
 0001:00099634       ComCtrls.WrapSizeHorz
 0001:00099518       ComCtrls.WrapSizeVert
 0004:00003CC0       CommCtrl.ComCtl32DLL
 0001:0002E468       CommCtrl.FlatSB_GetScrollInfo
 0001:0002E470       CommCtrl.FlatSB_GetScrollPos
 0001:0002E478       CommCtrl.FlatSB_SetScrollInfo
 0001:0002E480       CommCtrl.FlatSB_SetScrollPos
 0001:0002E488       CommCtrl.FlatSB_SetScrollProp
 0001:0002E3D8       CommCtrl.ImageList_Add
 0001:0002E408       CommCtrl.ImageList_BeginDrag
 0001:0002E3B8       CommCtrl.ImageList_Create
 0001:0002E3C0       CommCtrl.ImageList_Destroy
 0001:0002E418       CommCtrl.ImageList_DragEnter
 0001:0002E420       CommCtrl.ImageList_DragLeave
 0001:0002E428       CommCtrl.ImageList_DragMove
 0001:0002E430       CommCtrl.ImageList_DragShowNolock
 0001:0002E3F0       CommCtrl.ImageList_Draw
 0001:0002E3F8       CommCtrl.ImageList_DrawEx
 0001:0002E410       CommCtrl.ImageList_EndDrag
 0001:0002E3E8       CommCtrl.ImageList_GetBkColor
 0001:0002E438       CommCtrl.ImageList_GetDragImage
 0001:0002E450       CommCtrl.ImageList_GetIconSize
 0001:0002E3C8       CommCtrl.ImageList_GetImageCount
 0001:0002E440       CommCtrl.ImageList_Read
 0001:0002E400       CommCtrl.ImageList_Remove
 0001:0002E3E0       CommCtrl.ImageList_SetBkColor
 0001:0002E458       CommCtrl.ImageList_SetIconSize
 0001:0002E3D0       CommCtrl.ImageList_SetImageCount
 0001:0002E448       CommCtrl.ImageList_Write
 0001:0002E304       CommCtrl.InitComCtl
 0001:0002E2FC       CommCtrl.InitCommonControls
 0001:0002E384       CommCtrl.InitCommonControlsEx
 0001:0002E490       CommCtrl.InitializeFlatSB
 0001:0002E498       CommCtrl.TaskDialogIndirect
 0004:00003CC4       CommCtrl._InitCommonControlsEx
 0004:00003CC8       CommCtrl._TaskDialogIndirect
 0001:0002E460       CommCtrl._TrackMouseEvent
 0001:0002E538       CommDlg.GetSaveFileNameA
 0001:0002E540       CommDlg.PrintDlg
 0004:00006820       ComObj..41
 0001:000D9EC4       ComObj..EOleError
 0001:000D9FA0       ComObj..EOleException
 0001:000D9F30       ComObj..EOleSysError
 0001:000DAAF4       ComObj.ClearExcepInfo
 0003:000089E4       ComObj.CoAddRefServerProcess
 0003:000089DC       ComObj.CoCreateInstanceEx
 0003:000089F4       ComObj.CoInitFlags
 0003:000089E0       ComObj.CoInitializeEx
 0004:00006828       ComObj.ComClassManagerVar
 0002:00000A90       ComObj.ComObj
 0003:000089E8       ComObj.CoReleaseServerProcess
 0003:000089EC       ComObj.CoResumeClassObjects
 0003:000089F0       ComObj.CoSuspendClassObjects
 0001:000DA50C       ComObj.DispatchInvoke
 0001:000DAAE8       ComObj.DispatchInvokeError
 0001:000DAB04       ComObj.DispCall
 0001:000DABE8       ComObj.DispCallByID
 0001:000DAA14       ComObj.DispCallError
 0001:000DA1C4       ComObj.EOleException.Create
 0001:000DA0F0       ComObj.EOleSysError.Create
 0001:000DAD40       ComObj.Finalization
 0001:000DA87C       ComObj.GetIDsOfNames
 0001:000DACC4       ComObj.InitComObj
 0001:000DA288       ComObj.LoadComExProcs
 0004:00006830       ComObj.NeedToUninitialize
 0001:000DA278       ComObj.OleCheck
 0001:000DA25C       ComObj.OleError
 0004:00006824       ComObj.OleUninitializing
 0001:000DA960       ComObj.RaiseException
 0001:000DA848       ComObj.RaiseNameException
 0001:000DA40C       ComObj.SafeCallError
 0004:0000682C       ComObj.SaveInitProc
 0003:000089F8       ComObj.ThreadStrs
 0001:000DA094       ComObj.TrimPunctuation
 0001:000DA978       ComObj.VarDispInvoke
 0001:00076EB4       Contnrs..TOrderedList
 0001:00076F28       Contnrs..TStack
 0001:00076FAC       Contnrs.TOrderedList.Create
 0001:00076FF0       Contnrs.TOrderedList.Destroy
 0001:00077020       Contnrs.TOrderedList.PeekItem
 0001:00076F94       Contnrs.TOrderedList.Pop
 0001:00077034       Contnrs.TOrderedList.PopItem
 0001:00076F9C       Contnrs.TOrderedList.Push
 0001:00077054       Contnrs.TStack.PushItem
 0004:00006310       Controls..73
 0001:000A8720       Controls..TBaseDragControlObject
 0001:000A9B30       Controls..TControl
 0001:000A8C44       Controls..TControlActionLink
 0001:000A8AA4       Controls..TControlCanvas
 0001:000AA7F4       Controls..TCustomControl
 0001:000A8B50       Controls..TCustomControlAction
 0001:000AB314       Controls..TCustomHint
 0001:000AB298       Controls..TCustomHintShowHideThread
 0001:000AB0E8       Controls..TCustomHintWindow
 0001:000AAF94       Controls..TDockTree
 0001:000AAE3C       Controls..TDockZone
 0001:000A87F0       Controls..TDragControlObject
 0001:000A8888       Controls..TDragControlObjectEx
 0001:000A8924       Controls..TDragDockObject
 0001:000A89F8       Controls..TDragDockObjectEx
 0001:000AAB10       Controls..TDragImageList
 0001:000A8670       Controls..TDragObject
 0001:000AA6C4       Controls..TGraphicControl
 0001:000AA970       Controls..THintWindow
 0001:000AABE8       Controls..TImageList
 0001:000A90AC       Controls..TMargins
 0001:000AB044       Controls..TMouse
 0001:000A91D0       Controls..TPadding
 0001:000ABAB0       Controls..TSiteList
 0001:000A8F54       Controls..TSizeConstraints
 0001:000AA298       Controls..TWinControl
 0001:000A9FFC       Controls..TWinControlActionLink
 0001:000AC130       Controls.AbsMin
 0004:00006344       Controls.ActiveDrag
 0001:000B28BC       Controls.AlignNestedControls
 0001:000B2868       Controls.AlignWork
 0003:00008520       Controls.AnchorAlign
 0003:00008514       Controls.AnimateWindowProc
 0003:0000861C       Controls.AnimationStyle
 0001:000AF1D8       Controls.BackgroundClipped
 0001:000BC7D4       Controls.CalcSplitterPos
 0001:000AD1C0       Controls.CancelDrag
 0004:00006358       Controls.CanvasList
 0003:000085D8       Controls.CaptureControl
 0001:000AB47C       Controls.ChangeBiDiModeAlignment
 0001:000ACE28       Controls.CheckUndock
 0001:000B9504       Controls.ClientToWindow
 0004:00006316       Controls.ControlAtom
 0004:0000631C       Controls.ControlAtomString
 0002:00000888       Controls.Controls
 0003:0000851C       Controls.CreationControl
 0003:00008614       Controls.Ctl3DStyles
 0003:00008528       Controls.Cursors
 0001:000AB944       Controls.CursorToIdent
 0003:00008518       Controls.DefaultDockTreeClass
 0001:000B3C28       Controls.DestroyChildWindow
 0001:000B2B34       Controls.DoAdjustSize
 0001:000B26DC       Controls.DoAlign
 0001:000B7D54       Controls.DoCalcConstraints
 0004:0000634C       Controls.DockSiteList
 0001:000B4AFC       Controls.DoControlMsg
 0001:000AC730       Controls.DoDragOver
 0001:000BA1F4       Controls.DoFindControlZone
 0001:000BA91C       Controls.DoFindZone
 0001:000BA278       Controls.DoForEach
 0001:000BBFA0       Controls.DoGetNextLimit
 0001:000BD0CC       Controls.DoneControls
 0001:000B2694       Controls.DoPosition
 0001:000BB43C       Controls.DoPrune
 0001:000BB984       Controls.DoSaveZone
 0001:000BBC88       Controls.DoSetNewBounds
 0001:000B38BC       Controls.DoWriteDesignSize
 0001:000B05C4       Controls.DoWriteExplicit
 0001:000B0590       Controls.DoWriteIsControl
 0004:00006330       Controls.DragCapture
 0004:00006324       Controls.DragControl
 0001:000ACE9C       Controls.DragDone
 0001:000AC6E0       Controls.DragFindTarget
 0001:000AC6B4       Controls.DragFindWindow
 0004:00006348       Controls.DragImageList
 0001:000ACAF4       Controls.DragInit
 0001:000ACC64       Controls.DragInitControl
 0004:0000632C       Controls.DragInternalObject
 0001:000AC5FC       Controls.DragMessage
 0004:00006328       Controls.DragObject
 0004:00006354       Controls.DragSave
 0004:0000633C       Controls.DragSaveCursor
 0004:00006334       Controls.DragStartPos
 0004:00006340       Controls.DragThreshold
 0001:000AC80C       Controls.DragTo
 0001:000BAEC0       Controls.DrawCloseButton
 0001:000BAF54       Controls.DrawGrabberLine
 0001:000BAFDC       Controls.DrawThemedGrabber
 0001:000B4FAC       Controls.DrawThemeEdge
 0003:00008604       Controls.EdgeStyles
 0001:000BE6C8       Controls.Finalization
 0001:000AB5D4       Controls.FindControl
 0001:000AD20C       Controls.FindDragTarget
 0001:000AD1D8       Controls.FindVCLWindow
 0004:0000635C       Controls.FlagControl
 0001:000AD2D0       Controls.FreeDeviceContext
 0001:000AD38C       Controls.FreeDeviceContexts
 0001:000ABA44       Controls.GetCaptureControl
 0001:000B2504       Controls.GetClientSize
 0001:000B4134       Controls.GetControlAtPos
 0001:000BC080       Controls.GetDockAlign
 0001:000AC454       Controls.GetDockSiteAtPos
 0001:000AC76C       Controls.GetDropCtl
 0001:000B9F20       Controls.GetLastChildZone
 0001:000AB9AC       Controls.GetLongHint
 0001:000AB964       Controls.GetShortHint
 0001:000ABB5C       Controls.GetTopParent
 0001:000BC0FC       Controls.HideZone
 0001:000AB954       Controls.IdentToCursor
 0003:00008644       Controls.IMM32DLL
 0001:000BD0B8       Controls.Imm32IsIME
 0001:000BD16C       Controls.InitControls
 0001:000BCC84       Controls.InitIMM32
 0001:000AB490       Controls.InitWndProc
 0003:000085E4       Controls.InnerStyles
 0001:000B2564       Controls.InsertBefore
 0001:000AC214       Controls.IsBeforeTargetWindow
 0001:000AC654       Controls.IsDelphiHandle
 0001:000B9938       Controls.IsOrientationSet
 0001:000AC410       Controls.IsSiteChildOfClient
 0001:000AB630       Controls.IsVCLControl
 0004:00006304       Controls.IsVCLControlHook
 0001:000BE15C       Controls.LatestHintWindow
 0001:000AD258       Controls.ListAdd
 0001:000AD280       Controls.ListRemove
 0003:00008630       Controls.MakeLast
 0001:000B1758       Controls.MinVar
 0003:00008648       Controls.ModeMap
 0004:00006300       Controls.Mouse
 0001:000AD2A0       Controls.MoveWindowOrg
 0004:0000630C       Controls.NewStyleControls
 0001:000B991C       Controls.NextVisibleZone
 0001:000AB5A0       Controls.ObjectFromHWnd
 0003:00008628       Controls.OrientArray
 0003:000085F4       Controls.OuterStyles
 0001:000B9D48       Controls.ParentNotLast
 0001:000AB9F4       Controls.PerformEraseBackground
 0001:000B38A8       Controls.PointsEqual
 0004:00006350       Controls.QualifyingSites
 0001:000BAAB8       Controls.ReadControlName
 0001:000AC5A0       Controls.RegisterDockSite
 0004:00006320       Controls.RM_GetObjectInstance
 0001:000AB660       Controls.SendAppMessage
 0001:000ABA6C       Controls.SetCaptureControl
 0001:000BCFE0       Controls.SetImeMode
 0001:000B1094       Controls.SetParentColor
 0003:000085DC       Controls.ShowFlags
 0001:000BC17C       Controls.ShowZone
 0003:0000863C       Controls.SizeCursors
 0001:000ABF30       Controls.TBaseDragControlObject.Assign
 0001:000ABEF4       Controls.TBaseDragControlObject.Create
 0001:000ABF5C       Controls.TBaseDragControlObject.EndDrag
 0001:000ABF80       Controls.TBaseDragControlObject.Finished
 0001:000B1488       Controls.TControl.ActionChange
 0001:000B1878       Controls.TControl.AdjustSize
 0001:000B16AC       Controls.TControl.AssignTo
 0001:000AF51C       Controls.TControl.BeginAutoDrag
 0001:000AF538       Controls.TControl.BeginDrag
 0001:000AF038       Controls.TControl.BringToFront
 0001:000AFF98       Controls.TControl.CalcCursorPos
 0001:000B0150       Controls.TControl.CalcDockSizes
 0001:000AFE98       Controls.TControl.CanAutoSize
 0001:000AFE9C       Controls.TControl.CanResize
 0001:000AE9C0       Controls.TControl.ChangeScale
 0001:000B0BD8       Controls.TControl.CheckNewSize
 0001:000B09C4       Controls.TControl.Click
 0001:000B1AB4       Controls.TControl.ClientToParent
 0001:000AE7C4       Controls.TControl.ClientToScreen
 0001:000B119C       Controls.TControl.CMBiDiModeChanged
 0001:000B1088       Controls.TControl.CMColorChanged
 0001:000B1314       Controls.TControl.CMDesignHitTest
 0001:000B1070       Controls.TControl.CMEnabledChanged
 0001:000B1428       Controls.TControl.CMFloat
 0001:000B107C       Controls.TControl.CMFontChanged
 0001:000B1904       Controls.TControl.CMHintShow
 0001:000B1244       Controls.TControl.CMHitTest
 0001:000B1BC4       Controls.TControl.CMMouseActivate
 0001:000B124C       Controls.TControl.CMMouseEnter
 0001:000B12B0       Controls.TControl.CMMouseLeave
 0001:000B112C       Controls.TControl.CMMouseWheel
 0001:000B1108       Controls.TControl.CMParentBiDiModeChanged
 0001:000B10CC       Controls.TControl.CMParentColorChanged
 0001:000B11F4       Controls.TControl.CMParentFontChanged
 0001:000B11B8       Controls.TControl.CMParentShowHintChanged
 0001:000B1224       Controls.TControl.CMSysFontChanged
 0001:000B1048       Controls.TControl.CMVisibleChanged
 0001:000AFF68       Controls.TControl.ConstrainedResize
 0001:000ADB0C       Controls.TControl.Create
 0001:000B131C       Controls.TControl.CreateFloatingDockSite
 0001:000B0A3C       Controls.TControl.DblClick
 0001:000AF9C4       Controls.TControl.DefaultDockImage
 0001:000B04DC       Controls.TControl.DefaultHandler
 0001:000B07E4       Controls.TControl.DefineProperties
 0001:000AFFC4       Controls.TControl.DesignWndProc
 0001:000ADC1C       Controls.TControl.Destroy
 0001:000B1588       Controls.TControl.DoActionChange
 0001:000AFECC       Controls.TControl.DoCanAutoSize
 0001:000AFF38       Controls.TControl.DoCanResize
 0001:000AE470       Controls.TControl.Dock
 0001:000AF7B0       Controls.TControl.DockTrackNoTarget
 0001:000AFFF8       Controls.TControl.DoConstrainedResize
 0001:000AFE8C       Controls.TControl.DoConstraintsChange
 0001:000B1A74       Controls.TControl.DoContextPopup
 0001:000AE59C       Controls.TControl.DoDock
 0001:000AFB10       Controls.TControl.DoDragMsg
 0001:000AF7C8       Controls.TControl.DoEndDock
 0001:000AF6B0       Controls.TControl.DoEndDrag
 0001:000B1BE8       Controls.TControl.DoMarginChange
 0001:000AF824       Controls.TControl.DoMouseActivate
 0001:000B0A94       Controls.TControl.DoMouseDown
 0001:000B0E08       Controls.TControl.DoMouseUp
 0001:000AF858       Controls.TControl.DoMouseWheel
 0001:000AF92C       Controls.TControl.DoMouseWheelDown
 0001:000AF978       Controls.TControl.DoMouseWheelUp
 0001:000AF7F4       Controls.TControl.DoStartDock
 0001:000AF690       Controls.TControl.DoStartDrag
 0001:000AF618       Controls.TControl.DragCanceled
 0001:000AF664       Controls.TControl.DragDrop
 0001:000AF61C       Controls.TControl.Dragging
 0001:000AF628       Controls.TControl.DragOver
 0001:000AFAF0       Controls.TControl.DrawDragDockImage
 0001:000B1898       Controls.TControl.DrawTextBiDiModeFlags
 0001:000B18D8       Controls.TControl.DrawTextBiDiModeFlagsReadingOnly
 0001:000AFB00       Controls.TControl.EraseDragDockImage
 0001:000AEE48       Controls.TControl.FontChanged
 0001:000ADDAC       Controls.TControl.GetAction
 0001:000B15AC       Controls.TControl.GetActionLinkClass
 0001:000B1BFC       Controls.TControl.GetAlignWithMargins
 0001:000AE654       Controls.TControl.GetBoundsRect
 0001:000AE6F4       Controls.TControl.GetClientHeight
 0001:000AE734       Controls.TControl.GetClientOrigin
 0001:000AE698       Controls.TControl.GetClientRect
 0001:000AE6B0       Controls.TControl.GetClientWidth
 0001:000AF4CC       Controls.TControl.GetControlsAlignment
 0001:000B0128       Controls.TControl.GetCustomHint
 0001:000AF130       Controls.TControl.GetDeviceContext
 0001:000B1794       Controls.TControl.GetDockEdge
 0001:000ADCF0       Controls.TControl.GetDragImages
 0001:000ADF3C       Controls.TControl.GetDragMode
 0001:000ADCF4       Controls.TControl.GetEnabled
 0001:000B1844       Controls.TControl.GetFloating
 0001:000B1870       Controls.TControl.GetFloatingDockSiteClass
 0001:000AF000       Controls.TControl.GetMouseCapture
 0001:000ADCFC       Controls.TControl.GetPalette
 0001:000ADD08       Controls.TControl.GetParentComponent
 0001:000B0BD4       Controls.TControl.GetPopupMenu
 0001:000AED90       Controls.TControl.GetText
 0001:000AED38       Controls.TControl.GetTextBuf
 0001:000AED28       Controls.TControl.GetTextLen
 0001:000AED44       Controls.TControl.GetUndockHeight
 0001:000AED58       Controls.TControl.GetUndockWidth
 0001:000ADD00       Controls.TControl.HasParent
 0001:000B18F4       Controls.TControl.InitiateAction
 0001:000AF2F4       Controls.TControl.Invalidate
 0001:000AF260       Controls.TControl.InvalidateControl
 0001:000ADED8       Controls.TControl.IsAnchorsStored
 0001:000AEEBC       Controls.TControl.IsBiDiModeStored
 0001:000B15B4       Controls.TControl.IsCaptionStored
 0001:000AEF94       Controls.TControl.IsColorStored
 0001:000B15D4       Controls.TControl.IsEnabledStored
 0001:000AEE9C       Controls.TControl.IsFontStored
 0001:000B1614       Controls.TControl.IsHelpContextStored
 0001:000B15F4       Controls.TControl.IsHintStored
 0001:000B1654       Controls.TControl.IsOnClickStored
 0001:000AEEB0       Controls.TControl.IsShowHintStored
 0001:000B1634       Controls.TControl.IsVisibleStored
 0001:000B1674       Controls.TControl.Loaded
 0001:000AFC00       Controls.TControl.ManualDock
 0001:000AFDEC       Controls.TControl.ManualFloat
 0001:000AF308       Controls.TControl.MouseActivate
 0001:000B0A5C       Controls.TControl.MouseDown
 0001:000B0D24       Controls.TControl.MouseMove
[...]
 0004:00003D88       SysUtils.ShortTimeFormat
 0004:00003D8C       SysUtils.LongTimeFormat
 0004:00003D90       SysUtils.ShortMonthNames
 0004:00003DC0       SysUtils.LongMonthNames
 0004:00003DF0       SysUtils.ShortDayNames
 0004:00003E0C       SysUtils.LongDayNames
 0004:00003E28       SysUtils.SysLocale
 0004:00003E36       SysUtils.ListSeparator
 0004:00003E38       SysUtils.EraNames
 0004:00003E54       SysUtils.EraYearOffsets
 0004:00003E70       SysUtils.TrueBoolStrs
 0004:00003E74       SysUtils.FalseBoolStrs
 0004:00003E78       SysUtils.TEncoding.FASCIIEncoding
 0004:00003E7C       SysUtils.TEncoding.FBigEndianUnicodeEncoding
 0004:00003E80       SysUtils.TEncoding.FDefaultEncoding
 0004:00003E84       SysUtils.TEncoding.FUnicodeEncoding
 0004:00003E88       SysUtils.TEncoding.FUTF7Encoding
 0004:00003E8C       SysUtils.TEncoding.FUTF8Encoding
 0004:00003E90       SysUtils..36
 0004:00003E94       SysUtils.OutOfMemory
 0004:00003E98       SysUtils.InvalidPointer
 0004:00003E9C       SysUtils.SyncEventCache
 0004:00003F9C       SysUtils.EventCache
 0004:00003FA0       SysUtils.EventItemHolders
 0004:00003FA4       SysUtils.ValidatedUnitHashBuckets
 0004:00004F98       SysUtils.UnitHashBuckets
 0004:00005F8C       SysUtils.FLanguages
 0004:00005F90       VarUtils.VariantChangeTypeEx
 0004:00005F94       VarUtils.VarNeg
 0004:00005F98       VarUtils.VarNot
 0004:00005F9C       VarUtils.VarAdd
 0004:00005FA0       VarUtils.VarSub
 0004:00005FA4       VarUtils.VarMul
 0004:00005FA8       VarUtils.VarDiv
 0004:00005FAC       VarUtils.VarIDiv
 0004:00005FB0       VarUtils.VarMod
 0004:00005FB4       VarUtils.VarAnd
 0004:00005FB8       VarUtils.VarOr
 0004:00005FBC       VarUtils.VarXor
 0004:00005FC0       VarUtils.VarCmp
 0004:00005FC4       VarUtils.VarI4FromStr
 0004:00005FC8       VarUtils.VarR4FromStr
 0004:00005FCC       VarUtils.VarR8FromStr
 0004:00005FD0       VarUtils.VarDateFromStr
 0004:00005FD4       VarUtils.VarCyFromStr
 0004:00005FD8       VarUtils.VarBoolFromStr
 0004:00005FDC       VarUtils.VarBstrFromCy
 0004:00005FE0       VarUtils.VarBstrFromDate
 0004:00005FE4       VarUtils.VarBstrFromBool
 0004:00005FE8       VarUtils..5
 0004:00005FEC       Variants.EmptyParam
 0004:00005FFC       Variants.VarDispProc
 0004:00006000       Variants.ClearAnyProc
 0004:00006004       Variants.ChangeAnyProc
 0004:00006008       Variants.RefAnyProc
 0004:0000600C       Variants..81
 0004:00006010       Variants.LVarTypes
 0004:00006014       Variants.LVarTypeSync
 0004:0000602C       TypInfo..5
 0004:00006030       Classes.GlobalNameSpace
 0004:00006034       Classes.IsUniqueGlobalComponentNameProc
 0004:00006038       Classes.SyncEvent
 0004:0000603C       Classes..66
 0004:00006040       Classes.IntConstList
 0004:00006044       Classes.RegGroups
 0004:00006048       Classes.FindGlobalComponentProcs
 0004:0000604C       Classes.GlobalFixupList
 0004:00006050       Classes.ThreadLock
 0004:00006068       Classes.ThreadCount
 0004:0000606C       Classes.ExternalThreads
 0004:00006070       Classes.InstBlockList
 0004:00006074       Classes.InstFreeList
 0004:00006078       HelpIntfs..2
 0004:0000607C       HelpIntfs.HelpManager
 0004:00006080       MultiMon.GetSystemMetrics
 0004:00006084       MultiMon.MonitorFromWindow
 0004:00006088       MultiMon.MonitorFromRect
 0004:0000608C       MultiMon.MonitorFromPoint
 0004:00006090       MultiMon.GetMonitorInfo
 0004:00006094       MultiMon.GetMonitorInfoA
 0004:00006098       MultiMon.GetMonitorInfoW
 0004:0000609C       MultiMon.EnumDisplayMonitors
 0004:000060A0       MultiMon..1
 0004:000060A4       MultiMon.User32Dll
 0004:000060A8       MultiMon.InitApis
 0004:000060B0       MultiMon.MMAvailable
 0004:000060B4       IniFiles..7
 0004:000060B8       Registry..5
 0004:000060BC       Graphics.SystemPalette16
 0004:000060C0       Graphics..12
 0004:000060C4       Graphics.ScreenLogPixels
 0004:000060C8       Graphics.StockPen
 0004:000060CC       Graphics.StockBrush
 0004:000060D0       Graphics.StockFont
 0004:000060D4       Graphics.StockIcon
 0004:000060D8       Graphics.BitmapImageLock
 0004:000060F0       Graphics.CounterLock
 0004:00006108       Graphics.FontManager
 0004:0000610C       Graphics.PenManager
 0004:00006110       Graphics.BrushManager
 0004:00006114       Graphics.CanvasList
 0004:00006118       Graphics.PatternManager
 0004:0000611C       SyncObjs..01
 0004:00006120       SyncObjs.CoWaitForMultipleHandlesProc
 0004:00006124       SyncObjs.InitializeConditionVariableProc
 0004:00006128       SyncObjs.SleepConditionVariableCSProc
 0004:0000612C       SyncObjs.WakeConditionVariableProc
 0004:00006130       SyncObjs.WakeAllConditionVariableProc
 0004:00006134       UxTheme.OpenThemeData
 0004:00006138       UxTheme.CloseThemeData
 0004:0000613C       UxTheme.DrawThemeBackground
 0004:00006140       UxTheme.DrawThemeText
 0004:00006144       UxTheme.GetThemeBackgroundContentRect
 0004:00006148       UxTheme.GetThemeBackgroundExtent
 0004:0000614C       UxTheme.GetThemePartSize
 0004:00006150       UxTheme.GetThemeTextExtent
 0004:00006154       UxTheme.GetThemeTextMetrics
 0004:00006158       UxTheme.GetThemeBackgroundRegion
 0004:0000615C       UxTheme.HitTestThemeBackground
 0004:00006160       UxTheme.DrawThemeEdge
 0004:00006164       UxTheme.DrawThemeIcon
 0004:00006168       UxTheme.IsThemePartDefined
 0004:0000616C       UxTheme.IsThemeBackgroundPartiallyTransparent
 0004:00006170       UxTheme.GetThemeColor
 0004:00006174       UxTheme.GetThemeMetric
 0004:00006178       UxTheme.GetThemeString
 0004:0000617C       UxTheme.GetThemeBool
 0004:00006180       UxTheme.GetThemeInt
 0004:00006184       UxTheme.GetThemeEnumValue
 0004:00006188       UxTheme.GetThemePosition
 0004:0000618C       UxTheme.GetThemeFont
 0004:00006190       UxTheme.GetThemeRect
 0004:00006194       UxTheme.GetThemeMargins
 0004:00006198       UxTheme.GetThemeIntList
 0004:0000619C       UxTheme.GetThemePropertyOrigin
 0004:000061A0       UxTheme.SetWindowTheme
 0004:000061A4       UxTheme.GetThemeFilename
 0004:000061A8       UxTheme.GetThemeSysColor
 0004:000061AC       UxTheme.GetThemeSysColorBrush
 0004:000061B0       UxTheme.GetThemeSysBool
 0004:000061B4       UxTheme.GetThemeSysSize
 0004:000061B8       UxTheme.GetThemeSysFont
 0004:000061BC       UxTheme.GetThemeSysString
 0004:000061C0       UxTheme.GetThemeSysInt
 0004:000061C4       UxTheme.IsThemeActive
 0004:000061C8       UxTheme.IsAppThemed
 0004:000061CC       UxTheme.GetWindowTheme
 0004:000061D0       UxTheme.EnableThemeDialogTexture
 0004:000061D4       UxTheme.IsThemeDialogTextureEnabled
 0004:000061D8       UxTheme.GetThemeAppProperties
 0004:000061DC       UxTheme.SetThemeAppProperties
 0004:000061E0       UxTheme.GetCurrentThemeName
 0004:000061E4       UxTheme.GetThemeDocumentationProperty
 0004:000061E8       UxTheme.DrawThemeParentBackground
 0004:000061EC       UxTheme.EnableTheming
 0004:000061F0       UxTheme..1
 0004:000061F4       UxTheme.ThemeLibrary
 0004:000061F8       UxTheme.ReferenceCount
 0004:000061FC       UxTheme.Lock
 0004:00006200       UxTheme._DrawThemeTextEx
 0004:00006204       UxTheme._BeginBufferedPaint
 0004:00006208       UxTheme._EndBufferedPaint
 0004:0000620C       UxTheme._BufferedPaintSetAlpha
 0004:00006210       DwmApi..1
 0004:00006214       DwmApi.hDWMAPI
 0004:00006218       DwmApi._DwmExtendFrameIntoClientArea
 0004:0000621C       DwmApi._DwmIsCompositionEnabled
 0004:00006220       GraphUtil..2
 0004:00006224       GraphUtil.MsImgHandle
 0004:00006228       GraphUtil.MsImgInitialized
 0004:0000622C       GraphUtil.GradientFillFunc
 0004:00006230       Printers..3
 0004:00006234       Clipbrd.CF_PICTURE
 0004:00006236       Clipbrd.CF_COMPONENT
 0004:00006238       Clipbrd..3
 0004:0000623C       Clipbrd.FClipboard
 0004:00006240       ExtCtrls.TCustomTrayIcon.RM_TaskbarCreated
 0004:00006244       ExtCtrls..94
 0004:00006248       ComCtrls..96
 0004:0000624C       ComCtrls.ComCtlVersion
 0004:00006250       ComCtrls.ConversionFormatList
 0004:00006254       ComCtrls.ShellModule
 0004:00006258       ComCtrls.FRichEditModule
 0004:0000625C       ComCtrls.ToolMenuHook
 0004:00006260       ComCtrls.MenuToolBar
 0004:00006264       ComCtrls.MenuToolBar2
 0004:00006268       ComCtrls.MenuButtonIndex
 0004:0000626C       ComCtrls.LastMenuItem
 0004:00006270       ComCtrls.LastMousePos
 0004:00006278       ComCtrls.StillModal
 0004:0000627C       ComCtrls.ToolMenuKeyHook
 0004:00006280       Dialogs..03
 0004:00006284       Dialogs.HelpMsg
 0004:00006288       Dialogs.FindMsg
 0004:0000628C       Dialogs.ButtonWidths
 0004:000062BC       FlatSB.FlatSB_EnableScrollBar
 0004:000062C0       FlatSB.FlatSB_ShowScrollBar
 0004:000062C4       FlatSB.FlatSB_GetScrollRange
 0004:000062C8       FlatSB.FlatSB_GetScrollInfo
 0004:000062CC       FlatSB.FlatSB_GetScrollPos
 0004:000062D0       FlatSB.FlatSB_SetScrollPos
 0004:000062D4       FlatSB.FlatSB_SetScrollInfo
 0004:000062D8       FlatSB.FlatSB_SetScrollRange
 0004:000062DC       FlatSB..1
 0004:000062E0       FlatSB._FlatSB_GetScrollProp
 0004:000062E4       FlatSB._FlatSB_SetScrollProp
 0004:000062E8       FlatSB._InitializeFlatSB
 0004:000062EC       FlatSB._UninitializeFlatSB
 0004:000062F0       Menus.PopupList
 0004:000062F4       Menus.ShortCutItems
 0004:000062F8       Menus..01
 0004:000062FC       Menus.CommandPool
 0004:00006300       Controls.Mouse
 0004:00006304       Controls.IsVCLControlHook
 0004:0000630C       Controls.NewStyleControls
 0004:00006310       Controls..73
 0004:00006314       Controls.WindowAtom
 0004:00006316       Controls.ControlAtom
 0004:00006318       Controls.WindowAtomString
 0004:0000631C       Controls.ControlAtomString
 0004:00006320       Controls.RM_GetObjectInstance
 0004:00006324       Controls.DragControl
 0004:00006328       Controls.DragObject
 0004:0000632C       Controls.DragInternalObject
 0004:00006330       Controls.DragCapture
 0004:00006334       Controls.DragStartPos
 0004:0000633C       Controls.DragSaveCursor
 0004:00006340       Controls.DragThreshold
 0004:00006344       Controls.ActiveDrag
 0004:00006348       Controls.DragImageList
 0004:0000634C       Controls.DockSiteList
 0004:00006350       Controls.QualifyingSites
 0004:00006354       Controls.DragSave
 0004:00006358       Controls.CanvasList
 0004:0000635C       Controls.FlagControl
 0004:00006360       Controls._WINNLSEnableIME
 0004:00006364       Controls._ImmGetContext
 0004:00006368       Controls._ImmReleaseContext
 0004:0000636C       Controls._ImmGetConversionStatus
 0004:00006370       Controls._ImmSetConversionStatus
 0004:00006374       Controls._ImmSetOpenStatus
 0004:00006378       Controls._ImmSetCompositionWindow
 0004:0000637C       Controls._ImmSetCompositionFont
 0004:00006380       Controls._ImmGetCompositionString
 0004:00006384       Controls._ImmIsIME
 0004:00006388       Controls._ImmNotifyIME
 0004:0000638C       Themes..2
 0004:00006390       Themes.InternalServices
 0004:00006394       Themes.RM_UnthemedDesigner
 0004:00006398       ImgList.CachedComCtrlVer
 0004:0000639C       ImgList.ImageListWriteExProc
 0004:000063A0       ActnList..9
 0004:000063A4       Forms.Application
 0004:000063A8       Forms.Screen
 0004:000063AC       Forms..51
 0004:000063B0       Forms.RM_TaskbarCreated
 0004:000063B4       Forms.HintThreadID
 0004:000063B8       Forms.HintDoneEvent
 0004:000063BC       Forms.HintHook
 0004:000063C0       Forms.HintThread
 0004:000063C4       Forms.IdleTimerHandle
 0004:000063C8       Forms.IdleTimerDelegate
 0004:000063CC       Buttons..5
 0004:000063D0       Buttons.BitBtnGlyphs
 0004:000063FC       pngimage..83
 0004:00006400       pngimage.ChunkClasses
 0004:00006404       pngimage.crc_table
 0004:00006804       pngimage.crc_table_computed
 0004:00006808       GDIPOBJ.StartupInput
 0004:00006818       GDIPOBJ.gdiplusToken
 0004:0000681C       GDIPOBJ..62
 0004:00006820       ComObj..41
 0004:00006824       ComObj.OleUninitializing
 0004:00006828       ComObj.ComClassManagerVar
 0004:0000682C       ComObj.SaveInitProc
 0004:00006830       ComObj.NeedToUninitialize
 0004:00006834       AxCtrls..02
 0004:00006838       AxCtrls.xParkingWindow
 0004:0000683C       AxCtrls.OlePro32DLL
 0004:00006840       AxCtrls._OleCreatePropertyFrame
 0004:00006844       AxCtrls._OleCreateFontIndirect
 0004:00006848       AxCtrls._OleCreatePictureIndirect
 0004:0000684C       AxCtrls._OleLoadPicture
 0004:00006850       Unit3.Form1
 0004:00006854       Unit3..2
 0005:00000000       System.RaiseListPtr
 0005:00000004       System.InOutRes
 0005:00000008       madExcept.LastExceptObject
 0005:0000000C       madExcept.LastExceptAddr
 0005:00000010       madExcept.LastContext
 0005:000000DC       madExcept.isapiBugReport
 0005:000000E0       madExcept.isapiExceptAddr
 0005:000000E4       Classes.GlobalLoaded
 0005:000000E8       Classes.GlobalLists
 0005:000000EC       Classes.InternalCurrentThread
 0005:000000F0       SyncObjs.OleThreadWnd
 0005:000000F4       GraphUtil.CachedRGBToHLSclrRGB
 0005:000000F8       GraphUtil.CachedRGBToHLSHue
 0005:000000FA       GraphUtil.CachedRGBToHLSLum
 0005:000000FC       GraphUtil.CachedRGBToHLSSat
 0005:00000100       GraphUtil.CachedHighlightLum
 0005:00000104       GraphUtil.CachedHighlightColor
 0005:00000108       GraphUtil.CachedHighlight
 0005:0000010C       GraphUtil.CachedShadowLum
 0005:00000110       GraphUtil.CachedShadowColor
 0005:00000114       GraphUtil.CachedShadow
 0005:00000118       GraphUtil.CachedColorValue
 0005:0000011C       GraphUtil.CachedLumValue
 0005:00000120       GraphUtil.CachedColorAdjustLuma
 0005:00000124       SysInit.TlsLast


Line numbers for madLinkDisAsm(madLinkDisAsm.pas) segment .itext

    19 0002:000001A4    27 0002:000001AD    30 0002:000001BA

Line numbers for JwaWinDLLNames(JwaWinDLLNames.pas) segment .text

   175 0001:00000000

Line numbers for JwaWinNT(JwaWinNT.pas) segment .text

  9776 0001:00000000

Line numbers for JwaWinType(JwaWinType.pas) segment .text

  1929 0001:00000000

Line numbers for JwaWinGDI(JwaWinGDI.pas) segment .text

 13630 0001:00000000

Line numbers for JwaUxTheme(jwauxtheme.pas) segment .text

  1815 0001:00000000

Line numbers for uEffectPNG(uEffectPNG.pas) segment .text

   482 0001:00000000

Line numbers for uEffectPNGToolbar(uEffectPNGToolbar.pas) segment .text

   163 0001:00000000

Line numbers for DirectDraw(DirectDraw.pas) segment .text

  7161 0001:00000000

Line numbers for GDIPAPI(GDIPAPI.pas) segment .text

  6024 0001:000D9B3C  6025 0001:000D9B44  6026 0001:000D9B4C  6027 0001:000D9B54
  6323 0001:000D9B5C  6325 0001:000D9B64  6327 0001:000D9B6C  6400 0001:000D9B74
  6404 0001:000D9B7C  6492 0001:000D9B84  6639 0001:000D9B8C  6640 0001:000D9B8F
  6641 0001:000D9BA5  6644 0001:000D9BA8  6645 0001:000D9BAB  6646 0001:000D9BB2
  6647 0001:000D9BB8  7012 0001:000D9BBA

Line numbers for GDIPOBJ(GDIPOBJ.pas) segment .text

  3791 0001:000D9C84  3792 0001:000D9CB3  3793 0001:000D9CB8  3795 0001:000D9CBE
  3802 0001:000D9CD5  3807 0001:000D9CEA  3837 0001:000D9D28  3838 0001:000D9D33
  3839 0001:000D9D3C  4421 0001:000D9D4C  4422 0001:000D9D65  4423 0001:000D9D6A
  4424 0001:000D9D77  4425 0001:000D9D81  4454 0001:000D9DA0  4455 0001:000D9DAB
  4456 0001:000D9DB4  5609 0001:000D9DC4  5610 0001:000D9DCE  5611 0001:000D9DD9
  5615 0001:000D9DF1  6359 0001:000D9DF8  6360 0001:000D9DFB  6364 0001:000D9DFC
  6365 0001:000D9E03  6366 0001:000D9E05  7993 0001:000D9E08  7995 0001:000D9E21
  7996 0001:000D9E34  7997 0001:000D9E47  7999 0001:000D9E5A  8000 0001:000D9E6D
  8003 0001:000D9E80  8006 0001:000D9E8B

Line numbers for GDIPOBJ(GDIPOBJ.pas) segment .itext

  7980 0002:00000A54  7983 0002:00000A5D  7984 0002:00000A64  7985 0002:00000A6B
  7986 0002:00000A72  7988 0002:00000A7C  7992 0002:00000A8D

Line numbers for JwaDwmapi(Jwadwmapi.pas) segment .text

   834 0001:000DB5E8   838 0001:000DB5F0   842 0001:000DB5F8   870 0001:000DB5FE

Line numbers for uDWMHelper(uDWMHelper.pas) segment .text

    48 0001:00000000

Line numbers for Unit3(Unit3.pas) segment .text

    74 0001:000DB898    75 0001:000DB8BD    77 0001:000DB8D5    80 0001:000DB932
    81 0001:000DB956    83 0001:000DB9A8    84 0001:000DB9CB    86 0001:000DB9D5
    87 0001:000DB9EB    88 0001:000DBA07    89 0001:000DBA15    91 0001:000DBA4D
    93 0001:000DBA5D    96 0001:000DBA65    97 0001:000DBA6B   101 0001:000DBA94
   102 0001:000DBA9D   103 0001:000DBAB3   105 0001:000DBAC6   106 0001:000DBACC
   110 0001:000DBAD4   111 0001:000DBAD7   112 0001:000DBADF   118 0001:000DBAE4
   119 0001:000DBAE8   120 0001:000DBAF2   121 0001:000DBAF7   122 0001:000DBAFD
   124 0001:000DBB0A   127 0001:000DBB10   129 0001:000DBB13   130 0001:000DBB27
   131 0001:000DBB3F   132 0001:000DBB53   135 0001:000DBB58   136 0001:000DBB5B
   137 0001:000DBB6D   138 0001:000DBB76   139 0001:000DBB7D   142 0001:000DBB80
   145 0001:000DBB85   146 0001:000DBB97   143 0001:000DBBA4   148 0001:000DBBB3
   153 0001:000DBBB8   155 0001:000DBBBE   156 0001:000DBBC7   157 0001:000DBBDC
   160 0001:000DBBFE   161 0001:000DBC12   163 0001:000DBC32   164 0001:000DBC3E
   165 0001:000DBC4B   166 0001:000DBC5B   168 0001:000DBC6B   169 0001:000DBC7F
   170 0001:000DBC8D   179 0001:000DBC94   180 0001:000DBCA5   181 0001:000DBCDF
   184 0001:000DBCE8   185 0001:000DBCFB   186 0001:000DBD23   187 0001:000DBD3D
   189 0001:000DBD48   190 0001:000DBD5A   192 0001:000DBD5F   193 0001:000DBD65
   196 0001:000DBD6E   197 0001:000DBD94   199 0001:000DBDA5   200 0001:000DBDAA
   203 0001:000DBDAF   204 0001:000DBDDA   206 0001:000DBDEB   207 0001:000DBDF0
   210 0001:000DBDF5   211 0001:000DBE26   213 0001:000DBE37   214 0001:000DBE3C
   217 0001:000DBE41   218 0001:000DBE7F   220 0001:000DBE90   221 0001:000DBE95
   224 0001:000DBE9A   225 0001:000DBEC3   227 0001:000DBED4   228 0001:000DBED9
   231 0001:000DBEDE   232 0001:000DBF11   234 0001:000DBF22   235 0001:000DBF27
   238 0001:000DBF2C   239 0001:000DBF55   241 0001:000DBF66   242 0001:000DBF6B
   245 0001:000DBF70   246 0001:000DBFA0   248 0001:000DBFB1   249 0001:000DBFB6
   252 0001:000DBFB8   253 0001:000DBFE4   255 0001:000DBFF5   258 0001:000DBFFA
   262 0001:000DC008   263 0001:000DC012   274 0001:000DC03C   275 0001:000DC043
   276 0001:000DC05F   277 0001:000DC069   278 0001:000DC06F   280 0001:000DC074
   282 0001:000DC082   284 0001:000DC08B   285 0001:000DC095   286 0001:000DC09F
   287 0001:000DC0A9   288 0001:000DC0B3   291 0001:000DC0BA   293 0001:000DC0C6
   294 0001:000DC0D4   296 0001:000DC0F3   297 0001:000DC0FC   305 0001:000DC100
   306 0001:000DC109   307 0001:000DC117   308 0001:000DC121   309 0001:000DC129
   310 0001:000DC136   311 0001:000DC13E   312 0001:000DC14C   314 0001:000DC15D
   315 0001:000DC161   317 0001:000DC181   321 0001:000DC1B4   323 0001:000DC1BE

Line numbers for Unit3(Unit3.pas) segment .itext

   325 0002:00000B0C   326 0002:00000B15   327 0002:00000B1F   328 0002:00000B24

Line numbers for Project2(Project2.dpr) segment .itext

    16 0002:00000B28    17 0002:00000B38    18 0002:00000B44    19 0002:00000B5C
    20 0002:00000B68

Bound resource files

c:\program files (x86)\codegear\rad studio\6.0\lib\character.res
c:\program files (x86)\codegear\rad studio\6.0\lib\Controls.res
c:\program files (x86)\codegear\rad studio\6.0\lib\Buttons.res
c:\program files (x86)\codegear\rad studio\6.0\lib\WindowsXP.res
Unit3.dfm
Images.res
Project2.res
Project2.drf


Program entry point at 0002:00000B28
