
 Start         Length     Name                   Class
 0001:00401000 000C131CH .text                   CODE
 0002:004C3000 00000A98H .itext                  ICODE
 0003:004C4000 00008B10H .data                   DATA
 0004:004CD000 00004C78H .bss                    BSS
 0005:00000000 0000011CH .tls                    TLS


Detailed map of segments

 0001:00000000 0000620D C=CODE     S=.text    G=(none)   M=System   ACBP=A9
 0001:00006210 00000105 C=CODE     S=.text    G=(none)   M=SysInit  ACBP=A9
 0001:00006318 00000058 C=CODE     S=.text    G=(none)   M=Types    ACBP=A9
 0001:00006370 00001094 C=CODE     S=.text    G=(none)   M=Windows  ACBP=A9
 0001:00007404 00000EEF C=CODE     S=.text    G=(none)   M=madNVPrgrAlert ACBP=A9
 0001:000082F4 00000152 C=CODE     S=.text    G=(none)   M=madTypes ACBP=A9
 0001:00008448 000045D8 C=CODE     S=.text    G=(none)   M=madZip   ACBP=A9
 0001:0000CA20 00002ABC C=CODE     S=.text    G=(none)   M=madNVBitmap ACBP=A9
 0001:0000F4DC 00002064 C=CODE     S=.text    G=(none)   M=madStrings ACBP=A9
 0001:00011540 00001CD9 C=CODE     S=.text    G=(none)   M=madTools ACBP=A9
 0001:0001321C 00000BDA C=CODE     S=.text    G=(none)   M=madCrypt ACBP=A9
 0001:00013DF8 00006898 C=CODE     S=.text    G=(none)   M=madDisAsm ACBP=A9
 0001:0001A690 00004615 C=CODE     S=.text    G=(none)   M=madMapFile ACBP=A9
 0001:0001ECA8 0000666C C=CODE     S=.text    G=(none)   M=madNVAssistant ACBP=A9
 0001:00025314 00004778 C=CODE     S=.text    G=(none)   M=madStackTrace ACBP=A9
 0001:00029A8C 00000076 C=CODE     S=.text    G=(none)   M=WinSock  ACBP=A9
 0001:00029B04 000002D8 C=CODE     S=.text    G=(none)   M=SysConst ACBP=A9
 0001:00029DDC 0000000E C=CODE     S=.text    G=(none)   M=ShellAPI ACBP=A9
 0001:00029DEC 00000082 C=CODE     S=.text    G=(none)   M=ActiveX  ACBP=A9
 0001:00029E70 0000013A C=CODE     S=.text    G=(none)   M=CommCtrl ACBP=A9
 0001:00029FAC 0000000E C=CODE     S=.text    G=(none)   M=CommDlg  ACBP=A9
 0001:00029FBC 00026E98 C=CODE     S=.text    G=(none)   M=madExcept ACBP=A9
 0001:00050E54 0000002E C=CODE     S=.text    G=(none)   M=madLinkDisAsm ACBP=A9
 0001:00050E84 00000D8C C=CODE     S=.text    G=(none)   M=madListHardware ACBP=A9
 0001:00051C10 000009FC C=CODE     S=.text    G=(none)   M=madListProcesses ACBP=A9
 0001:0005260C 00000490 C=CODE     S=.text    G=(none)   M=madListModules ACBP=A9
 0001:00052A9C 00006B95 C=CODE     S=.text    G=(none)   M=SysUtils ACBP=A9
 0001:00059634 000007EE C=CODE     S=.text    G=(none)   M=VarUtils ACBP=A9
 0001:00059E24 00005A6C C=CODE     S=.text    G=(none)   M=Variants ACBP=A9
 0001:0005F890 000000F8 C=CODE     S=.text    G=(none)   M=RTLConsts ACBP=A9
 0001:0005F988 00000887 C=CODE     S=.text    G=(none)   M=TypInfo  ACBP=A9
 0001:00060210 00009C39 C=CODE     S=.text    G=(none)   M=Classes  ACBP=A9
 0001:00069E4C 00000275 C=CODE     S=.text    G=(none)   M=Contnrs  ACBP=A9
 0001:0006A0C4 00001100 C=CODE     S=.text    G=(none)   M=HelpIntfs ACBP=A9
 0001:0006B1C4 00000772 C=CODE     S=.text    G=(none)   M=MultiMon ACBP=A9
 0001:0006B938 000002D8 C=CODE     S=.text    G=(none)   M=Consts   ACBP=A9
 0001:0006BC10 0000005D C=CODE     S=.text    G=(none)   M=IniFiles ACBP=A9
 0001:0006BC70 000005AD C=CODE     S=.text    G=(none)   M=Registry ACBP=A9
 0001:0006C220 00009416 C=CODE     S=.text    G=(none)   M=Graphics ACBP=A9
 0001:00075638 0000016A C=CODE     S=.text    G=(none)   M=SyncObjs ACBP=A9
 0001:000757A4 0000099D C=CODE     S=.text    G=(none)   M=UxTheme  ACBP=A9
 0001:00076144 0000208B C=CODE     S=.text    G=(none)   M=StdCtrls ACBP=A9
 0001:000781D0 0000003A C=CODE     S=.text    G=(none)   M=Printers ACBP=A9
 0001:0007820C 000016E9 C=CODE     S=.text    G=(none)   M=GraphUtil ACBP=A9
 0001:000798F8 0000101A C=CODE     S=.text    G=(none)   M=ExtCtrls ACBP=A9
 0001:0007A914 0000137C C=CODE     S=.text    G=(none)   M=Dialogs  ACBP=A9
 0001:0007BC90 0000003A C=CODE     S=.text    G=(none)   M=Clipbrd  ACBP=A9
 0001:0007BCCC 0000012D C=CODE     S=.text    G=(none)   M=StdActns ACBP=A9
 0001:0007BDFC 0000030E C=CODE     S=.text    G=(none)   M=FlatSB   ACBP=A9
 0001:0007C10C 00000B6A C=CODE     S=.text    G=(none)   M=Themes   ACBP=A9
 0001:0007CC78 00006A81 C=CODE     S=.text    G=(none)   M=Menus    ACBP=A9
 0001:000836FC 00013518 C=CODE     S=.text    G=(none)   M=Controls ACBP=A9
 0001:00096C14 000016B5 C=CODE     S=.text    G=(none)   M=ImgList  ACBP=A9
 0001:000982CC 00001332 C=CODE     S=.text    G=(none)   M=ActnList ACBP=A9
 0001:00099600 0000DFE8 C=CODE     S=.text    G=(none)   M=Forms    ACBP=A9
 0001:000A75E8 00000016 C=CODE     S=.text    G=(none)   M=JwaDwmapi ACBP=A9
 0001:000A7600 00000020 C=CODE     S=.text    G=(none)   M=ComConst ACBP=A9
 0001:000A7620 00000E07 C=CODE     S=.text    G=(none)   M=ComObj   ACBP=A9
 0001:000A8428 0000077A C=CODE     S=.text    G=(none)   M=AxCtrls  ACBP=A9
 0001:000A8BA4 000000DA C=CODE     S=.text    G=(none)   M=GDIPAPI  ACBP=A9
 0001:000A8C80 000002CE C=CODE     S=.text    G=(none)   M=GDIPOBJ  ACBP=A9
 0001:000A8F50 00000AD6 C=CODE     S=.text    G=(none)   M=ToolWin  ACBP=A9
 0001:000A9A28 000000CD C=CODE     S=.text    G=(none)   M=Buttons  ACBP=A9
 0001:000A9AF8 0000007C C=CODE     S=.text    G=(none)   M=ExtDlgs  ACBP=A9
 0001:000A9B74 00000062 C=CODE     S=.text    G=(none)   M=Mapi     ACBP=A9
 0001:000A9BD8 0000004D C=CODE     S=.text    G=(none)   M=ExtActns ACBP=A9
 0001:000A9C28 00008368 C=CODE     S=.text    G=(none)   M=ComCtrls ACBP=A9
 0001:000B1F90 00000090 C=CODE     S=.text    G=(none)   M=pnglang  ACBP=A9
 0001:000B2020 00006D16 C=CODE     S=.text    G=(none)   M=zlibpas  ACBP=A9
 0001:000B8D38 000076C6 C=CODE     S=.text    G=(none)   M=pngimage ACBP=A9
 0001:000C0400 00000BE2 C=CODE     S=.text    G=(none)   M=Unit3    ACBP=A9
 0001:000C0FE4 00000338 C=CODE     S=.text    G=(none)   M=Project2 ACBP=A9
 0002:00000000 00000095 C=ICODE    S=.itext   G=(none)   M=System   ACBP=A9
 0002:00000098 00000011 C=ICODE    S=.itext   G=(none)   M=Windows  ACBP=A9
 0002:000000AC 0000002F C=ICODE    S=.itext   G=(none)   M=madTools ACBP=A9
 0002:000000DC 00000047 C=ICODE    S=.itext   G=(none)   M=madMapFile ACBP=A9
 0002:00000124 00000008 C=ICODE    S=.itext   G=(none)   M=madStackTrace ACBP=A9
 0002:0000012C 0000004D C=ICODE    S=.itext   G=(none)   M=madExcept ACBP=A9
 0002:0000017C 00000017 C=ICODE    S=.itext   G=(none)   M=madLinkDisAsm ACBP=A9
 0002:00000194 00000058 C=ICODE    S=.itext   G=(none)   M=madListHardware ACBP=A9
 0002:000001EC 00000058 C=ICODE    S=.itext   G=(none)   M=madListProcesses ACBP=A9
 0002:00000244 00000050 C=ICODE    S=.itext   G=(none)   M=madListModules ACBP=A9
 0002:00000294 00000088 C=ICODE    S=.itext   G=(none)   M=SysUtils ACBP=A9
 0002:0000031C 0000000F C=ICODE    S=.itext   G=(none)   M=VarUtils ACBP=A9
 0002:0000032C 000000AA C=ICODE    S=.itext   G=(none)   M=Variants ACBP=A9
 0002:000003D8 00000008 C=ICODE    S=.itext   G=(none)   M=TypInfo  ACBP=A9
 0002:000003E0 00000092 C=ICODE    S=.itext   G=(none)   M=Classes  ACBP=A9
 0002:00000474 00000008 C=ICODE    S=.itext   G=(none)   M=HelpIntfs ACBP=A9
 0002:0000047C 0000000F C=ICODE    S=.itext   G=(none)   M=MultiMon ACBP=A9
 0002:0000048C 00000008 C=ICODE    S=.itext   G=(none)   M=IniFiles ACBP=A9
 0002:00000494 00000008 C=ICODE    S=.itext   G=(none)   M=Registry ACBP=A9
 0002:0000049C 000000FB C=ICODE    S=.itext   G=(none)   M=Graphics ACBP=A9
 0002:00000598 0000001B C=ICODE    S=.itext   G=(none)   M=UxTheme  ACBP=A9
 0002:000005B4 00000008 C=ICODE    S=.itext   G=(none)   M=Printers ACBP=A9
 0002:000005BC 0000007F C=ICODE    S=.itext   G=(none)   M=GraphUtil ACBP=A9
 0002:0000063C 00000044 C=ICODE    S=.itext   G=(none)   M=ExtCtrls ACBP=A9
 0002:00000680 0000003D C=ICODE    S=.itext   G=(none)   M=Dialogs  ACBP=A9
 0002:000006C0 00000058 C=ICODE    S=.itext   G=(none)   M=Clipbrd  ACBP=A9
 0002:00000718 0000000F C=ICODE    S=.itext   G=(none)   M=FlatSB   ACBP=A9
 0002:00000728 00000008 C=ICODE    S=.itext   G=(none)   M=Themes   ACBP=A9
 0002:00000730 00000085 C=ICODE    S=.itext   G=(none)   M=Menus    ACBP=A9
 0002:000007B8 0000008F C=ICODE    S=.itext   G=(none)   M=Controls ACBP=A9
 0002:00000848 0000002A C=ICODE    S=.itext   G=(none)   M=ActnList ACBP=A9
 0002:00000874 0000004C C=ICODE    S=.itext   G=(none)   M=Forms    ACBP=A9
 0002:000008C0 00000055 C=ICODE    S=.itext   G=(none)   M=ComObj   ACBP=A9
 0002:00000918 00000023 C=ICODE    S=.itext   G=(none)   M=AxCtrls  ACBP=A9
 0002:0000093C 0000003A C=ICODE    S=.itext   G=(none)   M=GDIPOBJ  ACBP=A9
 0002:00000978 00000025 C=ICODE    S=.itext   G=(none)   M=Buttons  ACBP=A9
 0002:000009A0 00000014 C=ICODE    S=.itext   G=(none)   M=ExtDlgs  ACBP=A9
 0002:000009B4 00000008 C=ICODE    S=.itext   G=(none)   M=Mapi     ACBP=A9
 0002:000009BC 00000008 C=ICODE    S=.itext   G=(none)   M=ExtActns ACBP=A9
 0002:000009C4 00000008 C=ICODE    S=.itext   G=(none)   M=ComCtrls ACBP=A9
 0002:000009CC 00000068 C=ICODE    S=.itext   G=(none)   M=pngimage ACBP=A9
 0002:00000A34 00000019 C=ICODE    S=.itext   G=(none)   M=Unit3    ACBP=A9
 0002:00000A50 00000045 C=ICODE    S=.itext   G=(none)   M=Project2 ACBP=A9
 0003:00000000 00000794 C=DATA     S=.data    G=DGROUP   M=System   ACBP=A9
 0003:00000794 00000020 C=DATA     S=.data    G=DGROUP   M=SysInit  ACBP=A9
 0003:000007B4 000010C4 C=DATA     S=.data    G=DGROUP   M=madZip   ACBP=A9
 0003:00001878 00000201 C=DATA     S=.data    G=DGROUP   M=madStrings ACBP=A9
 0003:00001A7C 00000054 C=DATA     S=.data    G=DGROUP   M=madTools ACBP=A9
 0003:00001AD0 00001088 C=DATA     S=.data    G=DGROUP   M=madCrypt ACBP=A9
 0003:00002B58 000007F0 C=DATA     S=.data    G=DGROUP   M=madDisAsm ACBP=A9
 0003:00003348 0000000C C=DATA     S=.data    G=DGROUP   M=madNVAssistant ACBP=A9
 0003:00003354 00000004 C=DATA     S=.data    G=DGROUP   M=madStackTrace ACBP=A9
 0003:00003358 00000010 C=DATA     S=.data    G=DGROUP   M=ActiveX  ACBP=A9
 0003:00003368 0000090C C=DATA     S=.data    G=DGROUP   M=madExcept ACBP=A9
 0003:00003C74 00000014 C=DATA     S=.data    G=DGROUP   M=madListProcesses ACBP=A9
 0003:00003C88 00000250 C=DATA     S=.data    G=DGROUP   M=SysUtils ACBP=A9
 0003:00003ED8 00000008 C=DATA     S=.data    G=DGROUP   M=VarUtils ACBP=A9
 0003:00003EE0 0000008E C=DATA     S=.data    G=DGROUP   M=Variants ACBP=A9
 0003:00003F70 0000000C C=DATA     S=.data    G=DGROUP   M=TypInfo  ACBP=A9
 0003:00003F7C 00000064 C=DATA     S=.data    G=DGROUP   M=Classes  ACBP=A9
 0003:00003FE0 00000008 C=DATA     S=.data    G=DGROUP   M=IniFiles ACBP=A9
 0003:00003FE8 00000008 C=DATA     S=.data    G=DGROUP   M=Registry ACBP=A9
 0003:00003FF0 00000314 C=DATA     S=.data    G=DGROUP   M=Graphics ACBP=A9
 0003:00004304 00000028 C=DATA     S=.data    G=DGROUP   M=StdCtrls ACBP=A9
 0003:0000432C 00000004 C=DATA     S=.data    G=DGROUP   M=Printers ACBP=A9
 0003:00004330 000004B8 C=DATA     S=.data    G=DGROUP   M=GraphUtil ACBP=A9
 0003:000047E8 000000B4 C=DATA     S=.data    G=DGROUP   M=Dialogs  ACBP=A9
 0003:0000489C 00000068 C=DATA     S=.data    G=DGROUP   M=Themes   ACBP=A9
 0003:00004904 000000F4 C=DATA     S=.data    G=DGROUP   M=Menus    ACBP=A9
 0003:000049F8 0000013C C=DATA     S=.data    G=DGROUP   M=Controls ACBP=A9
 0003:00004B34 00000020 C=DATA     S=.data    G=DGROUP   M=ImgList  ACBP=A9
 0003:00004B54 00000134 C=DATA     S=.data    G=DGROUP   M=Forms    ACBP=A9
 0003:00004C88 00000030 C=DATA     S=.data    G=DGROUP   M=ComObj   ACBP=A9
 0003:00004CB8 00000014 C=DATA     S=.data    G=DGROUP   M=GDIPOBJ  ACBP=A9
 0003:00004CCC 00000020 C=DATA     S=.data    G=DGROUP   M=ToolWin  ACBP=A9
 0003:00004CEC 0000002C C=DATA     S=.data    G=DGROUP   M=Buttons  ACBP=A9
 0003:00004D18 00000018 C=DATA     S=.data    G=DGROUP   M=ExtDlgs  ACBP=A9
 0003:00004D30 00000008 C=DATA     S=.data    G=DGROUP   M=Mapi     ACBP=A9
 0003:00004D38 00000065 C=DATA     S=.data    G=DGROUP   M=ComCtrls ACBP=A9
 0003:00004DA0 00003720 C=DATA     S=.data    G=DGROUP   M=zlibpas  ACBP=A9
 0003:000084C0 00000168 C=DATA     S=.data    G=DGROUP   M=pngimage ACBP=A9
 0004:00000000 000027F4 C=BSS      S=.bss     G=DGROUP   M=System   ACBP=A9
 0004:000027F4 0000000C C=BSS      S=.bss     G=DGROUP   M=SysInit  ACBP=A9
 0004:00002800 00000008 C=BSS      S=.bss     G=DGROUP   M=Windows  ACBP=A9
 0004:00002808 00001110 C=BSS      S=.bss     G=DGROUP   M=madZip   ACBP=A9
 0004:00003918 00000028 C=BSS      S=.bss     G=DGROUP   M=madTools ACBP=A9
 0004:00003940 00000004 C=BSS      S=.bss     G=DGROUP   M=madDisAsm ACBP=A9
 0004:00003944 00000008 C=BSS      S=.bss     G=DGROUP   M=madMapFile ACBP=A9
 0004:0000394C 00000014 C=BSS      S=.bss     G=DGROUP   M=madStackTrace ACBP=A9
 0004:00003960 00000008 C=BSS      S=.bss     G=DGROUP   M=CommCtrl ACBP=A9
 0004:00003968 00000064 C=BSS      S=.bss     G=DGROUP   M=madExcept ACBP=A9
 0004:000039CC 00000004 C=BSS      S=.bss     G=DGROUP   M=madLinkDisAsm ACBP=A9
 0004:000039D0 00000004 C=BSS      S=.bss     G=DGROUP   M=madListHardware ACBP=A9
 0004:000039D4 00000004 C=BSS      S=.bss     G=DGROUP   M=madListProcesses ACBP=A9
 0004:000039D8 00000004 C=BSS      S=.bss     G=DGROUP   M=madListModules ACBP=A9
 0004:000039DC 00000A20 C=BSS      S=.bss     G=DGROUP   M=SysUtils ACBP=A9
 0004:000043FC 0000005C C=BSS      S=.bss     G=DGROUP   M=VarUtils ACBP=A9
 0004:00004458 00000040 C=BSS      S=.bss     G=DGROUP   M=Variants ACBP=A9
 0004:00004498 00000004 C=BSS      S=.bss     G=DGROUP   M=TypInfo  ACBP=A9
 0004:0000449C 00000040 C=BSS      S=.bss     G=DGROUP   M=Classes  ACBP=A9
 0004:000044DC 00000008 C=BSS      S=.bss     G=DGROUP   M=HelpIntfs ACBP=A9
 0004:000044E4 00000031 C=BSS      S=.bss     G=DGROUP   M=MultiMon ACBP=A9
 0004:00004518 00000004 C=BSS      S=.bss     G=DGROUP   M=IniFiles ACBP=A9
 0004:0000451C 00000004 C=BSS      S=.bss     G=DGROUP   M=Registry ACBP=A9
 0004:00004520 00000060 C=BSS      S=.bss     G=DGROUP   M=Graphics ACBP=A9
 0004:00004580 000000CC C=BSS      S=.bss     G=DGROUP   M=UxTheme  ACBP=A9
 0004:0000464C 00000004 C=BSS      S=.bss     G=DGROUP   M=Printers ACBP=A9
 0004:00004650 00000004 C=BSS      S=.bss     G=DGROUP   M=GraphUtil ACBP=A9
 0004:00004654 00000008 C=BSS      S=.bss     G=DGROUP   M=ExtCtrls ACBP=A9
 0004:0000465C 00000038 C=BSS      S=.bss     G=DGROUP   M=Dialogs  ACBP=A9
 0004:00004694 0000000C C=BSS      S=.bss     G=DGROUP   M=Clipbrd  ACBP=A9
 0004:000046A0 00000034 C=BSS      S=.bss     G=DGROUP   M=FlatSB   ACBP=A9
 0004:000046D4 00000008 C=BSS      S=.bss     G=DGROUP   M=Themes   ACBP=A9
 0004:000046DC 00000010 C=BSS      S=.bss     G=DGROUP   M=Menus    ACBP=A9
 0004:000046EC 00000088 C=BSS      S=.bss     G=DGROUP   M=Controls ACBP=A9
 0004:00004774 00000008 C=BSS      S=.bss     G=DGROUP   M=ImgList  ACBP=A9
 0004:0000477C 00000004 C=BSS      S=.bss     G=DGROUP   M=ActnList ACBP=A9
 0004:00004780 00000024 C=BSS      S=.bss     G=DGROUP   M=Forms    ACBP=A9
 0004:000047A4 00000011 C=BSS      S=.bss     G=DGROUP   M=ComObj   ACBP=A9
 0004:000047B8 0000001C C=BSS      S=.bss     G=DGROUP   M=AxCtrls  ACBP=A9
 0004:000047D4 00000018 C=BSS      S=.bss     G=DGROUP   M=GDIPOBJ  ACBP=A9
 0004:000047EC 00000030 C=BSS      S=.bss     G=DGROUP   M=Buttons  ACBP=A9
 0004:0000481C 00000004 C=BSS      S=.bss     G=DGROUP   M=ExtDlgs  ACBP=A9
 0004:00004820 00000004 C=BSS      S=.bss     G=DGROUP   M=Mapi     ACBP=A9
 0004:00004824 00000009 C=BSS      S=.bss     G=DGROUP   M=ExtActns ACBP=A9
 0004:00004830 00000034 C=BSS      S=.bss     G=DGROUP   M=ComCtrls ACBP=A9
 0004:00004864 00000409 C=BSS      S=.bss     G=DGROUP   M=pngimage ACBP=A9
 0004:00004C70 00000008 C=BSS      S=.bss     G=DGROUP   M=Unit3    ACBP=A9
 0005:00000000 00000008 C=TLS      S=.tls     G=(none)   M=System   ACBP=A9
 0005:00000008 000000DC C=TLS      S=.tls     G=(none)   M=madExcept ACBP=A9
 0005:000000E4 00000008 C=TLS      S=.tls     G=(none)   M=Classes  ACBP=A9
 0005:000000EC 00000030 C=TLS      S=.tls     G=(none)   M=GraphUtil ACBP=A9


  Address             Publics by Name

 0001:00029E50       ActiveX.CoInitialize
 0001:00029E58       ActiveX.CoUninitialize
 0001:00029E68       ActiveX.GetErrorInfo
 0003:00003358       ActiveX.GUID_NULL
 0001:00029E60       ActiveX.SysFreeString
 0004:0000477C       ActnList..9
 0001:000986F4       ActnList..TActionLink
 0001:000982CC       ActnList..TContainedAction
 0001:000985EC       ActnList..TCustomAction
 0001:000983F0       ActnList..TCustomActionList
 0001:000984D0       ActnList..TShortCutList
 0002:00000848       ActnList.ActnList
 0001:000995D0       ActnList.Finalization
 0001:00098DE4       ActnList.TActionLink.IsCaptionLinked
 0001:00098DF8       ActnList.TActionLink.IsCheckedLinked
 0001:00098E0C       ActnList.TActionLink.IsEnabledLinked
 0001:00098E20       ActnList.TActionLink.IsGroupIndexLinked
 0001:00098E34       ActnList.TActionLink.IsHelpContextLinked
 0001:00098E48       ActnList.TActionLink.IsHelpLinked
 0001:00098E5C       ActnList.TActionLink.IsHintLinked
 0001:00098E70       ActnList.TActionLink.IsImageIndexLinked
 0001:00098E84       ActnList.TActionLink.IsShortCutLinked
 0001:00098E98       ActnList.TActionLink.IsVisibleLinked
 0001:00098EAC       ActnList.TActionLink.SetAutoCheck
 0001:00098EB0       ActnList.TActionLink.SetCaption
 0001:00098EB4       ActnList.TActionLink.SetChecked
 0001:00098EB8       ActnList.TActionLink.SetEnabled
 0001:00098EBC       ActnList.TActionLink.SetGroupIndex
 0001:00098EC0       ActnList.TActionLink.SetHelpContext
 0001:00098EC4       ActnList.TActionLink.SetHelpKeyword
 0001:00098EC8       ActnList.TActionLink.SetHelpType
 0001:00098ECC       ActnList.TActionLink.SetHint
 0001:00098ED0       ActnList.TActionLink.SetImageIndex
 0001:00098ED4       ActnList.TActionLink.SetShortCut
 0001:00098ED8       ActnList.TActionLink.SetVisible
 0001:000987C4       ActnList.TContainedAction.Destroy
 0001:00098930       ActnList.TContainedAction.Execute
 0001:000987F8       ActnList.TContainedAction.GetIndex
 0001:00098814       ActnList.TContainedAction.GetParentComponent
 0001:00098824       ActnList.TContainedAction.HasParent
 0001:00098810       ActnList.TContainedAction.IsCategoryStored
 0001:00098834       ActnList.TContainedAction.ReadState
 0001:000988DC       ActnList.TContainedAction.SetActionList
 0001:000988B0       ActnList.TContainedAction.SetCategory
 0001:00098868       ActnList.TContainedAction.SetIndex
 0001:00098904       ActnList.TContainedAction.SetParentComponent
 0001:00098988       ActnList.TContainedAction.Update
 0001:00098F80       ActnList.TCustomAction.AssignTo
 0001:00098EDC       ActnList.TCustomAction.Create
 0001:00098F30       ActnList.TCustomAction.Destroy
 0001:000994A0       ActnList.TCustomAction.DoHint
 0001:000994C8       ActnList.TCustomAction.Execute
 0001:0009952C       ActnList.TCustomAction.GetSecondaryShortCuts
 0001:00099554       ActnList.TCustomAction.HandleShortCut
 0001:00099030       ActnList.TCustomAction.SetCaption
 0001:00099090       ActnList.TCustomAction.SetChecked
 0001:00099198       ActnList.TCustomAction.SetEnabled
 0001:0009927C       ActnList.TCustomAction.SetHelpContext
 0001:00099214       ActnList.TCustomAction.SetHelpKeyword
 0001:000992D4       ActnList.TCustomAction.SetHint
 0001:00099334       ActnList.TCustomAction.SetImageIndex
 0001:00099454       ActnList.TCustomAction.SetName
 0001:00099390       ActnList.TCustomAction.SetShortCut
 0001:000993F4       ActnList.TCustomAction.SetVisible
 0001:00098BB8       ActnList.TCustomActionList.AddAction
 0001:00098BF4       ActnList.TCustomActionList.Change
 0001:000989E0       ActnList.TCustomActionList.Create
 0001:00098A4C       ActnList.TCustomActionList.Destroy
 0001:00098D00       ActnList.TCustomActionList.ExecuteAction
 0001:00098B14       ActnList.TCustomActionList.GetAction
 0001:00098B28       ActnList.TCustomActionList.GetActionCount
 0001:00098A9C       ActnList.TCustomActionList.GetChildren
 0001:00098B64       ActnList.TCustomActionList.ImageListChange
 0001:00098C5C       ActnList.TCustomActionList.IsShortCut
 0001:00098B70       ActnList.TCustomActionList.Notification
 0001:00098BD8       ActnList.TCustomActionList.RemoveAction
 0001:00098AE4       ActnList.TCustomActionList.SetChildOrder
 0001:00098B30       ActnList.TCustomActionList.SetImages
 0001:00098D40       ActnList.TCustomActionList.SetState
 0001:00098D20       ActnList.TCustomActionList.UpdateAction
 0001:00099560       ActnList.TShortCutList.Add
 0001:0009958C       ActnList.TShortCutList.IndexOfShortCut
 0004:000047B8       AxCtrls..02
 0001:000A8428       AxCtrls..TOleGraphic
 0002:00000918       AxCtrls.AxCtrls
 0001:000A8B44       AxCtrls.Finalization
 0001:000A8694       AxCtrls.HIMETRICtoDP
 0001:000A89E4       AxCtrls.InitOlePro32
 0001:000A87AC       AxCtrls.InvalidOperation
 0001:000A8AD4       AxCtrls.OleLoadPicture
 0004:000047C0       AxCtrls.OlePro32DLL
 0001:000A8524       AxCtrls.TOleGraphic.Assign
 0001:000A8558       AxCtrls.TOleGraphic.Changed
 0001:000A855C       AxCtrls.TOleGraphic.Draw
 0001:000A8668       AxCtrls.TOleGraphic.GetEmpty
 0001:000A86DC       AxCtrls.TOleGraphic.GetHeight
 0001:000A870C       AxCtrls.TOleGraphic.GetMMHeight
 0001:000A8728       AxCtrls.TOleGraphic.GetMMWidth
 0001:000A8744       AxCtrls.TOleGraphic.GetPalette
 0001:000A8760       AxCtrls.TOleGraphic.GetTransparent
 0001:000A8780       AxCtrls.TOleGraphic.GetWidth
 0001:000A894C       AxCtrls.TOleGraphic.LoadFromClipboardFormat
 0001:000A8874       AxCtrls.TOleGraphic.LoadFromFile
 0001:000A8878       AxCtrls.TOleGraphic.LoadFromStream
 0001:000A8998       AxCtrls.TOleGraphic.SaveToClipboardFormat
 0001:000A88C8       AxCtrls.TOleGraphic.SaveToStream
 0001:000A87C4       AxCtrls.TOleGraphic.SetHeight
 0001:000A880C       AxCtrls.TOleGraphic.SetPalette
 0001:000A882C       AxCtrls.TOleGraphic.SetWidth
 0004:000047BC       AxCtrls.xParkingWindow
 0004:000047C8       AxCtrls._OleCreateFontIndirect
 0004:000047CC       AxCtrls._OleCreatePictureIndirect
 0004:000047C4       AxCtrls._OleCreatePropertyFrame
 0004:000047D0       AxCtrls._OleLoadPicture
 0004:000047EC       Buttons..5
 0003:00004CEC       Buttons.BitBtnCaptions
 0004:000047F0       Buttons.BitBtnGlyphs
 0002:00000978       Buttons.Buttons
 0001:000A9A28       Buttons.DestroyLocals
 0001:000A9AC0       Buttons.Finalization
 0004:000044A8       Classes..95
 0001:00060758       Classes..EBitsError
 0001:00060648       Classes..EClassNotFound
 0001:00060810       Classes..EComponentError
 0001:0006048C       Classes..EFCreateError
 0001:00060540       Classes..EFilerError
 0001:0006042C       Classes..EFileStreamError
 0001:000604E8       Classes..EFOpenError
 0001:000608C8       Classes..EInvalidOperation
 0001:00060700       Classes..EListError
 0001:0006086C       Classes..EOutOfResources
 0001:00060598       Classes..EReadError
 0001:000606A4       Classes..EResNotFound
 0001:000603D0       Classes..EStreamError
 0001:000607B0       Classes..EStringListError
 0001:00061434       Classes..EThread
 0001:000605F0       Classes..EWriteError
 0001:0006175C       Classes..TBasicAction
 0001:000616DC       Classes..TBasicActionLink
 0001:000609E4       Classes..TBits
 0001:000612E0       Classes..TClassFinder
 0001:0006157C       Classes..TComponent
 0001:00060FD4       Classes..TCustomMemoryStream
 0001:0006133C       Classes..TFiler
 0001:00060F4C       Classes..TFileStream
 0001:00060ED4       Classes..THandleStream
 0001:00062604       Classes..TIntConst
 0001:00060B28       Classes..TInterfacedPersistent
 0001:00060928       Classes..TList
 0001:00061050       Classes..TMemoryStream
 0001:00060A38       Classes..TPersistent
 0001:0006562C       Classes..TPropFixup
 0001:000656A4       Classes..TPropIntfFixup
 0001:000613A0       Classes..TReader
 0001:000618E0       Classes..TRegGroup
 0001:00061938       Classes..TRegGroups
 0001:000610CC       Classes..TResourceStream
 0001:00060E64       Classes..TStream
 0001:00061258       Classes..TStreamAdapter
 0001:00060D4C       Classes..TStringList
 0001:00060C14       Classes..TStrings
 0001:0006098C       Classes..TThreadList
 0001:000625A8       Classes.ActivateClassGroup
 0003:00003F7C       Classes.AddDataModule
 0001:00065904       Classes.AddFinished
 0001:0006593C       Classes.AddNotFinished
 0001:000664B0       Classes.AddSubComponentsToLoaded
 0001:00069CC0       Classes.AllocateHWnd
 0003:00003F8C       Classes.ApplicationHandleException
 0003:00003F94       Classes.ApplicationShowException
 0001:00062900       Classes.BeginGlobalLoading
 0003:00003FB4       Classes.BlockCode
 0001:000618A4       Classes.Bounds
 0001:00069BFC       Classes.CalcJmpOffset
 0001:000664EC       Classes.CheckSubComponents
 0001:0006896C       Classes.CheckSynchronize
 0002:000003E0       Classes.Classes
 0001:0006236C       Classes.ClassNotFound
 0001:000665CC       Classes.ComponentCreated
 0001:0006664C       Classes.CreateComponent
 0001:00069D74       Classes.DeallocateHWnd
 0001:0006892C       Classes.DoneThreadSynchronization
 0001:00063778       Classes.DoWrite
 0001:00062988       Classes.EndGlobalLoading
 0001:00061F0C       Classes.Error
 0001:00065464       Classes.Error
 0003:00003FA4       Classes.FilerSignature
 0001:00069D9C       Classes.Finalization
 0001:0006242C       Classes.FindClass
 0001:000667FC       Classes.FindExistingComponent
 0001:00062818       Classes.FindGlobalComponent
 0004:000044B4       Classes.FindGlobalComponentProcs
 0001:000626C0       Classes.FindIdentToInt
 0001:00065838       Classes.FindNestedComponent
 0001:0006774C       Classes.FindUniqueName
 0001:00069B68       Classes.FreeIntConstList
 0001:00069C9C       Classes.FreeObjectInstance
 0001:000623D8       Classes.GetClass
 0001:00062360       Classes.GetFieldClassTable
 0004:000044B8       Classes.GlobalFixupList
 0001:00065984       Classes.GlobalFixupReferences
 0005:000000E8       Classes.GlobalLists
 0005:000000E4       Classes.GlobalLoaded
 0004:0000449C       Classes.GlobalNameSpace
 0001:00062554       Classes.GroupDescendentsWith
 0001:00066F70       Classes.HandleException
 0001:0006273C       Classes.IdentToInt
 0001:000629E4       Classes.InitComponent
 0001:00062A8C       Classes.InitInheritedComponent
 0001:000688F8       Classes.InitThreadSynchronization
 0004:000044D4       Classes.InstBlockList
 0004:000044D8       Classes.InstFreeList
 0004:000044AC       Classes.IntConstList
 0001:0006287C       Classes.InternalReadComponentRes
 0001:0006277C       Classes.IntToIdent
 0001:000618CC       Classes.InvalidPoint
 0001:00062858       Classes.IsUniqueGlobalComponentName
 0004:000044A0       Classes.IsUniqueGlobalComponentNameProc
 0001:00069C04       Classes.MakeObjectInstance
 0001:000630FC       Classes.Min
 0001:00069BD4       Classes.ModuleUnload
 0003:00003FA8       Classes.NilMethod
 0001:00062958       Classes.NotifyGlobalLoading
 0001:00061854       Classes.Point
 0001:00061C98       Classes.PointerInModule
 0001:00065CA4       Classes.PropertyNotFound
 0001:00067070       Classes.PropPathError
 0001:00065C98       Classes.PropValueError
 0001:00064C54       Classes.RaiseException
 0001:00068300       Classes.ReadCustomVariant
 0001:00065C80       Classes.ReadError
 0001:000665EC       Classes.Recover
 0001:0006187C       Classes.Rect
 0004:000044B0       Classes.RegGroups
 0001:0006244C       Classes.RegisterClass
 0001:000627C0       Classes.RegisterFindGlobalComponentProc
 0001:00062694       Classes.RegisterIntegerConsts
 0003:00003F84       Classes.RemoveDataModule
 0001:00065B50       Classes.RemoveFixupReferences
 0001:00065BFC       Classes.RemoveFixups
 0001:00065F94       Classes.RemoveGlobalFixup
 0001:00068944       Classes.ResetSyncEvent
 0001:00062C24       Classes.ReturnAddr
 0001:000638D8       Classes.ReturnAddr
 0001:0006675C       Classes.SetCompName
 0001:00065CD0       Classes.SetElementValue
 0001:00067374       Classes.SetInterfaceReference
 0001:00067290       Classes.SetIntIdent
 0001:000672D8       Classes.SetObjectIdent
 0001:00066564       Classes.SetSubComponentState
 0001:00067318       Classes.SetVariantReference
 0001:00067E20       Classes.SkipBinary
 0001:00067E50       Classes.SkipCollection
 0001:00067DF8       Classes.SkipList
 0001:0006186C       Classes.SmallPoint
 0001:00062508       Classes.StartClassGroup
 0001:00069BDC       Classes.StdWndProc
 0001:00064A7C       Classes.StringListCompareStrings
 0004:000044A4       Classes.SyncEvent
 0003:00003FB0       Classes.SyncList
 0001:000695D4       Classes.TBasicAction.Change
 0001:00069468       Classes.TBasicAction.Create
 0001:000694AC       Classes.TBasicAction.Destroy
 0001:00069540       Classes.TBasicAction.Execute
 0001:00069510       Classes.TBasicAction.ExecuteTarget
 0001:0006950C       Classes.TBasicAction.HandlesTarget
 0001:00069514       Classes.TBasicAction.Notification
 0001:000695E8       Classes.TBasicAction.RegisterChanges
 0001:00069634       Classes.TBasicAction.SetActionComponent
 0001:00069578       Classes.TBasicAction.SetOnExecute
 0001:000695F4       Classes.TBasicAction.UnRegisterChanges
 0001:0006955C       Classes.TBasicAction.Update
 0001:0006953C       Classes.TBasicAction.UpdateTarget
 0001:000693B8       Classes.TBasicActionLink.AssignClient
 0001:000693F0       Classes.TBasicActionLink.Change
 0001:00069374       Classes.TBasicActionLink.Create
 0001:000693BC       Classes.TBasicActionLink.Destroy
 0001:00069408       Classes.TBasicActionLink.Execute
 0001:00069450       Classes.TBasicActionLink.IsOnExecuteLinked
 0001:00069424       Classes.TBasicActionLink.SetAction
 0001:00069454       Classes.TBasicActionLink.SetOnExecute
 0001:0006945C       Classes.TBasicActionLink.Update
 0001:000630B4       Classes.TBits.Destroy
 0001:000630E4       Classes.TBits.Error
 0001:000631D8       Classes.TBits.GetBit
 0001:000631F0       Classes.TBits.OpenBit
 0001:000631AC       Classes.TBits.SetBit
 0001:00063108       Classes.TBits.SetSize
 0001:0006217C       Classes.TClassFinder.Create
 0001:000622A8       Classes.TClassFinder.Destroy
 0001:000622D8       Classes.TClassFinder.GetClass
 0001:000634F0       Classes.TCollection.Add
 0001:00063510       Classes.TCollection.Clear
 0001:00068C0C       Classes.TComponent.BeforeDestruction
 0001:00069144       Classes.TComponent.ChangeName
 0001:00068B44       Classes.TComponent.Create
 0001:00068ED4       Classes.TComponent.DefineProperties
 0001:00068B90       Classes.TComponent.Destroy
 0001:00068D9C       Classes.TComponent.DestroyComponents
 0001:00068DF8       Classes.TComponent.Destroying
 0001:00069280       Classes.TComponent.ExecuteAction
 0001:00069064       Classes.TComponent.FindComponent
 0001:00068C18       Classes.TComponent.FreeNotification
 0001:00068F68       Classes.TComponent.GetChildOwner
 0001:00068F6C       Classes.TComponent.GetChildParent
 0001:00068F60       Classes.TComponent.GetChildren
 0001:00069158       Classes.TComponent.GetComponent
 0001:00069184       Classes.TComponent.GetComponentCount
 0001:00068F70       Classes.TComponent.GetNamePath
 0001:00068F84       Classes.TComponent.GetOwner
 0001:00068F8C       Classes.TComponent.GetParentComponent
 0001:00068F5C       Classes.TComponent.HasParent
 0001:00068CAC       Classes.TComponent.Insert
 0001:00068D00       Classes.TComponent.InsertComponent
 0001:00069370       Classes.TComponent.IntfGetComponent
 0001:00068FAC       Classes.TComponent.Loaded
 0001:00068E74       Classes.TComponent.Notification
 0001:00068FB8       Classes.TComponent.PaletteCreated
 0001:000692F0       Classes.TComponent.QueryInterface
 0001:00068C6C       Classes.TComponent.ReadLeft
 0001:00068FBC       Classes.TComponent.ReadState
 0001:00068C80       Classes.TComponent.ReadTop
 0001:00068CD8       Classes.TComponent.Remove
 0001:00068D64       Classes.TComponent.RemoveComponent
 0001:00068E58       Classes.TComponent.RemoveFreeNotification
 0001:00068E34       Classes.TComponent.RemoveNotification
 0001:000692D0       Classes.TComponent.SafeCallException
 0001:00068F88       Classes.TComponent.SetChildOrder
 0001:00069194       Classes.TComponent.SetComponentIndex
 0001:000691E8       Classes.TComponent.SetDesigning
 0001:000690B4       Classes.TComponent.SetName
 0001:00068F90       Classes.TComponent.SetParentComponent
 0001:00069238       Classes.TComponent.SetReference
 0001:000692A8       Classes.TComponent.UpdateAction
 0001:00068FA0       Classes.TComponent.Updated
 0001:000692E8       Classes.TComponent.UpdateRegistry
 0001:00068F94       Classes.TComponent.Updating
 0001:0006904C       Classes.TComponent.ValidateContainer
 0001:00069060       Classes.TComponent.ValidateInsert
 0001:00068FCC       Classes.TComponent.ValidateRename
 0001:00068C94       Classes.TComponent.WriteLeft
 0001:00068FC4       Classes.TComponent.WriteState
 0001:00068CA0       Classes.TComponent.WriteTop
 0001:00069330       Classes.TComponent._AddRef
 0001:00069350       Classes.TComponent._Release
 0001:00065210       Classes.TCustomMemoryStream.Read
 0001:00065248       Classes.TCustomMemoryStream.Seek
 0001:00065208       Classes.TCustomMemoryStream.SetPointer
 0001:000655B8       Classes.TFiler.Create
 0001:00065600       Classes.TFiler.Destroy
 0001:00065628       Classes.TFiler.SetRoot
 0001:00065060       Classes.TFileStream.Create
 0001:0006501C       Classes.TFileStream.Create
 0001:000651D4       Classes.TFileStream.Destroy
 0001:00064F58       Classes.THandleStream.Create
 0001:00064F94       Classes.THandleStream.Read
 0001:00064FB4       Classes.THandleStream.Seek
 0001:00064FF4       Classes.THandleStream.SetSize
 0001:00064FE0       Classes.THandleStream.SetSize
 0001:00064FA4       Classes.THandleStream.Write
 0004:000044BC       Classes.ThreadLock
 0001:0006265C       Classes.TIntConst.Create
 0001:00063438       Classes.TInterfacedPersistent.AfterConstruction
 0001:000634C8       Classes.TInterfacedPersistent.QueryInterface
 0001:00063488       Classes.TInterfacedPersistent._AddRef
 0001:000634A8       Classes.TInterfacedPersistent._Release
 0001:00062B74       Classes.TList.Add
 0001:00062BA8       Classes.TList.Clear
 0001:00062BC0       Classes.TList.Delete
 0001:00062B54       Classes.TList.Destroy
 0001:00062C60       Classes.TList.Error
 0001:00062C28       Classes.TList.Error
 0001:00062CB4       Classes.TList.Expand
 0001:00062CCC       Classes.TList.First
 0001:00062CD4       Classes.TList.Get
 0001:00062CFC       Classes.TList.Grow
 0001:00062D30       Classes.TList.IndexOf
 0001:00062D50       Classes.TList.Insert
 0001:00062DBC       Classes.TList.Last
 0001:00062EE8       Classes.TList.Notify
 0001:00062DC8       Classes.TList.Put
 0001:00062E18       Classes.TList.Remove
 0001:00062E38       Classes.TList.SetCapacity
 0001:00062E74       Classes.TList.SetCount
 0001:00065298       Classes.TMemoryStream.Clear
 0001:0006526C       Classes.TMemoryStream.Destroy
 0001:000652B0       Classes.TMemoryStream.LoadFromStream
 0001:0006533C       Classes.TMemoryStream.Realloc
 0001:000652E8       Classes.TMemoryStream.SetCapacity
 0001:00065310       Classes.TMemoryStream.SetSize
 0001:000653BC       Classes.TMemoryStream.Write
 0001:00063294       Classes.TPersistent.Assign
 0001:000632A8       Classes.TPersistent.AssignError
 0001:00063378       Classes.TPersistent.AssignTo
 0001:00063380       Classes.TPersistent.DefineProperties
 0001:00063268       Classes.TPersistent.Destroy
 0001:00063384       Classes.TPersistent.GetNamePath
 0001:00063434       Classes.TPersistent.GetOwner
 0001:00065704       Classes.TPropFixup.Create
 0001:0006575C       Classes.TPropFixup.MakeGlobalReference
 0001:000657A4       Classes.TPropFixup.ResolveReference
 0001:000657B4       Classes.TPropIntfFixup.ResolveReference
 0001:00065D24       Classes.TReader.CheckValue
 0001:00065D84       Classes.TReader.DefineBinaryProperty
 0001:00065D48       Classes.TReader.DefineProperty
 0001:00065CE8       Classes.TReader.Destroy
 0001:00066010       Classes.TReader.DoFixupReferences
 0001:00065E6C       Classes.TReader.EndOfList
 0001:00065E80       Classes.TReader.Error
 0001:0006814C       Classes.TReader.FindAncestorComponent
 0001:00068244       Classes.TReader.FindComponentClass
 0001:00065F2C       Classes.TReader.FindMethod
 0001:00065EA4       Classes.TReader.FindMethodInstance
 0001:00066154       Classes.TReader.FlushBuffer
 0001:00066178       Classes.TReader.FreeFixups
 0001:000661B4       Classes.TReader.GetFieldClass
 0001:0006624C       Classes.TReader.GetPosition
 0001:00066264       Classes.TReader.NextValue
 0001:00066274       Classes.TReader.PropertyError
 0001:00066288       Classes.TReader.Read
 0001:00066310       Classes.TReader.ReadBoolean
 0001:000662D4       Classes.TReader.ReadBuffer
 0001:00066324       Classes.TReader.ReadChar
 0001:000663E0       Classes.TReader.ReadCollection
 0001:000668A0       Classes.TReader.ReadComponent
 0001:00066CE0       Classes.TReader.ReadCurrency
 0001:00066AE0       Classes.TReader.ReadData
 0001:00066B50       Classes.TReader.ReadDataInner
 0001:00066D30       Classes.TReader.ReadDate
 0001:00066C58       Classes.TReader.ReadDouble
 0001:00066C20       Classes.TReader.ReadFloat
 0001:00066D74       Classes.TReader.ReadIdent
 0001:00066EDC       Classes.TReader.ReadInt64
 0001:00066E70       Classes.TReader.ReadInteger
 0001:00066F20       Classes.TReader.ReadListBegin
 0001:00066F28       Classes.TReader.ReadListEnd
 0001:00066F30       Classes.TReader.ReadPrefix
 0001:0006708C       Classes.TReader.ReadProperty
 0001:00067434       Classes.TReader.ReadPropValue
 0001:000677AC       Classes.TReader.ReadRootComponent
 0001:00067AE0       Classes.TReader.ReadSet
 0001:00067B9C       Classes.TReader.ReadSignature
 0001:00066C9C       Classes.TReader.ReadSingle
 0001:00067BC0       Classes.TReader.ReadStr
 0001:00067BFC       Classes.TReader.ReadString
 0001:00067D9C       Classes.TReader.ReadValue
 0001:000684C8       Classes.TReader.ReadVariant
 0001:00066384       Classes.TReader.ReadWideChar
 0001:00067CB8       Classes.TReader.ReadWideString
 0001:00068204       Classes.TReader.ReferenceName
 0001:0006821C       Classes.TReader.SetName
 0001:000682B8       Classes.TReader.SkipBytes
 0001:000680A4       Classes.TReader.SkipComponent
 0001:0006805C       Classes.TReader.SkipProperty
 0001:00067DB0       Classes.TReader.SkipSetBody
 0001:00067EAC       Classes.TReader.SkipValue
 0001:00061990       Classes.TRegGroup.AddClass
 0001:0006199C       Classes.TRegGroup.BestClass
 0001:000619FC       Classes.TRegGroup.BestGroup
 0001:00061A6C       Classes.TRegGroup.Create
 0001:00061AC8       Classes.TRegGroup.Destroy
 0001:00061B08       Classes.TRegGroup.GetClass
 0001:00061B70       Classes.TRegGroup.InGroup
 0001:00061BB4       Classes.TRegGroup.RegisterClass
 0001:00061C74       Classes.TRegGroup.Registered
 0001:00061CB8       Classes.TRegGroup.UnregisterModuleClasses
 0001:00061D64       Classes.TRegGroups.Activate
 0001:00061DB0       Classes.TRegGroups.Create
 0001:00061E24       Classes.TRegGroups.Destroy
 0001:00061E84       Classes.TRegGroups.FindGroup
 0001:00061EC8       Classes.TRegGroups.GetClass
 0001:00061F9C       Classes.TRegGroups.GroupWith
 0001:00062068       Classes.TRegGroups.Lock
 0001:00062074       Classes.TRegGroups.RegisterClass
 0001:0006208C       Classes.TRegGroups.Registered
 0001:000620D0       Classes.TRegGroups.StartGroup
 0001:00062120       Classes.TRegGroups.Unlock
 0001:0006212C       Classes.TRegGroups.UnregisterModuleClasses
 0001:0006540C       Classes.TResourceStream.Create
 0001:00065570       Classes.TResourceStream.Destroy
 0001:00065504       Classes.TResourceStream.Initialize
 0001:000655A0       Classes.TResourceStream.Write
 0001:00064E04       Classes.TStream.CopyFrom
 0001:00064B68       Classes.TStream.GetPosition
 0001:00064B9C       Classes.TStream.GetSize
 0001:00064D94       Classes.TStream.ReadBuffer
 0001:00064EF8       Classes.TStream.ReadComponent
 0001:00064CA0       Classes.TStream.Seek
 0001:00064D24       Classes.TStream.Seek
 0001:00064B88       Classes.TStream.SetPosition
 0001:00064C00       Classes.TStream.SetSize
 0001:00064BE8       Classes.TStream.SetSize
 0001:00064BEC       Classes.TStream.SetSize64
 0001:00064DCC       Classes.TStream.WriteBuffer
 0001:00069B50       Classes.TStreamAdapter.Clone
 0001:00069AA4       Classes.TStreamAdapter.Commit
 0001:0006989C       Classes.TStreamAdapter.CopyTo
 0001:00069660       Classes.TStreamAdapter.Create
 0001:000696AC       Classes.TStreamAdapter.Destroy
 0001:00069ABC       Classes.TStreamAdapter.LockRegion
 0001:000696E4       Classes.TStreamAdapter.Read
 0001:00069AB0       Classes.TStreamAdapter.Revert
 0001:000697B4       Classes.TStreamAdapter.Seek
 0001:00069838       Classes.TStreamAdapter.SetSize
 0001:00069AD4       Classes.TStreamAdapter.Stat
 0001:00069AC8       Classes.TStreamAdapter.UnlockRegion
 0001:0006974C       Classes.TStreamAdapter.Write
 0001:000644E8       Classes.TStringList.Add
 0001:000644F8       Classes.TStringList.AddObject
 0001:0006455C       Classes.TStringList.Changed
 0001:00064578       Classes.TStringList.Changing
 0001:00064594       Classes.TStringList.Clear
 0001:00064AE4       Classes.TStringList.CompareStrings
 0001:00064AAC       Classes.TStringList.CustomSort
 0001:000645D4       Classes.TStringList.Delete
 0001:0006448C       Classes.TStringList.Destroy
 0001:00064640       Classes.TStringList.Exchange
 0001:0006469C       Classes.TStringList.ExchangeItems
 0001:000646C0       Classes.TStringList.Find
 0001:00064744       Classes.TStringList.Get
 0001:00064778       Classes.TStringList.GetCapacity
 0001:0006477C       Classes.TStringList.GetCount
 0001:00064780       Classes.TStringList.GetObject
 0001:000647A8       Classes.TStringList.Grow
 0001:000647DC       Classes.TStringList.IndexOf
 0001:00064818       Classes.TStringList.Insert
 0001:0006487C       Classes.TStringList.InsertItem
 0001:00064828       Classes.TStringList.InsertObject
 0001:000648F8       Classes.TStringList.Put
 0001:00064954       Classes.TStringList.PutObject
 0001:00064994       Classes.TStringList.QuickSort
 0001:00064A28       Classes.TStringList.SetCapacity
 0001:00064A44       Classes.TStringList.SetSorted
 0001:00064A64       Classes.TStringList.SetUpdateState
 0001:00064A9C       Classes.TStringList.Sort
 0001:000635A8       Classes.TStrings.Add
 0001:000635CC       Classes.TStrings.AddObject
 0001:000635F0       Classes.TStrings.AddStrings
 0001:000636A8       Classes.TStrings.Assign
 0001:00063760       Classes.TStrings.BeginUpdate
 0001:00064414       Classes.TStrings.CompareStrings
 0001:000637D0       Classes.TStrings.DefineProperties
 0001:00063578       Classes.TStrings.Destroy
 0001:0006381C       Classes.TStrings.EndUpdate
 0001:00063830       Classes.TStrings.Equals
 0001:00063914       Classes.TStrings.Error
 0001:000638DC       Classes.TStrings.Error
 0001:0006396C       Classes.TStrings.Exchange
 0001:00063A58       Classes.TStrings.GetCapacity
 0001:000643B4       Classes.TStrings.GetLineBreak
 0001:00064458       Classes.TStrings.GetNameValueSeparator
 0001:00063A60       Classes.TStrings.GetObject
 0001:00063A64       Classes.TStrings.GetText
 0001:00063AB8       Classes.TStrings.GetTextStr
 0001:00063BF0       Classes.TStrings.IndexOf
 0001:00063C7C       Classes.TStrings.IndexOfName
 0001:00063D50       Classes.TStrings.IndexOfObject
 0001:00063D84       Classes.TStrings.InsertObject
 0001:00063DB4       Classes.TStrings.LoadFromFile
 0001:00063E08       Classes.TStrings.LoadFromStream
 0001:00063EB4       Classes.TStrings.Move
 0001:00063F64       Classes.TStrings.Put
 0001:00063F94       Classes.TStrings.PutObject
 0001:00063F98       Classes.TStrings.ReadData
 0001:00064048       Classes.TStrings.SaveToFile
 0001:000640A0       Classes.TStrings.SaveToStream
 0001:00064100       Classes.TStrings.SetCapacity
 0001:000643E8       Classes.TStrings.SetLineBreak
 0001:00064470       Classes.TStrings.SetNameValueSeparator
 0001:00064104       Classes.TStrings.SetStringsAdapter
 0001:00064138       Classes.TStrings.SetText
 0001:00064188       Classes.TStrings.SetTextStr
 0001:0006432C       Classes.TStrings.SetUpdateState
 0001:00064330       Classes.TStrings.WriteData
 0001:00062FBC       Classes.TThreadList.Add
 0001:00062EEC       Classes.TThreadList.Create
 0001:00062F40       Classes.TThreadList.Destroy
 0001:00063044       Classes.TThreadList.LockList
 0001:00063058       Classes.TThreadList.Remove
 0001:000630A8       Classes.TThreadList.UnlockList
 0001:000686E8       Classes.TWriter.Write
 0001:0006874C       Classes.TWriter.WriteBoolean
 0001:00068734       Classes.TWriter.WriteBuffer
 0001:00068760       Classes.TWriter.WriteInteger
 0001:000687D4       Classes.TWriter.WriteListBegin
 0001:000687DC       Classes.TWriter.WriteListEnd
 0001:000687E4       Classes.TWriter.WriteMinStr
 0001:00068890       Classes.TWriter.WriteString
 0001:000688E4       Classes.TWriter.WriteValue
 0001:00062800       Classes.UnregisterFindGlobalComponentProc
 0001:000624BC       Classes.UnRegisterModuleClasses
 0003:00003FB8       Classes.UtilWindowClass
 0001:00068950       Classes.WaitForSyncEvent
 0003:00003F9C       Classes.WakeMainThread
 0004:00004698       Clipbrd..2
 0004:00004696       Clipbrd.CF_COMPONENT
 0004:00004694       Clipbrd.CF_PICTURE
 0002:000006C0       Clipbrd.Clipbrd
 0004:0000469C       Clipbrd.FClipboard
 0001:0007BC90       Clipbrd.Finalization
 0004:00004830       ComCtrls..76
 0001:000A9D24       ComCtrls..TConversion
 0001:000AAA1C       ComCtrls..TToolBar
 0001:000A9F18       ComCtrls..TToolButton
 0001:000A9E20       ComCtrls..TToolButtonActionLink
 0003:00004D50       ComCtrls.ButtonStates
 0003:00004D60       ComCtrls.ButtonStyles
 0001:000AEA20       ComCtrls.CalcSize
 0004:0000483C       ComCtrls.ComCtlVersion
 0002:000009C4       ComCtrls.ComCtrls
 0001:000AF310       ComCtrls.ContainsActiveControl
 0003:00004D94       ComCtrls.CustomizeStyles
 0003:00004D6C       ComCtrls.DownMessage
 0001:000B1F18       ComCtrls.Finalization
 0001:000B0E2C       ComCtrls.FindButton
 0003:00004D84       ComCtrls.FlatOnXp
 0003:00004D7C       ComCtrls.FlatStyles
 0004:00004838       ComCtrls.FRichEditModule
 0001:000AB8C4       ComCtrls.GetComCtlVersion
 0001:000ADC3C       ComCtrls.GetImageBitmap
 0001:000AB898       ComCtrls.InitCommonControl
 0003:00004D9C       ComCtrls.InitDone
 0001:000B11B0       ComCtrls.InitToolMenuHooks
 0001:000B12B0       ComCtrls.InitToolMenuKeyHooks
 0001:000B16BC       ComCtrls.IsMenuBar
 0001:000AFF78       ComCtrls.IsToolButtonMouseMsg
 0004:00004850       ComCtrls.LastMenuItem
 0004:00004854       ComCtrls.LastMousePos
 0003:00004D74       ComCtrls.ListStyles
 0004:0000484C       ComCtrls.MenuButtonIndex
 0004:00004844       ComCtrls.MenuToolBar
 0004:00004848       ComCtrls.MenuToolBar2
 0001:000B11E8       ComCtrls.ReleaseToolMenuHooks
 0001:000B12D4       ComCtrls.ReleaseToolMenuKeyHooks
 0003:00004D38       ComCtrls.RTFConversionFormat
 0001:000B0038       ComCtrls.SendDropdownMsg
 0004:00004834       ComCtrls.ShellModule
 0004:0000485C       ComCtrls.StillModal
 0001:000AB8FC       ComCtrls.TConversion.ConvertReadStream
 0001:000AB910       ComCtrls.TConversion.ConvertWriteStream
 0003:00004D44       ComCtrls.TextConversionFormat
 0001:000B0ED8       ComCtrls.ToolMenuGetMsgHook
 0004:00004840       ComCtrls.ToolMenuHook
 0004:00004860       ComCtrls.ToolMenuKeyHook
 0001:000B1224       ComCtrls.ToolMenuKeyMsgHook
 0003:00004D8C       ComCtrls.TransparentStyles
 0001:000AE6AC       ComCtrls.TToolBar.AdjustControl
 0001:000AE780       ComCtrls.TToolBar.AlignControls
 0001:000AE440       ComCtrls.TToolBar.BeginUpdate
 0001:000AE49C       ComCtrls.TToolBar.ButtonIndex
 0001:000AF2A0       ComCtrls.TToolBar.CanAutoSize
 0001:000B18E4       ComCtrls.TToolBar.CancelMenu
 0001:000B0528       ComCtrls.TToolBar.CanvasChanged
 0001:000AE7BC       ComCtrls.TToolBar.ChangeScale
 0001:000B13A4       ComCtrls.TToolBar.CheckMenuDropdown
 0001:000B12F8       ComCtrls.TToolBar.ClearTempMenu
 0001:000B1800       ComCtrls.TToolBar.ClickButton
 0001:000AF450       ComCtrls.TToolBar.CMColorChanged
 0001:000AF2A8       ComCtrls.TToolBar.CMControlChange
 0001:000AF364       ComCtrls.TToolBar.CMDialogChar
 0001:000AF434       ComCtrls.TToolBar.CMEnabledChanged
 0001:000B19E0       ComCtrls.TToolBar.CMFontChanged
 0001:000AF464       ComCtrls.TToolBar.CMParentColorChanged
 0001:000AF4A8       ComCtrls.TToolBar.CMSysFontChanged
 0001:000AF2D8       ComCtrls.TToolBar.CNChar
 0001:000AF4BC       ComCtrls.TToolBar.CNDropDownClosed
 0001:000AF4FC       ComCtrls.TToolBar.CNNotify
 0001:000AF484       ComCtrls.TToolBar.CNSysKeyDown
 0001:000AC868       ComCtrls.TToolBar.Create
 0001:000ACCF0       ComCtrls.TToolBar.CreateButtons
 0001:000ACB54       ComCtrls.TToolBar.CreateParams
 0001:000ACC08       ComCtrls.TToolBar.CreateWnd
 0001:000B0458       ComCtrls.TToolBar.CustomDraw
 0001:000B04B0       ComCtrls.TToolBar.CustomDrawButton
 0001:000ACA98       ComCtrls.TToolBar.Destroy
 0001:000ADF54       ComCtrls.TToolBar.DisabledImageListChange
 0001:000B1A48       ComCtrls.TToolBar.DoGetButton
 0001:000B1C5C       ComCtrls.TToolBar.DoQueryDelete
 0001:000B1C88       ComCtrls.TToolBar.DoQueryInsert
 0001:000AE448       ComCtrls.TToolBar.EndUpdate
 0001:000B02F8       ComCtrls.TToolBar.FindButtonFromAccel
 0001:000B02F4       ComCtrls.TToolBar.FlipChildren
 0001:000ADB14       ComCtrls.TToolBar.GetButton
 0001:000ADB2C       ComCtrls.TToolBar.GetButtonCount
 0001:000AD030       ComCtrls.TToolBar.GetButtonSize
 0001:000AE358       ComCtrls.TToolBar.GetChildren
 0001:000B0530       ComCtrls.TToolBar.GradientDrawButton
 0001:000B0D28       ComCtrls.TToolBar.GradientDrawToolBar
 0001:000ADFFC       ComCtrls.TToolBar.HotImageListChange
 0001:000ADEAC       ComCtrls.TToolBar.ImageListChange
 0001:000B186C       ComCtrls.TToolBar.InitMenu
 0001:000AD168       ComCtrls.TToolBar.InsertButton
 0001:000AE48C       ComCtrls.TToolBar.InternalButtonCount
 0001:000B03B8       ComCtrls.TToolBar.IsCustomDrawn
 0001:000B0E0C       ComCtrls.TToolBar.IsGradientEndColorStored
 0001:000AE3F4       ComCtrls.TToolBar.Loaded
 0001:000ADD34       ComCtrls.TToolBar.LoadImages
 0001:000ADBD8       ComCtrls.TToolBar.Notification
 0001:000AE230       ComCtrls.TToolBar.RecreateButtons
 0001:000AFEB0       ComCtrls.TToolBar.RecreateButtonsFromToolbar
 0001:000AD704       ComCtrls.TToolBar.RefreshButton
 0001:000AD224       ComCtrls.TToolBar.RemoveButton
 0001:000AE5E4       ComCtrls.TToolBar.ReorderButton
 0001:000ACE54       ComCtrls.TToolBar.RepositionButton
 0001:000ACFB8       ComCtrls.TToolBar.RepositionButtons
 0001:000B1D40       ComCtrls.TToolBar.Resize
 0001:000AE450       ComCtrls.TToolBar.ResizeButtons
 0001:000B1CB4       ComCtrls.TToolBar.SaveButtons
 0001:000ADADC       ComCtrls.TToolBar.SetAllowTextButtons
 0001:000B1D6C       ComCtrls.TToolBar.SetAutoSize
 0001:000AD108       ComCtrls.TToolBar.SetButtonHeight
 0001:000AD138       ComCtrls.TToolBar.SetButtonWidth
 0001:000B1A34       ComCtrls.TToolBar.SetCustomizable
 0001:000ADF78       ComCtrls.TToolBar.SetDisabledImageList
 0001:000ADFA8       ComCtrls.TToolBar.SetDisabledImages
 0001:000B0D94       ComCtrls.TToolBar.SetDrawingStyle
 0001:000ADB5C       ComCtrls.TToolBar.SetFlat
 0001:000B1D18       ComCtrls.TToolBar.SetGradientDirection
 0001:000B0D5C       ComCtrls.TToolBar.SetGradientDrawingOptions
 0001:000B0DBC       ComCtrls.TToolBar.SetGradientEndColor
 0001:000B0DE4       ComCtrls.TToolBar.SetGradientStartColor
 0001:000B1D04       ComCtrls.TToolBar.SetHideClippedButtons
 0001:000AE020       ComCtrls.TToolBar.SetHotImageList
 0001:000AE050       ComCtrls.TToolBar.SetHotImages
 0001:000ADED0       ComCtrls.TToolBar.SetImageList
 0001:000ADF00       ComCtrls.TToolBar.SetImages
 0001:000AE0A4       ComCtrls.TToolBar.SetIndent
 0001:000ADB38       ComCtrls.TToolBar.SetList
 0001:000AE0B8       ComCtrls.TToolBar.SetMenu
 0001:000ADAB0       ComCtrls.TToolBar.SetShowCaptions
 0001:000ADB70       ComCtrls.TToolBar.SetTransparent
 0001:000ADB94       ComCtrls.TToolBar.SetWrapable
 0001:000B1930       ComCtrls.TToolBar.TrackMenu
 0001:000AD810       ComCtrls.TToolBar.UpdateButton
 0001:000AD90C       ComCtrls.TToolBar.UpdateButtons
 0001:000ADA10       ComCtrls.TToolBar.UpdateButtonState
 0001:000ADA6C       ComCtrls.TToolBar.UpdateButtonStates
 0001:000ADE30       ComCtrls.TToolBar.UpdateImages
 0001:000AD2B4       ComCtrls.TToolBar.UpdateItem
 0001:000AD4DC       ComCtrls.TToolBar.UpdateItem2
 0001:000AE27C       ComCtrls.TToolBar.WMCaptureChanged
 0001:000AE7C0       ComCtrls.TToolBar.WMEraseBkgnd
 0001:000AE7E0       ComCtrls.TToolBar.WMGetDlgCode
 0001:000AE7F4       ComCtrls.TToolBar.WMGetText
 0001:000AE820       ComCtrls.TToolBar.WMGetTextLength
 0001:000AE2A8       ComCtrls.TToolBar.WMKeyDown
 0001:000AE858       ComCtrls.TToolBar.WMNotifyFormat
 0001:000AE834       ComCtrls.TToolBar.WMSetText
 0001:000AE87C       ComCtrls.TToolBar.WMSize
 0001:000AE8B0       ComCtrls.TToolBar.WMSysChar
 0001:000B1728       ComCtrls.TToolBar.WMSysCommand
 0001:000AE8DC       ComCtrls.TToolBar.WMWindowPosChanged
 0001:000AE9C0       ComCtrls.TToolBar.WMWindowPosChanging
 0001:000B00A8       ComCtrls.TToolBar.WndProc
 0001:000AF054       ComCtrls.TToolBar.WrapButtons
 0001:000AC69C       ComCtrls.TToolButton.ActionChange
 0001:000AC760       ComCtrls.TToolButton.AssignTo
 0001:000AC58C       ComCtrls.TToolButton.BeginUpdate
 0001:000AC610       ComCtrls.TToolButton.CheckMenuDropdown
 0001:000ABAD0       ComCtrls.TToolButton.Click
 0001:000AC204       ComCtrls.TToolButton.CMEnabledChanged
 0001:000AC240       ComCtrls.TToolButton.CMHitTest
 0001:000ABB1C       ComCtrls.TToolButton.CMTextChanged
 0001:000AC174       ComCtrls.TToolButton.CMVisibleChanged
 0001:000AB924       ComCtrls.TToolButton.Create
 0001:000AC594       ComCtrls.TToolButton.EndUpdate
 0001:000AC758       ComCtrls.TToolButton.GetActionLinkClass
 0001:000ABFF8       ComCtrls.TToolButton.GetButtonState
 0001:000AC59C       ComCtrls.TToolButton.GetIndex
 0001:000AC65C       ComCtrls.TToolButton.IsCheckedStored
 0001:000AC67C       ComCtrls.TToolButton.IsImageIndexStored
 0001:000AC5B8       ComCtrls.TToolButton.IsWidthStored
 0001:000AB9A8       ComCtrls.TToolButton.MouseDown
 0001:000ABA04       ComCtrls.TToolButton.MouseMove
 0001:000ABA6C       ComCtrls.TToolButton.MouseUp
 0001:000ABAD8       ComCtrls.TToolButton.Notification
 0001:000ABD74       ComCtrls.TToolButton.Paint
 0001:000AC5C8       ComCtrls.TToolButton.RefreshControl
 0001:000AC09C       ComCtrls.TToolButton.SetAutoSize
 0001:000ABB84       ComCtrls.TToolButton.SetBounds
 0001:000AC10C       ComCtrls.TToolButton.SetButtonState
 0001:000AC268       ComCtrls.TToolButton.SetDown
 0001:000AC2C4       ComCtrls.TToolButton.SetDropdownMenu
 0001:000AC800       ComCtrls.TToolButton.SetEnableDropdown
 0001:000AC2E0       ComCtrls.TToolButton.SetGrouped
 0001:000AC300       ComCtrls.TToolButton.SetImageIndex
 0001:000AC3BC       ComCtrls.TToolButton.SetIndeterminate
 0001:000AC380       ComCtrls.TToolButton.SetMarked
 0001:000AC408       ComCtrls.TToolButton.SetMenuItem
 0001:000AC480       ComCtrls.TToolButton.SetStyle
 0001:000AC564       ComCtrls.TToolButton.SetWrap
 0001:000AC5EC       ComCtrls.TToolButton.UpdateControl
 0001:000AC7A4       ComCtrls.TToolButton.ValidateContainer
 0001:000B1D98       ComCtrls.TToolButtonActionLink.AssignClient
 0001:000B1DBC       ComCtrls.TToolButtonActionLink.IsCheckedLinked
 0001:000B1DF0       ComCtrls.TToolButtonActionLink.IsDropdownMenuLinked
 0001:000B1E28       ComCtrls.TToolButtonActionLink.IsEnableDropdownLinked
 0001:000B1E60       ComCtrls.TToolButtonActionLink.IsImageIndexLinked
 0001:000B1E98       ComCtrls.TToolButtonActionLink.SetChecked
 0001:000B1EB8       ComCtrls.TToolButtonActionLink.SetDropdownMenu
 0001:000B1ED8       ComCtrls.TToolButtonActionLink.SetEnableDropdown
 0001:000B1EF8       ComCtrls.TToolButtonActionLink.SetImageIndex
 0001:000AEC6C       ComCtrls.WrapHorz
 0001:000AEFB4       ComCtrls.WrapSizeHorz
 0001:000AEE98       ComCtrls.WrapSizeVert
 0004:00003960       CommCtrl.ComCtl32DLL
 0001:00029F24       CommCtrl.ImageList_Add
 0001:00029F54       CommCtrl.ImageList_BeginDrag
 0001:00029F0C       CommCtrl.ImageList_Create
 0001:00029F14       CommCtrl.ImageList_Destroy
 0001:00029F64       CommCtrl.ImageList_DragEnter
 0001:00029F6C       CommCtrl.ImageList_DragLeave
 0001:00029F74       CommCtrl.ImageList_DragMove
 0001:00029F7C       CommCtrl.ImageList_DragShowNolock
 0001:00029F3C       CommCtrl.ImageList_Draw
 0001:00029F44       CommCtrl.ImageList_DrawEx
 0001:00029F5C       CommCtrl.ImageList_EndDrag
 0001:00029F34       CommCtrl.ImageList_GetBkColor
 0001:00029F94       CommCtrl.ImageList_GetIconSize
 0001:00029F1C       CommCtrl.ImageList_GetImageCount
 0001:00029F84       CommCtrl.ImageList_Read
 0001:00029F4C       CommCtrl.ImageList_Remove
 0001:00029F2C       CommCtrl.ImageList_SetBkColor
 0001:00029F9C       CommCtrl.ImageList_SetIconSize
 0001:00029F8C       CommCtrl.ImageList_Write
 0001:00029E78       CommCtrl.InitComCtl
 0001:00029E70       CommCtrl.InitCommonControls
 0001:00029ED8       CommCtrl.InitCommonControlsEx
 0004:00003964       CommCtrl._InitCommonControlsEx
 0001:00029FA4       CommCtrl._TrackMouseEvent
 0001:00029FAC       CommDlg.GetSaveFileName
 0001:00029FB4       CommDlg.PrintDlg
 0004:000047A4       ComObj..41
 0001:000A7620       ComObj..EOleError
 0001:000A76D4       ComObj..EOleException
 0001:000A7678       ComObj..EOleSysError
 0001:000A815C       ComObj.ClearExcepInfo
 0003:00004C90       ComObj.CoAddRefServerProcess
 0003:00004C88       ComObj.CoCreateInstanceEx
 0003:00004CA0       ComObj.CoInitFlags
 0003:00004C8C       ComObj.CoInitializeEx
 0004:000047AC       ComObj.ComClassManagerVar
 0002:000008C0       ComObj.ComObj
 0003:00004C94       ComObj.CoReleaseServerProcess
 0003:00004C98       ComObj.CoResumeClassObjects
 0003:00004C9C       ComObj.CoSuspendClassObjects
 0001:000A7B78       ComObj.DispatchInvoke
 0001:000A8150       ComObj.DispatchInvokeError
 0001:000A816C       ComObj.DispCall
 0001:000A8250       ComObj.DispCallByID
 0001:000A807C       ComObj.DispCallError
 0001:000A78B0       ComObj.EOleException.Create
 0001:000A77DC       ComObj.EOleSysError.Create
 0001:000A83A8       ComObj.Finalization
 0001:000A7EE8       ComObj.GetIDsOfNames
 0001:000A832C       ComObj.InitComObj
 0001:000A7974       ComObj.LoadComExProcs
 0004:000047B4       ComObj.NeedToUninitialize
 0001:000A7964       ComObj.OleCheck
 0001:000A7948       ComObj.OleError
 0004:000047A8       ComObj.OleUninitializing
 0001:000A7FC8       ComObj.RaiseException
 0001:000A7EB4       ComObj.RaiseNameException
 0001:000A7A78       ComObj.SafeCallError
 0004:000047B0       ComObj.SaveInitProc
 0003:00004CA4       ComObj.ThreadStrs
 0001:000A778C       ComObj.TrimPunctuation
 0001:000A7FE0       ComObj.VarDispInvoke
 0001:00069E4C       Contnrs..TObjectList
 0001:00069EB4       Contnrs..TOrderedList
 0001:00069F1C       Contnrs..TStack
 0001:00069F7C       Contnrs.TObjectList.Create
 0001:00069FB8       Contnrs.TObjectList.GetItem
 0001:00069FCC       Contnrs.TObjectList.Notify
 0001:0006A010       Contnrs.TOrderedList.Create
 0001:0006A054       Contnrs.TOrderedList.Destroy
 0001:0006A084       Contnrs.TOrderedList.PeekItem
 0001:00069FF8       Contnrs.TOrderedList.Pop
 0001:0006A098       Contnrs.TOrderedList.PopItem
 0001:0006A000       Contnrs.TOrderedList.Push
 0001:0006A0B8       Contnrs.TStack.PushItem
 0004:000046FC       Controls..33
 0001:00083830       Controls..TBaseDragControlObject
 0001:00084BBC       Controls..TControl
 0001:00083D00       Controls..TControlActionLink
 0001:00083B78       Controls..TControlCanvas
 0001:000857F0       Controls..TCustomControl
 0001:00083C18       Controls..TCustomControlAction
 0001:00085C38       Controls..TDockTree
 0001:00085AEC       Controls..TDockZone
 0001:000838F4       Controls..TDragControlObject
 0001:00083980       Controls..TDragControlObjectEx
 0001:00083A10       Controls..TDragDockObject
 0001:00083AD8       Controls..TDragDockObjectEx
 0001:0008378C       Controls..TDragObject
 0001:000856CC       Controls..TGraphicControl
 0001:0008595C       Controls..THintWindow
 0001:00084150       Controls..TMargins
 0001:00085CDC       Controls..TMouse
 0001:00084268       Controls..TPadding
 0001:00086240       Controls..TSiteList
 0001:00084004       Controls..TSizeConstraints
 0001:000852BC       Controls..TWinControl
 0001:0008502C       Controls..TWinControlActionLink
 0001:000868B0       Controls.AbsMin
 0004:00004730       Controls.ActiveDrag
 0001:0008CC0C       Controls.AlignWork
 0003:00004A04       Controls.AnchorAlign
 0003:000049F8       Controls.AnimateWindowProc
 0003:00004B00       Controls.AnimationStyle
 0001:00089818       Controls.BackgroundClipped
 0001:00095D80       Controls.CalcSplitterPos
 0001:00087954       Controls.CancelDrag
 0004:00004744       Controls.CanvasList
 0003:00004ABC       Controls.CaptureControl
 0001:00085D30       Controls.ChangeBiDiModeAlignment
 0001:000875BC       Controls.CheckUndock
 0001:00092C08       Controls.ClientToWindow
 0004:00004702       Controls.ControlAtom
 0004:00004708       Controls.ControlAtomString
 0002:000007B8       Controls.Controls
 0003:000049FC       Controls.CreationControl
 0003:00004AF8       Controls.Ctl3DStyles
 0003:00004A0C       Controls.Cursors
 0001:000860D8       Controls.CursorToIdent
 0003:00004A00       Controls.DefaultDockTreeClass
 0001:0008DB98       Controls.DestroyChildWindow
 0001:0008CA80       Controls.DoAlign
 0001:000915D8       Controls.DoCalcConstraints
 0004:00004738       Controls.DockSiteList
 0001:0008E8F4       Controls.DoControlMsg
 0001:00086EC4       Controls.DoDragOver
 0001:00093888       Controls.DoFindControlZone
 0001:00093FB0       Controls.DoFindZone
 0001:0009390C       Controls.DoForEach
 0001:00095554       Controls.DoGetNextLimit
 0001:0009658C       Controls.DoneControls
 0001:0008CA38       Controls.DoPosition
 0001:00094A64       Controls.DoPrune
 0001:00094F78       Controls.DoSaveZone
 0001:0009523C       Controls.DoSetNewBounds
 0001:0008D844       Controls.DoWriteDesignSize
 0001:0008AB8C       Controls.DoWriteExplicit
 0001:0008AB58       Controls.DoWriteIsControl
 0004:0000471C       Controls.DragCapture
 0004:00004710       Controls.DragControl
 0001:00087630       Controls.DragDone
 0001:00086E74       Controls.DragFindTarget
 0001:00086E48       Controls.DragFindWindow
 0004:00004734       Controls.DragImageList
 0001:00087288       Controls.DragInit
 0001:000873F8       Controls.DragInitControl
 0004:00004718       Controls.DragInternalObject
 0001:00086D90       Controls.DragMessage
 0004:00004714       Controls.DragObject
 0004:00004740       Controls.DragSave
 0004:00004728       Controls.DragSaveCursor
 0004:00004720       Controls.DragStartPos
 0004:0000472C       Controls.DragThreshold
 0001:00086FA0       Controls.DragTo
 0001:000944E8       Controls.DrawCloseButton
 0001:0009457C       Controls.DrawGrabberLine
 0001:00094604       Controls.DrawThemedGrabber
 0003:00004AE8       Controls.EdgeStyles
 0001:00096BAC       Controls.Finalization
 0001:00085E88       Controls.FindControl
 0001:000879A0       Controls.FindDragTarget
 0001:0008796C       Controls.FindVCLWindow
 0001:00087A64       Controls.FreeDeviceContext
 0001:00087B20       Controls.FreeDeviceContexts
 0001:000861D4       Controls.GetCaptureControl
 0001:0008C8A8       Controls.GetClientSize
 0001:0008DFB8       Controls.GetControlAtPos
 0001:00095634       Controls.GetDockAlign
 0001:00086BE0       Controls.GetDockSiteAtPos
 0001:00086F00       Controls.GetDropCtl
 0001:000935B8       Controls.GetLastChildZone
 0001:0008613C       Controls.GetLongHint
 0001:000860F8       Controls.GetShortHint
 0001:000862E0       Controls.GetTopParent
 0001:000956B0       Controls.HideZone
 0001:000860E8       Controls.IdentToCursor
 0003:00004B28       Controls.IMM32DLL
 0001:00096578       Controls.Imm32IsIME
 0001:00096614       Controls.InitControls
 0001:0009621C       Controls.InitIMM32
 0001:00085D44       Controls.InitWndProc
 0003:00004AC8       Controls.InnerStyles
 0001:0008C908       Controls.InsertBefore
 0001:00086994       Controls.IsBeforeTargetWindow
 0001:00086DE8       Controls.IsDelphiHandle
 0001:00092FEC       Controls.IsOrientationSet
 0001:00086B9C       Controls.IsSiteChildOfClient
 0001:00085EE4       Controls.IsVCLControl
 0004:000046F0       Controls.IsVCLControlHook
 0001:000879EC       Controls.ListAdd
 0001:00087A14       Controls.ListRemove
 0003:00004B14       Controls.MakeLast
 0001:0008BC50       Controls.MinVar
 0003:00004B2C       Controls.ModeMap
 0004:000046EC       Controls.Mouse
 0001:00087A34       Controls.MoveWindowOrg
 0004:000046F8       Controls.NewStyleControls
 0001:00092FD0       Controls.NextVisibleZone
 0001:00085E54       Controls.ObjectFromHWnd
 0003:00004B0C       Controls.OrientArray
 0003:00004AD8       Controls.OuterStyles
 0001:000933E0       Controls.ParentNotLast
 0001:00086180       Controls.PerformEraseBackground
 0001:0008D830       Controls.PointsEqual
 0004:0000473C       Controls.QualifyingSites
 0001:0009414C       Controls.ReadControlName
 0001:00086D34       Controls.RegisterDockSite
 0004:0000470C       Controls.RM_GetObjectInstance
 0001:00085F14       Controls.SendAppMessage
 0001:000861FC       Controls.SetCaptureControl
 0001:000964A0       Controls.SetImeMode
 0003:00004AC0       Controls.ShowFlags
 0001:00095730       Controls.ShowZone
 0003:00004B20       Controls.SizeCursors
 0001:000866B0       Controls.TBaseDragControlObject.Assign
 0001:0008668C       Controls.TBaseDragControlObject.Create
 0001:000866DC       Controls.TBaseDragControlObject.EndDrag
 0001:00086700       Controls.TBaseDragControlObject.Finished
 0001:0008B980       Controls.TControl.ActionChange
 0001:0008BD70       Controls.TControl.AdjustSize
 0001:0008BBA4       Controls.TControl.AssignTo
 0001:00089B6C       Controls.TControl.BeginAutoDrag
 0001:00089B88       Controls.TControl.BeginDrag
 0001:000896B0       Controls.TControl.BringToFront
 0001:0008A5D0       Controls.TControl.CalcCursorPos
 0001:0008A738       Controls.TControl.CalcDockSizes
 0001:0008A4D0       Controls.TControl.CanAutoSize
 0001:0008A4D4       Controls.TControl.CanResize
 0001:00089058       Controls.TControl.ChangeScale
 0001:0008B148       Controls.TControl.CheckNewSize
 0001:0008AF3C       Controls.TControl.Click
 0001:00088EE0       Controls.TControl.ClientToScreen
 0001:0008B6D8       Controls.TControl.CMBiDiModeChanged
 0001:0008B604       Controls.TControl.CMColorChanged
 0001:0008B808       Controls.TControl.CMDesignHitTest
 0001:0008B5E4       Controls.TControl.CMEnabledChanged
 0001:0008B920       Controls.TControl.CMFloat
 0001:0008B5F4       Controls.TControl.CMFontChanged
 0001:0008BDFC       Controls.TControl.CMHintShow
 0001:0008B788       Controls.TControl.CMHitTest
 0001:0008BFB0       Controls.TControl.CMMouseActivate
 0001:0008B790       Controls.TControl.CMMouseEnter
 0001:0008B7CC       Controls.TControl.CMMouseLeave
 0001:0008B668       Controls.TControl.CMMouseWheel
 0001:0008B644       Controls.TControl.CMParentBiDiModeChanged
 0001:0008B614       Controls.TControl.CMParentColorChanged
 0001:0008B734       Controls.TControl.CMParentFontChanged
 0001:0008B6F8       Controls.TControl.CMParentShowHintChanged
 0001:0008B764       Controls.TControl.CMSysFontChanged
 0001:0008B5BC       Controls.TControl.CMVisibleChanged
 0001:0008A5A0       Controls.TControl.ConstrainedResize
 0001:00088290       Controls.TControl.Create
 0001:0008B810       Controls.TControl.CreateFloatingDockSite
 0001:0008AFA8       Controls.TControl.DblClick
 0001:0008A010       Controls.TControl.DefaultDockImage
 0001:0008AAB0       Controls.TControl.DefaultHandler
 0001:0008ADAC       Controls.TControl.DefineProperties
 0001:0008A5FC       Controls.TControl.DesignWndProc
 0001:00088388       Controls.TControl.Destroy
 0001:0008BA80       Controls.TControl.DoActionChange
 0001:0008A504       Controls.TControl.DoCanAutoSize
 0001:0008A570       Controls.TControl.DoCanResize
 0001:00088B88       Controls.TControl.Dock
 0001:00089E0C       Controls.TControl.DockTrackNoTarget
 0001:0008A630       Controls.TControl.DoConstrainedResize
 0001:0008A4C0       Controls.TControl.DoConstraintsChange
 0001:0008BF70       Controls.TControl.DoContextPopup
 0001:00088CB8       Controls.TControl.DoDock
 0001:0008A15C       Controls.TControl.DoDragMsg
 0001:00089E24       Controls.TControl.DoEndDock
 0001:00089D0C       Controls.TControl.DoEndDrag
 0001:0008BFD4       Controls.TControl.DoMarginChange
 0001:00089E70       Controls.TControl.DoMouseActivate
 0001:0008B000       Controls.TControl.DoMouseDown
 0001:0008B378       Controls.TControl.DoMouseUp
 0001:00089EA4       Controls.TControl.DoMouseWheel
 0001:00089F78       Controls.TControl.DoMouseWheelDown
 0001:00089FC4       Controls.TControl.DoMouseWheelUp
 0001:00089E50       Controls.TControl.DoStartDock
 0001:00089CEC       Controls.TControl.DoStartDrag
 0001:00089C74       Controls.TControl.DragCanceled
 0001:00089CC0       Controls.TControl.DragDrop
 0001:00089C78       Controls.TControl.Dragging
 0001:00089C84       Controls.TControl.DragOver
 0001:0008A13C       Controls.TControl.DrawDragDockImage
 0001:0008BD90       Controls.TControl.DrawTextBiDiModeFlags
 0001:0008BDD0       Controls.TControl.DrawTextBiDiModeFlagsReadingOnly
 0001:0008A14C       Controls.TControl.EraseDragDockImage
 0001:00089500       Controls.TControl.FontChanged
 0001:00088510       Controls.TControl.GetAction
 0001:0008BAA4       Controls.TControl.GetActionLinkClass
 0001:0008BFE8       Controls.TControl.GetAlignWithMargins
 0001:00088D70       Controls.TControl.GetBoundsRect
 0001:00088E10       Controls.TControl.GetClientHeight
 0001:00088E50       Controls.TControl.GetClientOrigin
 0001:00088DB4       Controls.TControl.GetClientRect
 0001:00088DCC       Controls.TControl.GetClientWidth
 0001:00089B1C       Controls.TControl.GetControlsAlignment
 0001:00089770       Controls.TControl.GetDeviceContext
 0001:0008BC8C       Controls.TControl.GetDockEdge
 0001:00088450       Controls.TControl.GetDragImages
 0001:00088454       Controls.TControl.GetEnabled
 0001:0008BD3C       Controls.TControl.GetFloating
 0001:0008BD68       Controls.TControl.GetFloatingDockSiteClass
 0001:00089678       Controls.TControl.GetMouseCapture
 0001:0008845C       Controls.TControl.GetPalette
 0001:00088468       Controls.TControl.GetParentComponent
 0001:0008B140       Controls.TControl.GetPopupMenu
 0001:00089450       Controls.TControl.GetText
 0001:000893D0       Controls.TControl.GetTextBuf
 0001:000893C0       Controls.TControl.GetTextLen
 0001:000893DC       Controls.TControl.GetUndockHeight
 0001:000893F0       Controls.TControl.GetUndockWidth
 0001:00088460       Controls.TControl.HasParent
 0001:0008BDEC       Controls.TControl.InitiateAction
 0001:00089930       Controls.TControl.Invalidate
 0001:000898A4       Controls.TControl.InvalidateControl
 0001:0008863C       Controls.TControl.IsAnchorsStored
 0001:00089574       Controls.TControl.IsBiDiModeStored
 0001:0008BAAC       Controls.TControl.IsCaptionStored
 0001:0008960C       Controls.TControl.IsColorStored
 0001:0008BACC       Controls.TControl.IsEnabledStored
 0001:00089554       Controls.TControl.IsFontStored
 0001:0008BB0C       Controls.TControl.IsHelpContextStored
 0001:0008BAEC       Controls.TControl.IsHintStored
 0001:0008BB4C       Controls.TControl.IsOnClickStored
 0001:00089568       Controls.TControl.IsShowHintStored
 0001:0008BB2C       Controls.TControl.IsVisibleStored
 0001:0008BB6C       Controls.TControl.Loaded
 0001:0008A24C       Controls.TControl.ManualDock
 0001:0008A42C       Controls.TControl.ManualFloat
 0001:00089944       Controls.TControl.MouseActivate
 0001:0008AFC8       Controls.TControl.MouseDown
 0001:0008B294       Controls.TControl.MouseMove
 0001:0008B340       Controls.TControl.MouseUp
 0001:0008998C       Controls.TControl.MouseWheelHandler
 0001:00088754       Controls.TControl.Notification
 0001:00088494       Controls.TControl.PaletteChanged
 0001:0008A704       Controls.TControl.Perform
 0001:00089D38       Controls.TControl.PositionDockRect
 0001:0008C0C4       Controls.TControl.ReadExplicitHeight
 0001:0008C0DC       Controls.TControl.ReadExplicitLeft
 0001:0008C0AC       Controls.TControl.ReadExplicitTop
 0001:0008C084       Controls.TControl.ReadExplicitWidth
 0001:0008AB38       Controls.TControl.ReadIsControl
 0001:000886C0       Controls.TControl.ReadState
 0001:00089A20       Controls.TControl.Repaint
 0001:00088690       Controls.TControl.RequestAlign
 0001:000886A0       Controls.TControl.Resize
 0001:00088F0C       Controls.TControl.ScaleConstraints
 0001:00088F90       Controls.TControl.ScreenToClient
 0001:00088FBC       Controls.TControl.SendCancelMode
 0001:00088FEC       Controls.TControl.SendDockNotification
 0001:000885C0       Controls.TControl.SetAction
 0001:000887AC       Controls.TControl.SetAlign
 0001:0008BFF0       Controls.TControl.SetAlignWithMargins
 0001:00088520       Controls.TControl.SetAnchors
 0001:0008921C       Controls.TControl.SetAutoSize
 0001:000894E4       Controls.TControl.SetBiDiMode
 0001:00088894       Controls.TControl.SetBounds
 0001:00088D90       Controls.TControl.SetBoundsRect
 0001:00088E28       Controls.TControl.SetClientHeight
 0001:000892DC       Controls.TControl.SetClientSize
 0001:00088DE4       Controls.TControl.SetClientWidth
 0001:000895F0       Controls.TControl.SetColor
 0001:0008BFA4       Controls.TControl.SetConstraints
 0001:0008965C       Controls.TControl.SetCursor
 0001:00088654       Controls.TControl.SetDesignVisible
 0001:0008868C       Controls.TControl.SetDragMode
 0001:000893A8       Controls.TControl.SetEnabled
 0001:00089544       Controls.TControl.SetFont
 0001:00088B54       Controls.TControl.SetHeight
 0001:00088D10       Controls.TControl.SetHelpContext
 0001:00088D24       Controls.TControl.SetHelpKeyword
 0001:00088D48       Controls.TControl.SetHostDockSite
 0001:00088AB8       Controls.TControl.SetLeft
 0001:0008BFDC       Controls.TControl.SetMargins
 0001:00089688       Controls.TControl.SetMouseCapture
 0001:00089238       Controls.TControl.SetName
 0001:00089324       Controls.TControl.SetParent
 0001:00089638       Controls.TControl.SetParentBiDiMode
 0001:00089614       Controls.TControl.SetParentColor
 0001:0008846C       Controls.TControl.SetParentComponent
 0001:0008957C       Controls.TControl.SetParentFont
 0001:000895C4       Controls.TControl.SetParentShowHint
 0001:00089404       Controls.TControl.SetPopupMenu
 0001:000895A0       Controls.TControl.SetShowHint
 0001:00089480       Controls.TControl.SetText
 0001:0008942C       Controls.TControl.SetTextBuf
 0001:00088AEC       Controls.TControl.SetTop
 0001:00089370       Controls.TControl.SetVisible
 0001:00088B20       Controls.TControl.SetWidth
 0001:0008974C       Controls.TControl.SetZOrder
 0001:000896C4       Controls.TControl.SetZOrderPosition
 0001:00089A0C       Controls.TControl.Update
 0001:00088934       Controls.TControl.UpdateAnchorRules
 0001:0008A7AC       Controls.TControl.UpdateBoundsRect
 0001:0008C020       Controls.TControl.UpdateExplicitBounds
 0001:00089B38       Controls.TControl.UseRightToLeftAlignment
 0001:00089B20       Controls.TControl.UseRightToLeftReading
 0001:00089B50       Controls.TControl.UseRightToLeftScrollBar
 0001:0008A7DC       Controls.TControl.VisibleChanging
 0001:0008B4CC       Controls.TControl.WMCancelMode
 0001:0008BE2C       Controls.TControl.WMContextMenu
 0001:0008B0EC       Controls.TControl.WMLButtonDblClk
 0001:0008B084       Controls.TControl.WMLButtonDown
 0001:0008B3B0       Controls.TControl.WMLButtonUp
 0001:0008B268       Controls.TControl.WMMButtonDblClk
 0001:0008B23C       Controls.TControl.WMMButtonDown
 0001:0008B454       Controls.TControl.WMMButtonUp
 0001:0008B2C8       Controls.TControl.WMMouseMove
 0001:0008B474       Controls.TControl.WMMouseWheel
 0001:0008B0D0       Controls.TControl.WMNCLButtonDown
 0001:0008B210       Controls.TControl.WMRButtonDblClk
 0001:0008B1E4       Controls.TControl.WMRButtonDown
 0001:0008B434       Controls.TControl.WMRButtonUp
 0001:0008B50C       Controls.TControl.WMWindowPosChanged
 0001:0008A7E0       Controls.TControl.WndProc
 0001:0008C064       Controls.TControl.WriteExplicitHeight
 0001:0008C074       Controls.TControl.WriteExplicitLeft
 0001:0008C054       Controls.TControl.WriteExplicitTop
 0001:0008C09C       Controls.TControl.WriteExplicitWidth
 0001:0008AB4C       Controls.TControl.WriteIsControl
 0001:00087E3C       Controls.TControlActionLink.AssignClient
 0001:00087E58       Controls.TControlActionLink.DoShowHint
 0001:00087F48       Controls.TControlActionLink.IsCaptionLinked
 0001:00087FBC       Controls.TControlActionLink.IsDropdownMenuLinked
 0001:00087FD0       Controls.TControlActionLink.IsEnabledLinked
 0001:00088004       Controls.TControlActionLink.IsEnableDropdownLinked
 0001:000881A4       Controls.TControlActionLink.IsHelpLinked
 0001:00088018       Controls.TControlActionLink.IsHintLinked
 0001:000880C4       Controls.TControlActionLink.IsOnExecuteLinked
 0001:00088050       Controls.TControlActionLink.IsPopupMenuLinked
 0001:00088090       Controls.TControlActionLink.IsVisibleLinked
 0001:000880EC       Controls.TControlActionLink.SetCaption
 0001:0008810C       Controls.TControlActionLink.SetDropdownMenu
 0001:00088110       Controls.TControlActionLink.SetEnabled
 0001:00088130       Controls.TControlActionLink.SetEnableDropdown
 0001:0008822C       Controls.TControlActionLink.SetHelpContext
 0001:0008820C       Controls.TControlActionLink.SetHelpKeyword
 0001:0008824C       Controls.TControlActionLink.SetHelpType
 0001:00088134       Controls.TControlActionLink.SetHint
 0001:00088178       Controls.TControlActionLink.SetOnExecute
 0001:0008826C       Controls.TControlActionLink.SetPopupMenu
 0001:00088158       Controls.TControlActionLink.SetVisible
 0001:00087BF8       Controls.TControlCanvas.CreateHandle
 0001:00087BCC       Controls.TControlCanvas.Destroy
 0001:00087CA0       Controls.TControlCanvas.FreeHandle
 0001:00087CD4       Controls.TControlCanvas.SetControl
[...]
  3834 0001:000BD2A8  3836 0001:000BD2B5  3837 0001:000BD2C0  3840 0001:000BD2C7
  3841 0001:000BD2DA  3842 0001:000BD2EB  3845 0001:000BD2F9  3846 0001:000BD309
  3847 0001:000BD30B  3848 0001:000BD310  3855 0001:000BD318  3857 0001:000BD325
  3858 0001:000BD330  3861 0001:000BD337  3862 0001:000BD34D  3863 0001:000BD361
  3866 0001:000BD372  3867 0001:000BD382  3868 0001:000BD384  3869 0001:000BD389
  3881 0001:000BD394  3883 0001:000BD3A5  3885 0001:000BD3B5  3886 0001:000BD3C0
  3889 0001:000BD3C9  3892 0001:000BD3D4  3894 0001:000BD3EB  3899 0001:000BD431
  3901 0001:000BD43C  3902 0001:000BD442  3905 0001:000BD446  3906 0001:000BD449
  3907 0001:000BD455  3914 0001:000BD460  3916 0001:000BD46C  3917 0001:000BD476
  3920 0001:000BD478  3923 0001:000BD481  3924 0001:000BD48D  3925 0001:000BD48F
  3926 0001:000BD497  3934 0001:000BD4A0  3936 0001:000BD4AA  3937 0001:000BD4B7
  3938 0001:000BD4C1  3941 0001:000BD4CA  3942 0001:000BD4DD  3943 0001:000BD4EE
  3944 0001:000BD4FC  3947 0001:000BD505  3948 0001:000BD514  3949 0001:000BD517
  3950 0001:000BD51A  3951 0001:000BD522  3959 0001:000BD52C  3961 0001:000BD539
  3962 0001:000BD543  3963 0001:000BD54A  3966 0001:000BD552  3967 0001:000BD560
  3968 0001:000BD56C  3969 0001:000BD575  3972 0001:000BD581  3973 0001:000BD590
  3974 0001:000BD593  3975 0001:000BD595  3976 0001:000BD59D  3984 0001:000BD5A8
  3986 0001:000BD5B8  3987 0001:000BD5C2  3988 0001:000BD5C4  3991 0001:000BD5C6
  3992 0001:000BD5CC  3995 0001:000BD5D2  3996 0001:000BD5DE  3997 0001:000BD5EA
  3998 0001:000BD5F4  3999 0001:000BD5FC  4007 0001:000BD604  4009 0001:000BD610
  4010 0001:000BD61A  4011 0001:000BD61C  4014 0001:000BD624  4015 0001:000BD62D
  4018 0001:000BD639  4019 0001:000BD645  4020 0001:000BD648  4021 0001:000BD652
  4022 0001:000BD65A  4034 0001:000BD664  4035 0001:000BD670  4038 0001:000BD67A
  4041 0001:000BD6B0  4042 0001:000BD6C4  4043 0001:000BD6D5  4047 0001:000BD6E6
  4048 0001:000BD6FF  4049 0001:000BD70D  4053 0001:000BD71B  4054 0001:000BD72C
  4055 0001:000BD73A  4059 0001:000BD748  4060 0001:000BD759  4061 0001:000BD767
  4066 0001:000BD773  4069 0001:000BD792  4071 0001:000BD7A8  4073 0001:000BD7C6
  4076 0001:000BD7D3  4078 0001:000BD7DD  4080 0001:000BD7FB  4083 0001:000BD80F
  4087 0001:000BD817  4089 0001:000BD831  4092 0001:000BD83C  4093 0001:000BD84D
  4096 0001:000BD865  4098 0001:000BD86B  4099 0001:000BD87A  4084 0001:000BD883
  4102 0001:000BD88C  4066 0001:000BD8A0  4105 0001:000BD8AB  4106 0001:000BD8B5
  4113 0001:000BD8C0  4122 0001:000BD8C8  4123 0001:000BD8D4  4127 0001:000BD8DF
  4128 0001:000BD8E6  4130 0001:000BD8F7  4131 0001:000BD8FC  4132 0001:000BD90D
  4123 0001:000BD90E  4135 0001:000BD911  4136 0001:000BD91D  4137 0001:000BD928
  4138 0001:000BD93B  4136 0001:000BD93C  4141 0001:000BD93F  4142 0001:000BD94B
  4146 0001:000BD956  4147 0001:000BD95D  4149 0001:000BD96E  4151 0001:000BD973
  4154 0001:000BD97E  4156 0001:000BD99B  4142 0001:000BD99C  4159 0001:000BD99F
  4162 0001:000BD9AB  4163 0001:000BD9B0  4164 0001:000BD9B5  4168 0001:000BD9C0
  4170 0001:000BD9C7  4171 0001:000BD9D6  4174 0001:000BD9E6  4176 0001:000BD9F1
  4178 0001:000BDA14  4164 0001:000BDA15  4183 0001:000BDA18  4188 0001:000BDA26
  4190 0001:000BDA4A  4191 0001:000BDA4E  4196 0001:000BDA53  4197 0001:000BDA5D
  4199 0001:000BDA5F  4201 0001:000BDA75  4203 0001:000BDA7B  4205 0001:000BDA98
  4206 0001:000BDA9B  4210 0001:000BDA9D  4211 0001:000BDAAC  4213 0001:000BDAD0
  4210 0001:000BDAD5  4216 0001:000BDAD8  4218 0001:000BDAE2  4219 0001:000BDAE5
  4222 0001:000BDAED  4197 0001:000BDAEE  4223 0001:000BDAF7  4229 0001:000BDB0C
  4231 0001:000BDB2B  4232 0001:000BDB36  4235 0001:000BDB56  4236 0001:000BDB67
  4250 0001:000BDB90  4252 0001:000BDBBA  4253 0001:000BDBC8  4256 0001:000BDBD2
  4259 0001:000BDBF1  4260 0001:000BDBF5  4261 0001:000BDC19  4265 0001:000BDC1E
  4266 0001:000BDC2B  4267 0001:000BDC3D  4268 0001:000BDC46  4269 0001:000BDC51
  4270 0001:000BDC54  4271 0001:000BDC66  4273 0001:000BDC68  4274 0001:000BDC78
  4275 0001:000BDC8A  4276 0001:000BDC9C  4278 0001:000BDCA0  4279 0001:000BDCA3
  4270 0001:000BDCA6  4280 0001:000BDCAB  4281 0001:000BDCC1  4290 0001:000BDCF0
  4292 0001:000BDCFF  4293 0001:000BDD12  4295 0001:000BDD1F  4296 0001:000BDD32
  4298 0001:000BDD51  4301 0001:000BDD54  4302 0001:000BDD6B  4303 0001:000BDD7B
  4305 0001:000BDD7D  4306 0001:000BDD8B  4307 0001:000BDD9A  4308 0001:000BDDA9
  4302 0001:000BDDAC  4311 0001:000BDDAF  4312 0001:000BDDB9  4316 0001:000BDDC4
  4318 0001:000BDDDD  4319 0001:000BDDEE  4321 0001:000BDDF6  4322 0001:000BDE14
  4328 0001:000BDE38  4330 0001:000BDE51  4331 0001:000BDE62  4333 0001:000BDE74
  4334 0001:000BDE92  4338 0001:000BDEB4  4340 0001:000BDEC6  4341 0001:000BDECF
  4342 0001:000BDEDB  4346 0001:000BDEF8  4348 0001:000BDEFB  4351 0001:000BDF01
  4352 0001:000BDF0D  4355 0001:000BDF14  4356 0001:000BDF1E  4359 0001:000BDF20
  4360 0001:000BDF26  4361 0001:000BDF35  4362 0001:000BDF49  4364 0001:000BDF75
  4365 0001:000BDF9A  4373 0001:000BDFA8  4375 0001:000BDFB6  4376 0001:000BDFC7
  4377 0001:000BDFD1  4379 0001:000BDFDA  4380 0001:000BDFE2  4381 0001:000BDFE5
  4383 0001:000BDFE7  4385 0001:000BE037  4388 0001:000BE084  4381 0001:000BE085
  4388 0001:000BE091  4392 0001:000BE0B8  4394 0001:000BE0BE  4396 0001:000BE0D0
  4397 0001:000BE0DC  4403 0001:000BE0E0  4405 0001:000BE0E6  4406 0001:000BE0EA
  4408 0001:000BE0F4  4409 0001:000BE105  4411 0001:000BE11D  4412 0001:000BE12E
  4413 0001:000BE13D  4417 0001:000BE165  4418 0001:000BE16E  4424 0001:000BE174
  4426 0001:000BE179  4428 0001:000BE180  4429 0001:000BE191  4428 0001:000BE1A4
  4430 0001:000BE1A7  4431 0001:000BE1B4  4469 0001:000BE1B8  4471 0001:000BE1CA
  4474 0001:000BE1D3  4475 0001:000BE1E5  4476 0001:000BE1F2  4477 0001:000BE1F9
  4478 0001:000BE200  4480 0001:000BE20A  4482 0001:000BE21E  4486 0001:000BE23C
  4488 0001:000BE247  4489 0001:000BE24E  4490 0001:000BE259  4491 0001:000BE263
  4494 0001:000BE268  4495 0001:000BE274  4499 0001:000BE284  4501 0001:000BE28D
  4504 0001:000BE29C  4507 0001:000BE2D0  4510 0001:000BE30A  4511 0001:000BE31A
  4513 0001:000BE322  4516 0001:000BE32A  4519 0001:000BE332  4522 0001:000BE34A
  4525 0001:000BE361  4527 0001:000BE37A  4534 0001:000BE380  4535 0001:000BE384
  4538 0001:000BE388  4542 0001:000BE38C  4544 0001:000BE38F  4545 0001:000BE39A
  4546 0001:000BE3AF  4547 0001:000BE3B1  4551 0001:000BE3B4  4553 0001:000BE3B7
  4554 0001:000BE3C2  4555 0001:000BE3D1  4556 0001:000BE3D3  4561 0001:000BE3D8
  4562 0001:000BE3E5  4566 0001:000BE3E8  4567 0001:000BE408  4568 0001:000BE419
  4574 0001:000BE43C  4575 0001:000BE444  4576 0001:000BE455  4664 0001:000BE458
  4666 0001:000BE46F  4667 0001:000BE493  4671 0001:000BE4AF  4672 0001:000BE4CC
  4674 0001:000BE4CE  4683 0001:000BE4F4  4686 0001:000BE4FD  4687 0001:000BE500
  4689 0001:000BE502  4692 0001:000BE50C  4693 0001:000BE50F  4695 0001:000BE512
  4744 0001:000BE514  4746 0001:000BE54E  4747 0001:000BE572  4749 0001:000BE57D
  4750 0001:000BE58C  4751 0001:000BE59B  4752 0001:000BE5A6  4753 0001:000BE5CB
  4754 0001:000BE619  4757 0001:000BE667  4758 0001:000BE679  4759 0001:000BE681
  4760 0001:000BE68B  4764 0001:000BE69D  4766 0001:000BE6A7  4767 0001:000BE6D1
  4770 0001:000BE6EE  4772 0001:000BE6FA  4773 0001:000BE709  4774 0001:000BE712
  4778 0001:000BE736  4781 0001:000BE746  4784 0001:000BE772  4785 0001:000BE77E
  4787 0001:000BE794  4791 0001:000BE7B0  4792 0001:000BE7B6  4793 0001:000BE7BF
  4795 0001:000BE7E1  4797 0001:000BE7E7  4800 0001:000BE815  4803 0001:000BE82A
  4805 0001:000BE83E  4807 0001:000BE854  4808 0001:000BE85E  4809 0001:000BE864
  4811 0001:000BE87D  4813 0001:000BE889  4815 0001:000BE8C1  4817 0001:000BE8F7
  4820 0001:000BE92A  4803 0001:000BE92D  4823 0001:000BE934  4824 0001:000BE93A
  4825 0001:000BE950  4826 0001:000BE95E  4828 0001:000BE971  4800 0001:000BE974
  4830 0001:000BE982  4831 0001:000BE992  4834 0001:000BE9A7  4835 0001:000BE9BB
  4836 0001:000BE9D0  4837 0001:000BE9E6  4839 0001:000BEA1A  4841 0001:000BEA4E
  4843 0001:000BEA80  4834 0001:000BEA83  4846 0001:000BEA8A  4847 0001:000BEA90
  4848 0001:000BEAA6  4849 0001:000BEAB4  4852 0001:000BEAC7  4831 0001:000BEACA
  4855 0001:000BEAD8  4856 0001:000BEAEF  4858 0001:000BEB06  4861 0001:000BEB1B
  4863 0001:000BEB20  4864 0001:000BEB25  4865 0001:000BEB3B  4869 0001:000BEB44
  4870 0001:000BEB5C  4871 0001:000BEB81  4872 0001:000BEBAC  4876 0001:000BEBB5
  4878 0001:000BEBBE  4879 0001:000BEBCA  4881 0001:000BEC01  4883 0001:000BEC2E
  4888 0001:000BEC54  4889 0001:000BEC61  4892 0001:000BEC6B  4895 0001:000BEC77
  4896 0001:000BEC7D  4897 0001:000BEC93  4899 0001:000BECA1  4858 0001:000BECA4
  4903 0001:000BECAD  4906 0001:000BECD9  4907 0001:000BECE6  4908 0001:000BECEF
  4909 0001:000BECF8  4915 0001:000BED24  4917 0001:000BED2E  4918 0001:000BED3D
  4921 0001:000BED57  4924 0001:000BED66  4926 0001:000BED7A  4933 0001:000BEDA3
  4934 0001:000BEDB2  4940 0001:000BEDF7  4956 0001:000BEDFC  4958 0001:000BEE22
  4959 0001:000BEE27  4961 0001:000BEE2F  4964 0001:000BEE3E  4966 0001:000BEE52
  4967 0001:000BEE70  4971 0001:000BEE75  4972 0001:000BEE77  4976 0001:000BEE8A
  4977 0001:000BEE8D  4978 0001:000BEE9E  4984 0001:000BEEA6  4987 0001:000BEEB9
  4988 0001:000BEECB  4991 0001:000BEEE9  4993 0001:000BEEF4  4997 0001:000BEF03
  4999 0001:000BEF28  5000 0001:000BEF3A  5001 0001:000BEF58  5005 0001:000BEF5D
  5007 0001:000BEF9F  5008 0001:000BEFA2  5009 0001:000BEFB3  5012 0001:000BEFB8
  5015 0001:000BEFD9  5019 0001:000BEFF8  5022 0001:000BF033  5023 0001:000BF044
  5028 0001:000BF062  5029 0001:000BF094  5031 0001:000BF0AD  5032 0001:000BF0BE
  5036 0001:000BF0C8  5039 0001:000BF0EB  5042 0001:000BF0FC  5043 0001:000BF100
  5044 0001:000BF11E  5048 0001:000BF188  5049 0001:000BF18E  5050 0001:000BF1A0
  5054 0001:000BF1A4  5055 0001:000BF1AA  5056 0001:000BF1BC  5062 0001:000BF1C0
  5063 0001:000BF1D0  5064 0001:000BF1DF  5065 0001:000BF1ED  5066 0001:000BF1FE
  5067 0001:000BF20F  5068 0001:000BF245  5070 0001:000BF263  5072 0001:000BF273
  5077 0001:000BF27C  5078 0001:000BF289  5079 0001:000BF298  5080 0001:000BF2A6
  5081 0001:000BF2B6  5083 0001:000BF2D8  5085 0001:000BF2E8  5089 0001:000BF2F0
  5090 0001:000BF2F3  5091 0001:000BF2FF  5099 0001:000BF304  5101 0001:000BF30D
  5103 0001:000BF31F  5104 0001:000BF330  5105 0001:000BF345  5103 0001:000BF346
  5105 0001:000BF349  5111 0001:000BF350  5113 0001:000BF357  5114 0001:000BF360
  5116 0001:000BF36E  5117 0001:000BF375  5119 0001:000BF388  5120 0001:000BF38F
  5122 0001:000BF39F  5123 0001:000BF3A6  5126 0001:000BF3AD  5128 0001:000BF3B4
  5129 0001:000BF3BD  5132 0001:000BF3DA  5133 0001:000BF3E0  5164 0001:000BF3E4
  5165 0001:000BF3E8  5168 0001:000BF3F5  5169 0001:000BF404  5171 0001:000BF409
  5173 0001:000BF444  5174 0001:000BF448  5177 0001:000BF44C  5178 0001:000BF461
  5179 0001:000BF465  5180 0001:000BF469  5182 0001:000BF47E  5185 0001:000BF491
  5189 0001:000BF494  5192 0001:000BF4A0  5193 0001:000BF4B1  5196 0001:000BF4C0
  5199 0001:000BF4E5  5200 0001:000BF4F7  5201 0001:000BF508  5202 0001:000BF519
  5205 0001:000BF52D  5207 0001:000BF539  5208 0001:000BF55A  5209 0001:000BF56A
  5215 0001:000BF575  5217 0001:000BF57F  5232 0001:000BF588  5234 0001:000BF59B
  5237 0001:000BF5A7  5240 0001:000BF5AE  5244 0001:000BF5BE  5246 0001:000BF5CA
  5247 0001:000BF5E4  5248 0001:000BF602  5249 0001:000BF613  5252 0001:000BF624
  5253 0001:000BF631  5254 0001:000BF644  5255 0001:000BF658  5256 0001:000BF666
  5260 0001:000BF674  5262 0001:000BF67E  5265 0001:000BF68C  5266 0001:000BF69E
  5267 0001:000BF6A7  5268 0001:000BF6B9  5270 0001:000BF6CA  5271 0001:000BF6D1
  5272 0001:000BF6D9  5273 0001:000BF6E1  5268 0001:000BF6E5  5274 0001:000BF6E8
  5278 0001:000BF6FF  5279 0001:000BF710  5285 0001:000BF71C  5287 0001:000BF726
  5288 0001:000BF736  5289 0001:000BF746  5290 0001:000BF756  5293 0001:000BF766
  5294 0001:000BF76D  5296 0001:000BF784  5297 0001:000BF795  5299 0001:000BF79E
  5300 0001:000BF7C2  5301 0001:000BF7DF  5296 0001:000BF7E0  5302 0001:000BF7E3
  5306 0001:000BF7EC  5307 0001:000BF7F0  5308 0001:000BF7F5  5309 0001:000BF806
  5310 0001:000BF819  5311 0001:000BF81B  5316 0001:000BF820  5317 0001:000BF824
  5318 0001:000BF829  5320 0001:000BF846  5325 0001:000BF84C  5326 0001:000BF850
  5327 0001:000BF855  5329 0001:000BF872  5337 0001:000BF878  5339 0001:000BF87A
  5340 0001:000BF883  5342 0001:000BF887  5337 0001:000BF888  5342 0001:000BF890
  5348 0001:000BF894  5349 0001:000BF899  5351 0001:000BF8A2  5353 0001:000BF8A4
  5356 0001:000BF8C0  5358 0001:000BF8EF  5360 0001:000BF8F3  5364 0001:000BF8FB
  5365 0001:000BF8FF  5366 0001:000BF905  5370 0001:000BF90B  5467 0001:000BF914
  5468 0001:000BF917  5470 0001:000BF933  5471 0001:000BF93E  5472 0001:000BF940
  5500 0001:000BF944  5501 0001:000BF94D  5502 0001:000BF984  5509 0001:000BF98C
  5510 0001:000BF99B  5513 0001:000BF9A6  5514 0001:000BF9B2  5516 0001:000BF9BC
  5518 0001:000BF9EB  5521 0001:000BFA27  5525 0001:000BFA3D  5527 0001:000BFA52
  5528 0001:000BFA71  5532 0001:000BFAB0  5533 0001:000BFABC  5534 0001:000BFADA
  5535 0001:000BFAF7  5537 0001:000BFB15  5540 0001:000BFB1A  5559 0001:000BFB24
  5560 0001:000BFB33  5563 0001:000BFB3E  5566 0001:000BFB58  5567 0001:000BFB64
  5569 0001:000BFB6E  5571 0001:000BFB9D  5575 0001:000BFBE4  5578 0001:000BFC20
  5583 0001:000BFC28  5584 0001:000BFC37  5585 0001:000BFC4D  5586 0001:000BFC6E
  5591 0001:000BFC78  5592 0001:000BFC87  5594 0001:000BFC9D  5595 0001:000BFCA6
  5596 0001:000BFCB2  5598 0001:000BFCBD  5605 0001:000BFCC4  5606 0001:000BFCD3
  5607 0001:000BFCE7  5608 0001:000BFD03  5613 0001:000BFD0C  5614 0001:000BFD1B
  5615 0001:000BFD2F  5620 0001:000BFD38  5621 0001:000BFD44  5622 0001:000BFD5A
  5631 0001:000BFD64  5632 0001:000BFD87  5635 0001:000BFD9B  5638 0001:000BFDA6
  5639 0001:000BFDB5  5640 0001:000BFDBE  5641 0001:000BFDC7  5643 0001:000BFDE4
  5644 0001:000BFDF1  5645 0001:000BFE02  5649 0001:000BFE1F  5650 0001:000BFE44
  5652 0001:000BFE7F  5649 0001:000BFE82  5655 0001:000BFE87  5658 0001:000BFEA3
  5659 0001:000BFEB1  5660 0001:000BFEC5  5661 0001:000BFEEA  5662 0001:000BFF1C
  5660 0001:000BFF1F  5663 0001:000BFF24  5664 0001:000BFF32  5668 0001:000BFF3E
  5670 0001:000BFF4E  5671 0001:000BFF5C  5672 0001:000BFF6D  5673 0001:000BFF92
  5674 0001:000BFFC4  5672 0001:000BFFC7  5675 0001:000BFFCC  5676 0001:000BFFDA
  5681 0001:000BFFE6  5682 0001:000BFFF2  5685 0001:000BFFFE  5686 0001:000C000A
  5687 0001:000C0016  5688 0001:000C0022  5691 0001:000C002E  5692 0001:000C0037
  5696 0001:000C0042  5698 0001:000C0060  5702 0001:000C0084  5703 0001:000C0093
  5705 0001:000C00BF  5707 0001:000C00CA  5708 0001:000C00DB  5709 0001:000C00EF
  5710 0001:000C00FC  5712 0001:000C0110  5714 0001:000C0122  5719 0001:000C0128
  5720 0001:000C0137  5722 0001:000C0163  5724 0001:000C016E  5725 0001:000C017F
  5726 0001:000C0192  5727 0001:000C019F  5729 0001:000C01B2  5731 0001:000C01C5
  5732 0001:000C01CA  5736 0001:000C01D4  5737 0001:000C01DD  5738 0001:000C01EB
  5742 0001:000C01F4  5743 0001:000C0200  5744 0001:000C020C  5745 0001:000C0218
  5746 0001:000C0224  5751 0001:000C0228  5753 0001:000C0237  5754 0001:000C024C
  5757 0001:000C0258  5758 0001:000C026B  5759 0001:000C0281  5760 0001:000C0292
  5764 0001:000C029C  5766 0001:000C02A8  5767 0001:000C02B5  5768 0001:000C02C8
  5769 0001:000C02DE  5772 0001:000C02EF  5773 0001:000C02FD  5776 0001:000C0304
  5777 0001:000C0313  5780 0001:000C0321  5781 0001:000C0327  5784 0001:000C0337
  5785 0001:000C034E  5788 0001:000C035F  5789 0001:000C0370  5791 0001:000C037E
  5795 0001:000C0384  5796 0001:000C0390  5797 0001:000C039D  5818 0001:000C03A4
  5821 0001:000C03CD  5822 0001:000C03D2

Line numbers for pngimage(PNGImage.pas) segment .itext

  5805 0002:000009CC  5807 0002:000009D5  5809 0002:000009DC  5811 0002:000009E3
  5814 0002:000009E8  5816 0002:00000A02

Line numbers for uEffectPNG(uEffectPNG.pas) segment .text

   482 0001:00000000

Line numbers for uEffectPNGToolbar(uEffectPNGToolbar.pas) segment .text

   133 0001:00000000

Line numbers for Unit3(Unit3.pas) segment .text

    74 0001:000C0688    75 0001:000C06AD    77 0001:000C06C5    80 0001:000C0722
    81 0001:000C0746    83 0001:000C0790    84 0001:000C07B3    86 0001:000C07BD
    87 0001:000C07D3    88 0001:000C07EF    89 0001:000C07FD    91 0001:000C0835
    93 0001:000C0845    96 0001:000C084D    97 0001:000C0853   101 0001:000C087C
   102 0001:000C0885   103 0001:000C089B   105 0001:000C08AE   106 0001:000C08B4
   110 0001:000C08BC   111 0001:000C08BF   112 0001:000C08C7   118 0001:000C08CC
   119 0001:000C08D0   120 0001:000C08DA   121 0001:000C08DF   122 0001:000C08E5
   124 0001:000C08F2   127 0001:000C08F8   129 0001:000C08FB   130 0001:000C090F
   131 0001:000C0927   132 0001:000C093B   135 0001:000C0940   136 0001:000C0943
   137 0001:000C0955   138 0001:000C095C   139 0001:000C0963   142 0001:000C0968
   145 0001:000C096D   146 0001:000C097F   143 0001:000C098C   148 0001:000C099B
   153 0001:000C09A0   155 0001:000C09A6   156 0001:000C09AF   157 0001:000C09C4
   160 0001:000C09E6   161 0001:000C09FA   163 0001:000C0A1A   164 0001:000C0A26
   165 0001:000C0A33   166 0001:000C0A43   168 0001:000C0A53   169 0001:000C0A67
   170 0001:000C0A75   179 0001:000C0A7C   180 0001:000C0A8D   181 0001:000C0AC7
   184 0001:000C0AD0   185 0001:000C0AE3   186 0001:000C0B0B   187 0001:000C0B25
   189 0001:000C0B30   190 0001:000C0B42   192 0001:000C0B47   193 0001:000C0B4D
   196 0001:000C0B56   197 0001:000C0B7C   199 0001:000C0B8D   200 0001:000C0B92
   203 0001:000C0B97   204 0001:000C0BC2   206 0001:000C0BD3   207 0001:000C0BD8
   210 0001:000C0BDD   211 0001:000C0C0E   213 0001:000C0C1F   214 0001:000C0C24
   217 0001:000C0C29   218 0001:000C0C67   220 0001:000C0C78   221 0001:000C0C7D
   224 0001:000C0C82   225 0001:000C0CAB   227 0001:000C0CBC   228 0001:000C0CC1
   231 0001:000C0CC6   232 0001:000C0CF9   234 0001:000C0D0A   235 0001:000C0D0F
   238 0001:000C0D14   239 0001:000C0D3D   241 0001:000C0D4E   242 0001:000C0D53
   245 0001:000C0D58   246 0001:000C0D88   248 0001:000C0D99   249 0001:000C0D9E
   252 0001:000C0DA0   253 0001:000C0DCC   255 0001:000C0DDD   258 0001:000C0DE2
   262 0001:000C0DF0   263 0001:000C0DFA   274 0001:000C0E14   275 0001:000C0E1B
   276 0001:000C0E37   277 0001:000C0E41   278 0001:000C0E47   280 0001:000C0E4C
   282 0001:000C0E5A   284 0001:000C0E63   285 0001:000C0E6D   286 0001:000C0E77
   287 0001:000C0E81   288 0001:000C0E8B   291 0001:000C0E92   293 0001:000C0E9E
   294 0001:000C0EAC   296 0001:000C0ECB   297 0001:000C0ED4   305 0001:000C0ED8
   306 0001:000C0EE1   307 0001:000C0EEF   308 0001:000C0EF9   309 0001:000C0F01
   310 0001:000C0F0E   311 0001:000C0F12   312 0001:000C0F20   314 0001:000C0F2F
   315 0001:000C0F33   317 0001:000C0F53   321 0001:000C0F86   323 0001:000C0F90

Line numbers for Unit3(Unit3.pas) segment .itext

   325 0002:00000A34   326 0002:00000A3D   327 0002:00000A47   328 0002:00000A4C

Line numbers for Project2(C:\Users\MaWarm\Documents\Projects\TUO\API\Windows\Examples\DWM_GlassEffect\ToolbarInCaption\Project2.dpr) segment .itext

    16 0002:00000A50    17 0002:00000A60    18 0002:00000A6C    19 0002:00000A84
    20 0002:00000A90

Bound resource files

c:\program files (x86)\borland\bds\4.0\lib\Controls.res
c:\program files (x86)\borland\bds\4.0\lib\Buttons.res
c:\program files (x86)\borland\bds\4.0\lib\ExtDlgs.res
c:\program files (x86)\borland\bds\4.0\lib\WindowsXP.res
Unit3.dfm
Images.res
Project2.res
Project2.drf


Program entry point at 0002:00000A50
