
 Start         Length     Name                   Class
 0001:00401000 0005403CH .text                   CODE
 0002:00456000 00000750H .itext                  ICODE
 0003:00457000 00001ABCH .data                   DATA
 0004:00459000 000035B0H .bss                    BSS
 0005:00000000 00000034H .tls                    TLS


Detailed map of segments

 0001:00000000 00005811 C=CODE     S=.text    G=(none)   M=System   ACBP=A9
 0001:00005814 00000105 C=CODE     S=.text    G=(none)   M=SysInit  ACBP=A9
 0001:0000591C 00000058 C=CODE     S=.text    G=(none)   M=Types    ACBP=A9
 0001:00005974 00000B80 C=CODE     S=.text    G=(none)   M=Windows  ACBP=A9
 0001:000064F4 000002D8 C=CODE     S=.text    G=(none)   M=SysConst ACBP=A9
 0001:000067CC 0000677D C=CODE     S=.text    G=(none)   M=SysUtils ACBP=A9
 0001:0000CF4C 000007EE C=CODE     S=.text    G=(none)   M=VarUtils ACBP=A9
 0001:0000D73C 00002990 C=CODE     S=.text    G=(none)   M=Variants ACBP=A9
 0001:000100CC 000000F8 C=CODE     S=.text    G=(none)   M=RTLConsts ACBP=A9
 0001:000101C4 0000090F C=CODE     S=.text    G=(none)   M=TypInfo  ACBP=A9
 0001:00010AD4 00009D25 C=CODE     S=.text    G=(none)   M=Classes  ACBP=A9
 0001:0001A7FC 0000005D C=CODE     S=.text    G=(none)   M=IniFiles ACBP=A9
 0001:0001A85C 000005AD C=CODE     S=.text    G=(none)   M=Registry ACBP=A9
 0001:0001AE0C 00000210 C=CODE     S=.text    G=(none)   M=Consts   ACBP=A9
 0001:0001B01C 00007506 C=CODE     S=.text    G=(none)   M=Graphics ACBP=A9
 0001:00022524 00000275 C=CODE     S=.text    G=(none)   M=Contnrs  ACBP=A9
 0001:0002279C 0000009E C=CODE     S=.text    G=(none)   M=CommCtrl ACBP=A9
 0001:0002283C 00000772 C=CODE     S=.text    G=(none)   M=MultiMon ACBP=A9
 0001:00022FB0 00001100 C=CODE     S=.text    G=(none)   M=HelpIntfs ACBP=A9
 0001:000240B0 0000003A C=CODE     S=.text    G=(none)   M=Printers ACBP=A9
 0001:000240EC 0000030E C=CODE     S=.text    G=(none)   M=FlatSB   ACBP=A9
 0001:000243FC 0000016A C=CODE     S=.text    G=(none)   M=SyncObjs ACBP=A9
 0001:00024568 0000099D C=CODE     S=.text    G=(none)   M=UxTheme  ACBP=A9
 0001:00024F08 00000AD2 C=CODE     S=.text    G=(none)   M=Themes   ACBP=A9
 0001:000259DC 00001CD8 C=CODE     S=.text    G=(none)   M=StdCtrls ACBP=A9
 0001:000276B4 00000D59 C=CODE     S=.text    G=(none)   M=GraphUtil ACBP=A9
 0001:00028410 00000316 C=CODE     S=.text    G=(none)   M=ExtCtrls ACBP=A9
 0001:00028728 00000674 C=CODE     S=.text    G=(none)   M=Dialogs  ACBP=A9
 0001:00028D9C 0000003A C=CODE     S=.text    G=(none)   M=Clipbrd  ACBP=A9
 0001:00028DD8 0000012D C=CODE     S=.text    G=(none)   M=StdActns ACBP=A9
 0001:00028F08 0000DF60 C=CODE     S=.text    G=(none)   M=Forms    ACBP=A9
 0001:00036E68 0001326C C=CODE     S=.text    G=(none)   M=Controls ACBP=A9
 0001:0004A0D4 00006A81 C=CODE     S=.text    G=(none)   M=Menus    ACBP=A9
 0001:00050B58 00001332 C=CODE     S=.text    G=(none)   M=ActnList ACBP=A9
 0001:00051E8C 000016B5 C=CODE     S=.text    G=(none)   M=ImgList  ACBP=A9
 0001:00053544 00000026 C=CODE     S=.text    G=(none)   M=WinSvc   ACBP=A9
 0001:0005356C 00000674 C=CODE     S=.text    G=(none)   M=KeyboardLED_D90 ACBP=A9
 0001:00053BE0 00000282 C=CODE     S=.text    G=(none)   M=Unit1    ACBP=A9
 0001:00053E64 000001D8 C=CODE     S=.text    G=(none)   M=KeybLEDDemo_D90 ACBP=A9
 0002:00000000 00000095 C=ICODE    S=.itext   G=(none)   M=System   ACBP=A9
 0002:00000098 00000011 C=ICODE    S=.itext   G=(none)   M=Windows  ACBP=A9
 0002:000000AC 00000088 C=ICODE    S=.itext   G=(none)   M=SysUtils ACBP=A9
 0002:00000134 0000000F C=ICODE    S=.itext   G=(none)   M=VarUtils ACBP=A9
 0002:00000144 000000AA C=ICODE    S=.itext   G=(none)   M=Variants ACBP=A9
 0002:000001F0 00000008 C=ICODE    S=.itext   G=(none)   M=TypInfo  ACBP=A9
 0002:000001F8 00000092 C=ICODE    S=.itext   G=(none)   M=Classes  ACBP=A9
 0002:0000028C 00000008 C=ICODE    S=.itext   G=(none)   M=IniFiles ACBP=A9
 0002:00000294 00000008 C=ICODE    S=.itext   G=(none)   M=Registry ACBP=A9
 0002:0000029C 000000FB C=ICODE    S=.itext   G=(none)   M=Graphics ACBP=A9
 0002:00000398 0000000F C=ICODE    S=.itext   G=(none)   M=MultiMon ACBP=A9
 0002:000003A8 00000008 C=ICODE    S=.itext   G=(none)   M=HelpIntfs ACBP=A9
 0002:000003B0 00000008 C=ICODE    S=.itext   G=(none)   M=Printers ACBP=A9
 0002:000003B8 0000000F C=ICODE    S=.itext   G=(none)   M=FlatSB   ACBP=A9
 0002:000003C8 0000001B C=ICODE    S=.itext   G=(none)   M=UxTheme  ACBP=A9
 0002:000003E4 00000008 C=ICODE    S=.itext   G=(none)   M=Themes   ACBP=A9
 0002:000003EC 0000007F C=ICODE    S=.itext   G=(none)   M=GraphUtil ACBP=A9
 0002:0000046C 00000044 C=ICODE    S=.itext   G=(none)   M=ExtCtrls ACBP=A9
 0002:000004B0 0000003D C=ICODE    S=.itext   G=(none)   M=Dialogs  ACBP=A9
 0002:000004F0 00000058 C=ICODE    S=.itext   G=(none)   M=Clipbrd  ACBP=A9
 0002:00000548 0000004C C=ICODE    S=.itext   G=(none)   M=Forms    ACBP=A9
 0002:00000594 0000008F C=ICODE    S=.itext   G=(none)   M=Controls ACBP=A9
 0002:00000624 00000085 C=ICODE    S=.itext   G=(none)   M=Menus    ACBP=A9
 0002:000006AC 0000002A C=ICODE    S=.itext   G=(none)   M=ActnList ACBP=A9
 0002:000006D8 00000025 C=ICODE    S=.itext   G=(none)   M=KeyboardLED_D90 ACBP=A9
 0002:00000700 0000004D C=ICODE    S=.itext   G=(none)   M=KeybLEDDemo_D90 ACBP=A9
 0003:00000000 0000078C C=DATA     S=.data    G=DGROUP   M=System   ACBP=A9
 0003:0000078C 00000020 C=DATA     S=.data    G=DGROUP   M=SysInit  ACBP=A9
 0003:000007AC 00000250 C=DATA     S=.data    G=DGROUP   M=SysUtils ACBP=A9
 0003:000009FC 00000008 C=DATA     S=.data    G=DGROUP   M=VarUtils ACBP=A9
 0003:00000A04 0000008E C=DATA     S=.data    G=DGROUP   M=Variants ACBP=A9
 0003:00000A94 0000000C C=DATA     S=.data    G=DGROUP   M=TypInfo  ACBP=A9
 0003:00000AA0 00000064 C=DATA     S=.data    G=DGROUP   M=Classes  ACBP=A9
 0003:00000B04 00000008 C=DATA     S=.data    G=DGROUP   M=IniFiles ACBP=A9
 0003:00000B0C 00000008 C=DATA     S=.data    G=DGROUP   M=Registry ACBP=A9
 0003:00000B14 0000030C C=DATA     S=.data    G=DGROUP   M=Graphics ACBP=A9
 0003:00000E20 00000004 C=DATA     S=.data    G=DGROUP   M=Printers ACBP=A9
 0003:00000E24 00000068 C=DATA     S=.data    G=DGROUP   M=Themes   ACBP=A9
 0003:00000E8C 00000018 C=DATA     S=.data    G=DGROUP   M=StdCtrls ACBP=A9
 0003:00000EA4 00000450 C=DATA     S=.data    G=DGROUP   M=GraphUtil ACBP=A9
 0003:000012F4 00000074 C=DATA     S=.data    G=DGROUP   M=Dialogs  ACBP=A9
 0003:00001368 00000128 C=DATA     S=.data    G=DGROUP   M=Forms    ACBP=A9
 0003:00001490 0000013C C=DATA     S=.data    G=DGROUP   M=Controls ACBP=A9
 0003:000015CC 000000F4 C=DATA     S=.data    G=DGROUP   M=Menus    ACBP=A9
 0003:000016C0 00000020 C=DATA     S=.data    G=DGROUP   M=ImgList  ACBP=A9
 0004:00000000 000027F0 C=BSS      S=.bss     G=DGROUP   M=System   ACBP=A9
 0004:000027F0 0000000C C=BSS      S=.bss     G=DGROUP   M=SysInit  ACBP=A9
 0004:000027FC 00000008 C=BSS      S=.bss     G=DGROUP   M=Windows  ACBP=A9
 0004:00002804 00000A20 C=BSS      S=.bss     G=DGROUP   M=SysUtils ACBP=A9
 0004:00003224 0000005C C=BSS      S=.bss     G=DGROUP   M=VarUtils ACBP=A9
 0004:00003280 00000040 C=BSS      S=.bss     G=DGROUP   M=Variants ACBP=A9
 0004:000032C0 00000004 C=BSS      S=.bss     G=DGROUP   M=TypInfo  ACBP=A9
 0004:000032C4 00000040 C=BSS      S=.bss     G=DGROUP   M=Classes  ACBP=A9
 0004:00003304 00000004 C=BSS      S=.bss     G=DGROUP   M=IniFiles ACBP=A9
 0004:00003308 00000004 C=BSS      S=.bss     G=DGROUP   M=Registry ACBP=A9
 0004:0000330C 00000060 C=BSS      S=.bss     G=DGROUP   M=Graphics ACBP=A9
 0004:0000336C 00000031 C=BSS      S=.bss     G=DGROUP   M=MultiMon ACBP=A9
 0004:000033A0 00000008 C=BSS      S=.bss     G=DGROUP   M=HelpIntfs ACBP=A9
 0004:000033A8 00000004 C=BSS      S=.bss     G=DGROUP   M=Printers ACBP=A9
 0004:000033AC 00000034 C=BSS      S=.bss     G=DGROUP   M=FlatSB   ACBP=A9
 0004:000033E0 000000CC C=BSS      S=.bss     G=DGROUP   M=UxTheme  ACBP=A9
 0004:000034AC 00000008 C=BSS      S=.bss     G=DGROUP   M=Themes   ACBP=A9
 0004:000034B4 00000004 C=BSS      S=.bss     G=DGROUP   M=GraphUtil ACBP=A9
 0004:000034B8 00000008 C=BSS      S=.bss     G=DGROUP   M=ExtCtrls ACBP=A9
 0004:000034C0 0000000C C=BSS      S=.bss     G=DGROUP   M=Dialogs  ACBP=A9
 0004:000034CC 0000000C C=BSS      S=.bss     G=DGROUP   M=Clipbrd  ACBP=A9
 0004:000034D8 00000024 C=BSS      S=.bss     G=DGROUP   M=Forms    ACBP=A9
 0004:000034FC 00000088 C=BSS      S=.bss     G=DGROUP   M=Controls ACBP=A9
 0004:00003584 00000010 C=BSS      S=.bss     G=DGROUP   M=Menus    ACBP=A9
 0004:00003594 00000004 C=BSS      S=.bss     G=DGROUP   M=ActnList ACBP=A9
 0004:00003598 00000008 C=BSS      S=.bss     G=DGROUP   M=ImgList  ACBP=A9
 0004:000035A0 0000000C C=BSS      S=.bss     G=DGROUP   M=KeyboardLED_D90 ACBP=A9
 0004:000035AC 00000004 C=BSS      S=.bss     G=DGROUP   M=Unit1    ACBP=A9
 0005:00000000 00000008 C=TLS      S=.tls     G=(none)   M=System   ACBP=A9
 0005:00000008 00000008 C=TLS      S=.tls     G=(none)   M=Classes  ACBP=A9
 0005:00000010 00000024 C=TLS      S=.tls     G=(none)   M=GraphUtil ACBP=A9


  Address             Publics by Name

 0004:00003594       ActnList..9
 0001:00050F80       ActnList..TActionLink
 0001:00050B58       ActnList..TContainedAction
 0001:00050E78       ActnList..TCustomAction
 0001:00050C7C       ActnList..TCustomActionList
 0001:00050D5C       ActnList..TShortCutList
 0002:000006AC       ActnList.ActnList
 0001:00051E5C       ActnList.Finalization
 0001:00051670       ActnList.TActionLink.IsCaptionLinked
 0001:00051684       ActnList.TActionLink.IsCheckedLinked
 0001:00051698       ActnList.TActionLink.IsEnabledLinked
 0001:000516AC       ActnList.TActionLink.IsGroupIndexLinked
 0001:000516C0       ActnList.TActionLink.IsHelpContextLinked
 0001:000516D4       ActnList.TActionLink.IsHelpLinked
 0001:000516E8       ActnList.TActionLink.IsHintLinked
 0001:000516FC       ActnList.TActionLink.IsImageIndexLinked
 0001:00051710       ActnList.TActionLink.IsShortCutLinked
 0001:00051724       ActnList.TActionLink.IsVisibleLinked
 0001:00051738       ActnList.TActionLink.SetAutoCheck
 0001:0005173C       ActnList.TActionLink.SetCaption
 0001:00051740       ActnList.TActionLink.SetChecked
 0001:00051744       ActnList.TActionLink.SetEnabled
 0001:00051748       ActnList.TActionLink.SetGroupIndex
 0001:0005174C       ActnList.TActionLink.SetHelpContext
 0001:00051750       ActnList.TActionLink.SetHelpKeyword
 0001:00051754       ActnList.TActionLink.SetHelpType
 0001:00051758       ActnList.TActionLink.SetHint
 0001:0005175C       ActnList.TActionLink.SetImageIndex
 0001:00051760       ActnList.TActionLink.SetShortCut
 0001:00051764       ActnList.TActionLink.SetVisible
 0001:00051050       ActnList.TContainedAction.Destroy
 0001:000511BC       ActnList.TContainedAction.Execute
 0001:00051084       ActnList.TContainedAction.GetIndex
 0001:000510A0       ActnList.TContainedAction.GetParentComponent
 0001:000510B0       ActnList.TContainedAction.HasParent
 0001:0005109C       ActnList.TContainedAction.IsCategoryStored
 0001:000510C0       ActnList.TContainedAction.ReadState
 0001:00051168       ActnList.TContainedAction.SetActionList
 0001:0005113C       ActnList.TContainedAction.SetCategory
 0001:000510F4       ActnList.TContainedAction.SetIndex
 0001:00051190       ActnList.TContainedAction.SetParentComponent
 0001:00051214       ActnList.TContainedAction.Update
 0001:0005180C       ActnList.TCustomAction.AssignTo
 0001:00051768       ActnList.TCustomAction.Create
 0001:000517BC       ActnList.TCustomAction.Destroy
 0001:00051D2C       ActnList.TCustomAction.DoHint
 0001:00051D54       ActnList.TCustomAction.Execute
 0001:00051DB8       ActnList.TCustomAction.GetSecondaryShortCuts
 0001:00051DE0       ActnList.TCustomAction.HandleShortCut
 0001:000518BC       ActnList.TCustomAction.SetCaption
 0001:0005191C       ActnList.TCustomAction.SetChecked
 0001:00051A24       ActnList.TCustomAction.SetEnabled
 0001:00051B08       ActnList.TCustomAction.SetHelpContext
 0001:00051AA0       ActnList.TCustomAction.SetHelpKeyword
 0001:00051B60       ActnList.TCustomAction.SetHint
 0001:00051BC0       ActnList.TCustomAction.SetImageIndex
 0001:00051CE0       ActnList.TCustomAction.SetName
 0001:00051C1C       ActnList.TCustomAction.SetShortCut
 0001:00051C80       ActnList.TCustomAction.SetVisible
 0001:00051444       ActnList.TCustomActionList.AddAction
 0001:00051480       ActnList.TCustomActionList.Change
 0001:0005126C       ActnList.TCustomActionList.Create
 0001:000512D8       ActnList.TCustomActionList.Destroy
 0001:0005158C       ActnList.TCustomActionList.ExecuteAction
 0001:000513A0       ActnList.TCustomActionList.GetAction
 0001:000513B4       ActnList.TCustomActionList.GetActionCount
 0001:00051328       ActnList.TCustomActionList.GetChildren
 0001:000513F0       ActnList.TCustomActionList.ImageListChange
 0001:000514E8       ActnList.TCustomActionList.IsShortCut
 0001:000513FC       ActnList.TCustomActionList.Notification
 0001:00051464       ActnList.TCustomActionList.RemoveAction
 0001:00051370       ActnList.TCustomActionList.SetChildOrder
 0001:000513BC       ActnList.TCustomActionList.SetImages
 0001:000515CC       ActnList.TCustomActionList.SetState
 0001:000515AC       ActnList.TCustomActionList.UpdateAction
 0001:00051DEC       ActnList.TShortCutList.Add
 0001:00051E18       ActnList.TShortCutList.IndexOfShortCut
 0004:000032D0       Classes..95
 0001:00011044       Classes..EBitsError
 0001:00010F34       Classes..EClassNotFound
 0001:000110FC       Classes..EComponentError
 0001:00010D78       Classes..EFCreateError
 0001:00010E2C       Classes..EFilerError
 0001:00010D18       Classes..EFileStreamError
 0001:00010DD4       Classes..EFOpenError
 0001:000111B4       Classes..EInvalidOperation
 0001:00010FEC       Classes..EListError
 0001:00011158       Classes..EOutOfResources
 0001:00010E84       Classes..EReadError
 0001:00010F90       Classes..EResNotFound
 0001:00010CBC       Classes..EStreamError
 0001:0001109C       Classes..EStringListError
 0001:00011D20       Classes..EThread
 0001:00010EDC       Classes..EWriteError
 0001:00012048       Classes..TBasicAction
 0001:00011FC8       Classes..TBasicActionLink
 0001:000112D0       Classes..TBits
 0001:00011BCC       Classes..TClassFinder
 0001:00011E68       Classes..TComponent
 0001:000118C0       Classes..TCustomMemoryStream
 0001:00011C28       Classes..TFiler
 0001:00011838       Classes..TFileStream
 0001:000117C0       Classes..THandleStream
 0001:00012EF0       Classes..TIntConst
 0001:00011414       Classes..TInterfacedPersistent
 0001:00011214       Classes..TList
 0001:0001193C       Classes..TMemoryStream
 0001:00011324       Classes..TPersistent
 0001:00015F00       Classes..TPropFixup
 0001:00015F78       Classes..TPropIntfFixup
 0001:00011C8C       Classes..TReader
 0001:000121CC       Classes..TRegGroup
 0001:00012224       Classes..TRegGroups
 0001:000119B8       Classes..TResourceStream
 0001:00011750       Classes..TStream
 0001:00011B44       Classes..TStreamAdapter
 0001:00011638       Classes..TStringList
 0001:00011500       Classes..TStrings
 0001:00011278       Classes..TThreadList
 0001:00012E94       Classes.ActivateClassGroup
 0003:00000AA0       Classes.AddDataModule
 0001:000161D8       Classes.AddFinished
 0001:00016210       Classes.AddNotFinished
 0001:00016D84       Classes.AddSubComponentsToLoaded
 0001:0001A670       Classes.AllocateHWnd
 0003:00000AB0       Classes.ApplicationHandleException
 0003:00000AB8       Classes.ApplicationShowException
 0001:000131EC       Classes.BeginGlobalLoading
 0003:00000AD8       Classes.BlockCode
 0001:00012190       Classes.Bounds
 0001:0001A5AC       Classes.CalcJmpOffset
 0001:00016DC0       Classes.CheckSubComponents
 0001:00019240       Classes.CheckSynchronize
 0002:000001F8       Classes.Classes
 0001:00012C58       Classes.ClassNotFound
 0001:00016EA0       Classes.ComponentCreated
 0001:00016F20       Classes.CreateComponent
 0001:0001A724       Classes.DeallocateHWnd
 0001:00019200       Classes.DoneThreadSynchronization
 0001:0001404C       Classes.DoWrite
 0001:00013274       Classes.EndGlobalLoading
 0001:000127F8       Classes.Error
 0001:00015D38       Classes.Error
 0003:00000AC8       Classes.FilerSignature
 0001:0001A74C       Classes.Finalization
 0001:00012D18       Classes.FindClass
 0001:000170D0       Classes.FindExistingComponent
 0001:00013104       Classes.FindGlobalComponent
 0004:000032DC       Classes.FindGlobalComponentProcs
 0001:00012FAC       Classes.FindIdentToInt
 0001:0001610C       Classes.FindNestedComponent
 0001:00018020       Classes.FindUniqueName
 0001:0001A518       Classes.FreeIntConstList
 0001:0001A64C       Classes.FreeObjectInstance
 0001:00012CC4       Classes.GetClass
 0001:00012C4C       Classes.GetFieldClassTable
 0004:000032E0       Classes.GlobalFixupList
 0001:00016258       Classes.GlobalFixupReferences
 0005:0000000C       Classes.GlobalLists
 0005:00000008       Classes.GlobalLoaded
 0004:000032C4       Classes.GlobalNameSpace
 0001:00012E40       Classes.GroupDescendentsWith
 0001:00017844       Classes.HandleException
 0001:00013028       Classes.IdentToInt
 0001:000132D0       Classes.InitComponent
 0001:00013378       Classes.InitInheritedComponent
 0001:000191CC       Classes.InitThreadSynchronization
 0004:000032FC       Classes.InstBlockList
 0004:00003300       Classes.InstFreeList
 0004:000032D4       Classes.IntConstList
 0001:00013168       Classes.InternalReadComponentRes
 0001:00013068       Classes.IntToIdent
 0001:000121B8       Classes.InvalidPoint
 0001:00013144       Classes.IsUniqueGlobalComponentName
 0004:000032C8       Classes.IsUniqueGlobalComponentNameProc
 0001:0001A5B4       Classes.MakeObjectInstance
 0001:000139E8       Classes.Min
 0001:0001A584       Classes.ModuleUnload
 0003:00000ACC       Classes.NilMethod
 0001:00013244       Classes.NotifyGlobalLoading
 0001:00012140       Classes.Point
 0001:00012584       Classes.PointerInModule
 0001:00016578       Classes.PropertyNotFound
 0001:00017944       Classes.PropPathError
 0001:0001656C       Classes.PropValueError
 0001:00015528       Classes.RaiseException
 0001:00018BD4       Classes.ReadCustomVariant
 0001:00016554       Classes.ReadError
 0001:00016EC0       Classes.Recover
 0001:00012168       Classes.Rect
 0004:000032D8       Classes.RegGroups
 0001:00012D38       Classes.RegisterClass
 0001:000130AC       Classes.RegisterFindGlobalComponentProc
 0001:00012F80       Classes.RegisterIntegerConsts
 0003:00000AA8       Classes.RemoveDataModule
 0001:00016424       Classes.RemoveFixupReferences
 0001:000164D0       Classes.RemoveFixups
 0001:00016868       Classes.RemoveGlobalFixup
 0001:00019218       Classes.ResetSyncEvent
 0001:000141AC       Classes.ReturnAddr
 0001:00013510       Classes.ReturnAddr
 0001:00017030       Classes.SetCompName
 0001:000165A4       Classes.SetElementValue
 0001:00017C48       Classes.SetInterfaceReference
 0001:00017B64       Classes.SetIntIdent
 0001:00017BAC       Classes.SetObjectIdent
 0001:00016E38       Classes.SetSubComponentState
 0001:00017BEC       Classes.SetVariantReference
 0001:000186F4       Classes.SkipBinary
 0001:00018724       Classes.SkipCollection
 0001:000186CC       Classes.SkipList
 0001:00012158       Classes.SmallPoint
 0001:00012DF4       Classes.StartClassGroup
 0001:0001A58C       Classes.StdWndProc
 0001:00015350       Classes.StringListCompareStrings
 0004:000032CC       Classes.SyncEvent
 0003:00000AD4       Classes.SyncList
 0001:00019F84       Classes.TBasicAction.Change
 0001:00019E18       Classes.TBasicAction.Create
 0001:00019E5C       Classes.TBasicAction.Destroy
 0001:00019EF0       Classes.TBasicAction.Execute
 0001:00019EC0       Classes.TBasicAction.ExecuteTarget
 0001:00019EBC       Classes.TBasicAction.HandlesTarget
 0001:00019EC4       Classes.TBasicAction.Notification
 0001:00019F98       Classes.TBasicAction.RegisterChanges
 0001:00019FE4       Classes.TBasicAction.SetActionComponent
 0001:00019F28       Classes.TBasicAction.SetOnExecute
 0001:00019FA4       Classes.TBasicAction.UnRegisterChanges
 0001:00019F0C       Classes.TBasicAction.Update
 0001:00019EEC       Classes.TBasicAction.UpdateTarget
 0001:00019D68       Classes.TBasicActionLink.AssignClient
 0001:00019DA0       Classes.TBasicActionLink.Change
 0001:00019D24       Classes.TBasicActionLink.Create
 0001:00019D6C       Classes.TBasicActionLink.Destroy
 0001:00019DB8       Classes.TBasicActionLink.Execute
 0001:00019E00       Classes.TBasicActionLink.IsOnExecuteLinked
 0001:00019DD4       Classes.TBasicActionLink.SetAction
 0001:00019E04       Classes.TBasicActionLink.SetOnExecute
 0001:00019E0C       Classes.TBasicActionLink.Update
 0001:000139A0       Classes.TBits.Destroy
 0001:000139D0       Classes.TBits.Error
 0001:00013AC4       Classes.TBits.OpenBit
 0001:00013A98       Classes.TBits.SetBit
 0001:000139F4       Classes.TBits.SetSize
 0001:00012A68       Classes.TClassFinder.Create
 0001:00012B94       Classes.TClassFinder.Destroy
 0001:00012BC4       Classes.TClassFinder.GetClass
 0001:00013DC4       Classes.TCollection.Add
 0001:00013DE4       Classes.TCollection.Clear
 0001:000194E0       Classes.TComponent.BeforeDestruction
 0001:00019AF4       Classes.TComponent.ChangeName
 0001:00019418       Classes.TComponent.Create
 0001:00019884       Classes.TComponent.DefineProperties
 0001:00019464       Classes.TComponent.Destroy
 0001:0001974C       Classes.TComponent.DestroyComponents
 0001:000197A8       Classes.TComponent.Destroying
 0001:00019C30       Classes.TComponent.ExecuteAction
 0001:00019A14       Classes.TComponent.FindComponent
 0001:000194EC       Classes.TComponent.FreeNotification
 0001:00019918       Classes.TComponent.GetChildOwner
 0001:0001991C       Classes.TComponent.GetChildParent
 0001:00019910       Classes.TComponent.GetChildren
 0001:00019B08       Classes.TComponent.GetComponent
 0001:00019B34       Classes.TComponent.GetComponentCount
 0001:00019920       Classes.TComponent.GetNamePath
 0001:00019934       Classes.TComponent.GetOwner
 0001:0001993C       Classes.TComponent.GetParentComponent
 0001:0001990C       Classes.TComponent.HasParent
 0001:0001965C       Classes.TComponent.Insert
 0001:000196B0       Classes.TComponent.InsertComponent
 0001:00019D20       Classes.TComponent.IntfGetComponent
 0001:0001995C       Classes.TComponent.Loaded
 0001:00019824       Classes.TComponent.Notification
 0001:00019968       Classes.TComponent.PaletteCreated
 0001:00019CA0       Classes.TComponent.QueryInterface
 0001:0001961C       Classes.TComponent.ReadLeft
 0001:0001996C       Classes.TComponent.ReadState
 0001:00019630       Classes.TComponent.ReadTop
 0001:00019688       Classes.TComponent.Remove
 0001:00019714       Classes.TComponent.RemoveComponent
 0001:00019808       Classes.TComponent.RemoveFreeNotification
 0001:000197E4       Classes.TComponent.RemoveNotification
 0001:00019C80       Classes.TComponent.SafeCallException
 0001:00019938       Classes.TComponent.SetChildOrder
 0001:00019B44       Classes.TComponent.SetComponentIndex
 0001:00019B98       Classes.TComponent.SetDesigning
 0001:00019A64       Classes.TComponent.SetName
 0001:00019940       Classes.TComponent.SetParentComponent
 0001:00019BE8       Classes.TComponent.SetReference
 0001:00019C58       Classes.TComponent.UpdateAction
 0001:00019950       Classes.TComponent.Updated
 0001:00019C98       Classes.TComponent.UpdateRegistry
 0001:00019944       Classes.TComponent.Updating
 0001:000199FC       Classes.TComponent.ValidateContainer
 0001:00019A10       Classes.TComponent.ValidateInsert
 0001:0001997C       Classes.TComponent.ValidateRename
 0001:00019644       Classes.TComponent.WriteLeft
 0001:00019974       Classes.TComponent.WriteState
 0001:00019650       Classes.TComponent.WriteTop
 0001:00019CE0       Classes.TComponent._AddRef
 0001:00019D00       Classes.TComponent._Release
 0001:00015AE4       Classes.TCustomMemoryStream.Read
 0001:00015B1C       Classes.TCustomMemoryStream.Seek
 0001:00015ADC       Classes.TCustomMemoryStream.SetPointer
 0001:00015E8C       Classes.TFiler.Create
 0001:00015ED4       Classes.TFiler.Destroy
 0001:00015EFC       Classes.TFiler.SetRoot
 0001:00015934       Classes.TFileStream.Create
 0001:000158F0       Classes.TFileStream.Create
 0001:00015AA8       Classes.TFileStream.Destroy
 0001:0001582C       Classes.THandleStream.Create
 0001:00015868       Classes.THandleStream.Read
 0001:00015888       Classes.THandleStream.Seek
 0001:000158C8       Classes.THandleStream.SetSize
 0001:000158B4       Classes.THandleStream.SetSize
 0001:00015878       Classes.THandleStream.Write
 0004:000032E4       Classes.ThreadLock
 0001:00012F48       Classes.TIntConst.Create
 0001:00013D0C       Classes.TInterfacedPersistent.AfterConstruction
 0001:00013D9C       Classes.TInterfacedPersistent.QueryInterface
 0001:00013D5C       Classes.TInterfacedPersistent._AddRef
 0001:00013D7C       Classes.TInterfacedPersistent._Release
 0001:00013460       Classes.TList.Add
 0001:00013494       Classes.TList.Clear
 0001:000134AC       Classes.TList.Delete
 0001:00013440       Classes.TList.Destroy
 0001:00013514       Classes.TList.Error
 0001:0001354C       Classes.TList.Error
 0001:000135A0       Classes.TList.Expand
 0001:000135B8       Classes.TList.First
 0001:000135C0       Classes.TList.Get
 0001:000135E8       Classes.TList.Grow
 0001:0001361C       Classes.TList.IndexOf
 0001:0001363C       Classes.TList.Insert
 0001:000136A8       Classes.TList.Last
 0001:000137D4       Classes.TList.Notify
 0001:000136B4       Classes.TList.Put
 0001:00013704       Classes.TList.Remove
 0001:00013724       Classes.TList.SetCapacity
 0001:00013760       Classes.TList.SetCount
 0001:00015B6C       Classes.TMemoryStream.Clear
 0001:00015B40       Classes.TMemoryStream.Destroy
 0001:00015B84       Classes.TMemoryStream.LoadFromStream
 0001:00015C10       Classes.TMemoryStream.Realloc
 0001:00015BBC       Classes.TMemoryStream.SetCapacity
 0001:00015BE4       Classes.TMemoryStream.SetSize
 0001:00015C90       Classes.TMemoryStream.Write
 0001:00013B68       Classes.TPersistent.Assign
 0001:00013B7C       Classes.TPersistent.AssignError
 0001:00013C4C       Classes.TPersistent.AssignTo
 0001:00013C54       Classes.TPersistent.DefineProperties
 0001:00013B3C       Classes.TPersistent.Destroy
 0001:00013C58       Classes.TPersistent.GetNamePath
 0001:00013D08       Classes.TPersistent.GetOwner
 0001:00015FD8       Classes.TPropFixup.Create
 0001:00016030       Classes.TPropFixup.MakeGlobalReference
 0001:00016078       Classes.TPropFixup.ResolveReference
 0001:00016088       Classes.TPropIntfFixup.ResolveReference
 0001:000165F8       Classes.TReader.CheckValue
 0001:00016658       Classes.TReader.DefineBinaryProperty
 0001:0001661C       Classes.TReader.DefineProperty
 0001:000165BC       Classes.TReader.Destroy
 0001:000168E4       Classes.TReader.DoFixupReferences
 0001:00016740       Classes.TReader.EndOfList
 0001:00016754       Classes.TReader.Error
 0001:00018A20       Classes.TReader.FindAncestorComponent
 0001:00018B18       Classes.TReader.FindComponentClass
 0001:00016800       Classes.TReader.FindMethod
 0001:00016778       Classes.TReader.FindMethodInstance
 0001:00016A28       Classes.TReader.FlushBuffer
 0001:00016A4C       Classes.TReader.FreeFixups
 0001:00016A88       Classes.TReader.GetFieldClass
 0001:00016B20       Classes.TReader.GetPosition
 0001:00016B38       Classes.TReader.NextValue
 0001:00016B48       Classes.TReader.PropertyError
 0001:00016B5C       Classes.TReader.Read
 0001:00016BE4       Classes.TReader.ReadBoolean
 0001:00016BA8       Classes.TReader.ReadBuffer
 0001:00016BF8       Classes.TReader.ReadChar
 0001:00016CB4       Classes.TReader.ReadCollection
 0001:00017174       Classes.TReader.ReadComponent
 0001:000175B4       Classes.TReader.ReadCurrency
 0001:000173B4       Classes.TReader.ReadData
 0001:00017424       Classes.TReader.ReadDataInner
 0001:00017604       Classes.TReader.ReadDate
 0001:0001752C       Classes.TReader.ReadDouble
 0001:000174F4       Classes.TReader.ReadFloat
 0001:00017648       Classes.TReader.ReadIdent
 0001:000177B0       Classes.TReader.ReadInt64
 0001:00017744       Classes.TReader.ReadInteger
 0001:000177F4       Classes.TReader.ReadListBegin
 0001:000177FC       Classes.TReader.ReadListEnd
 0001:00017804       Classes.TReader.ReadPrefix
 0001:00017960       Classes.TReader.ReadProperty
 0001:00017D08       Classes.TReader.ReadPropValue
 0001:00018080       Classes.TReader.ReadRootComponent
 0001:000183B4       Classes.TReader.ReadSet
 0001:00018470       Classes.TReader.ReadSignature
 0001:00017570       Classes.TReader.ReadSingle
 0001:00018494       Classes.TReader.ReadStr
 0001:000184D0       Classes.TReader.ReadString
 0001:00018670       Classes.TReader.ReadValue
 0001:00018D9C       Classes.TReader.ReadVariant
 0001:00016C58       Classes.TReader.ReadWideChar
 0001:0001858C       Classes.TReader.ReadWideString
 0001:00018AD8       Classes.TReader.ReferenceName
 0001:00018AF0       Classes.TReader.SetName
 0001:00018B8C       Classes.TReader.SkipBytes
 0001:00018978       Classes.TReader.SkipComponent
 0001:00018930       Classes.TReader.SkipProperty
 0001:00018684       Classes.TReader.SkipSetBody
 0001:00018780       Classes.TReader.SkipValue
 0001:0001227C       Classes.TRegGroup.AddClass
 0001:00012288       Classes.TRegGroup.BestClass
 0001:000122E8       Classes.TRegGroup.BestGroup
 0001:00012358       Classes.TRegGroup.Create
 0001:000123B4       Classes.TRegGroup.Destroy
 0001:000123F4       Classes.TRegGroup.GetClass
 0001:0001245C       Classes.TRegGroup.InGroup
 0001:000124A0       Classes.TRegGroup.RegisterClass
 0001:00012560       Classes.TRegGroup.Registered
 0001:000125A4       Classes.TRegGroup.UnregisterModuleClasses
 0001:00012650       Classes.TRegGroups.Activate
 0001:0001269C       Classes.TRegGroups.Create
 0001:00012710       Classes.TRegGroups.Destroy
 0001:00012770       Classes.TRegGroups.FindGroup
 0001:000127B4       Classes.TRegGroups.GetClass
 0001:00012888       Classes.TRegGroups.GroupWith
 0001:00012954       Classes.TRegGroups.Lock
 0001:00012960       Classes.TRegGroups.RegisterClass
 0001:00012978       Classes.TRegGroups.Registered
 0001:000129BC       Classes.TRegGroups.StartGroup
 0001:00012A0C       Classes.TRegGroups.Unlock
 0001:00012A18       Classes.TRegGroups.UnregisterModuleClasses
 0001:00015CE0       Classes.TResourceStream.Create
 0001:00015E44       Classes.TResourceStream.Destroy
 0001:00015DD8       Classes.TResourceStream.Initialize
 0001:00015E74       Classes.TResourceStream.Write
 0001:000156D8       Classes.TStream.CopyFrom
 0001:0001543C       Classes.TStream.GetPosition
 0001:00015470       Classes.TStream.GetSize
 0001:00015668       Classes.TStream.ReadBuffer
 0001:000157CC       Classes.TStream.ReadComponent
 0001:00015574       Classes.TStream.Seek
 0001:000155F8       Classes.TStream.Seek
 0001:0001545C       Classes.TStream.SetPosition
 0001:000154D4       Classes.TStream.SetSize
 0001:000154BC       Classes.TStream.SetSize
 0001:000154C0       Classes.TStream.SetSize64
 0001:000156A0       Classes.TStream.WriteBuffer
 0001:0001A500       Classes.TStreamAdapter.Clone
 0001:0001A454       Classes.TStreamAdapter.Commit
 0001:0001A24C       Classes.TStreamAdapter.CopyTo
 0001:0001A010       Classes.TStreamAdapter.Create
 0001:0001A05C       Classes.TStreamAdapter.Destroy
 0001:0001A46C       Classes.TStreamAdapter.LockRegion
 0001:0001A094       Classes.TStreamAdapter.Read
 0001:0001A460       Classes.TStreamAdapter.Revert
 0001:0001A164       Classes.TStreamAdapter.Seek
 0001:0001A1E8       Classes.TStreamAdapter.SetSize
 0001:0001A484       Classes.TStreamAdapter.Stat
 0001:0001A478       Classes.TStreamAdapter.UnlockRegion
 0001:0001A0FC       Classes.TStreamAdapter.Write
 0001:00014DBC       Classes.TStringList.Add
 0001:00014DCC       Classes.TStringList.AddObject
 0001:00014E30       Classes.TStringList.Changed
 0001:00014E4C       Classes.TStringList.Changing
 0001:00014E68       Classes.TStringList.Clear
 0001:000153B8       Classes.TStringList.CompareStrings
 0001:00015380       Classes.TStringList.CustomSort
 0001:00014EA8       Classes.TStringList.Delete
 0001:00014D60       Classes.TStringList.Destroy
 0001:00014F14       Classes.TStringList.Exchange
 0001:00014F70       Classes.TStringList.ExchangeItems
 0001:00014F94       Classes.TStringList.Find
 0001:00015018       Classes.TStringList.Get
 0001:0001504C       Classes.TStringList.GetCapacity
 0001:00015050       Classes.TStringList.GetCount
 0001:00015054       Classes.TStringList.GetObject
 0001:0001507C       Classes.TStringList.Grow
 0001:000150B0       Classes.TStringList.IndexOf
 0001:000150EC       Classes.TStringList.Insert
 0001:00015150       Classes.TStringList.InsertItem
 0001:000150FC       Classes.TStringList.InsertObject
 0001:000151CC       Classes.TStringList.Put
 0001:00015228       Classes.TStringList.PutObject
 0001:00015268       Classes.TStringList.QuickSort
 0001:000152FC       Classes.TStringList.SetCapacity
 0001:00015318       Classes.TStringList.SetSorted
 0001:00015338       Classes.TStringList.SetUpdateState
 0001:00015370       Classes.TStringList.Sort
 0001:00013E7C       Classes.TStrings.Add
 0001:00013EA0       Classes.TStrings.AddObject
 0001:00013EC4       Classes.TStrings.AddStrings
 0001:00013F7C       Classes.TStrings.Assign
 0001:00014034       Classes.TStrings.BeginUpdate
 0001:00014CE8       Classes.TStrings.CompareStrings
 0001:000140A4       Classes.TStrings.DefineProperties
 0001:00013E4C       Classes.TStrings.Destroy
 0001:000140F0       Classes.TStrings.EndUpdate
 0001:00014104       Classes.TStrings.Equals
 0001:000141E8       Classes.TStrings.Error
 0001:000141B0       Classes.TStrings.Error
 0001:00014240       Classes.TStrings.Exchange
 0001:0001432C       Classes.TStrings.GetCapacity
 0001:00014C88       Classes.TStrings.GetLineBreak
 0001:00014D2C       Classes.TStrings.GetNameValueSeparator
 0001:00014334       Classes.TStrings.GetObject
 0001:00014338       Classes.TStrings.GetText
 0001:0001438C       Classes.TStrings.GetTextStr
 0001:000144C4       Classes.TStrings.IndexOf
 0001:00014550       Classes.TStrings.IndexOfName
 0001:00014624       Classes.TStrings.IndexOfObject
 0001:00014658       Classes.TStrings.InsertObject
 0001:00014688       Classes.TStrings.LoadFromFile
 0001:000146DC       Classes.TStrings.LoadFromStream
 0001:00014788       Classes.TStrings.Move
 0001:00014838       Classes.TStrings.Put
 0001:00014868       Classes.TStrings.PutObject
 0001:0001486C       Classes.TStrings.ReadData
 0001:0001491C       Classes.TStrings.SaveToFile
 0001:00014974       Classes.TStrings.SaveToStream
 0001:000149D4       Classes.TStrings.SetCapacity
 0001:00014CBC       Classes.TStrings.SetLineBreak
 0001:00014D44       Classes.TStrings.SetNameValueSeparator
 0001:000149D8       Classes.TStrings.SetStringsAdapter
 0001:00014A0C       Classes.TStrings.SetText
 0001:00014A5C       Classes.TStrings.SetTextStr
 0001:00014C00       Classes.TStrings.SetUpdateState
 0001:00014C04       Classes.TStrings.WriteData
 0001:000138A8       Classes.TThreadList.Add
 0001:000137D8       Classes.TThreadList.Create
 0001:0001382C       Classes.TThreadList.Destroy
 0001:00013930       Classes.TThreadList.LockList
 0001:00013944       Classes.TThreadList.Remove
 0001:00013994       Classes.TThreadList.UnlockList
 0001:00018FBC       Classes.TWriter.Write
 0001:00019020       Classes.TWriter.WriteBoolean
 0001:00019008       Classes.TWriter.WriteBuffer
 0001:00019034       Classes.TWriter.WriteInteger
 0001:000190A8       Classes.TWriter.WriteListBegin
 0001:000190B0       Classes.TWriter.WriteListEnd
 0001:000190B8       Classes.TWriter.WriteMinStr
 0001:00019164       Classes.TWriter.WriteString
 0001:000191B8       Classes.TWriter.WriteValue
 0001:000130EC       Classes.UnregisterFindGlobalComponentProc
 0001:00012DA8       Classes.UnRegisterModuleClasses
 0003:00000ADC       Classes.UtilWindowClass
 0001:00019224       Classes.WaitForSyncEvent
 0003:00000AC0       Classes.WakeMainThread
 0004:000034D0       Clipbrd..2
 0004:000034CE       Clipbrd.CF_COMPONENT
 0004:000034CC       Clipbrd.CF_PICTURE
 0002:000004F0       Clipbrd.Clipbrd
 0004:000034D4       Clipbrd.FClipboard
 0001:00028D9C       Clipbrd.Finalization
 0001:000227B4       CommCtrl.ImageList_Add
 0001:000227E4       CommCtrl.ImageList_BeginDrag
 0001:0002279C       CommCtrl.ImageList_Create
 0001:000227A4       CommCtrl.ImageList_Destroy
 0001:000227F4       CommCtrl.ImageList_DragEnter
 0001:000227FC       CommCtrl.ImageList_DragLeave
 0001:00022804       CommCtrl.ImageList_DragMove
 0001:0002280C       CommCtrl.ImageList_DragShowNolock
 0001:000227CC       CommCtrl.ImageList_Draw
 0001:000227D4       CommCtrl.ImageList_DrawEx
 0001:000227EC       CommCtrl.ImageList_EndDrag
 0001:000227C4       CommCtrl.ImageList_GetBkColor
 0001:00022824       CommCtrl.ImageList_GetIconSize
 0001:000227AC       CommCtrl.ImageList_GetImageCount
 0001:00022814       CommCtrl.ImageList_Read
 0001:000227DC       CommCtrl.ImageList_Remove
 0001:000227BC       CommCtrl.ImageList_SetBkColor
 0001:0002282C       CommCtrl.ImageList_SetIconSize
 0001:0002281C       CommCtrl.ImageList_Write
 0001:00022834       CommCtrl._TrackMouseEvent
 0001:00022524       Contnrs..TObjectList
 0001:0002258C       Contnrs..TOrderedList
 0001:000225F4       Contnrs..TStack
 0001:00022654       Contnrs.TObjectList.Create
 0001:00022690       Contnrs.TObjectList.GetItem
 0001:000226A4       Contnrs.TObjectList.Notify
 0001:000226E8       Contnrs.TOrderedList.Create
 0001:0002272C       Contnrs.TOrderedList.Destroy
 0001:0002275C       Contnrs.TOrderedList.PeekItem
 0001:000226D0       Contnrs.TOrderedList.Pop
 0001:00022770       Contnrs.TOrderedList.PopItem
 0001:000226D8       Contnrs.TOrderedList.Push
 0001:00022790       Contnrs.TStack.PushItem
 0004:0000350C       Controls..33
 0001:00036F9C       Controls..TBaseDragControlObject
 0001:00038328       Controls..TControl
 0001:0003746C       Controls..TControlActionLink
 0001:000372E4       Controls..TControlCanvas
 0001:00038E38       Controls..TCustomControl
 0001:00037384       Controls..TCustomControlAction
 0001:00039280       Controls..TDockTree
 0001:00039134       Controls..TDockZone
 0001:00037060       Controls..TDragControlObject
 0001:000370EC       Controls..TDragControlObjectEx
 0001:0003717C       Controls..TDragDockObject
 0001:00037244       Controls..TDragDockObjectEx
 0001:00036EF8       Controls..TDragObject
 0001:00038FA4       Controls..THintWindow
 0001:000378BC       Controls..TMargins
 0001:00039324       Controls..TMouse
 0001:000379D4       Controls..TPadding
 0001:00039874       Controls..TSiteList
 0001:00037770       Controls..TSizeConstraints
 0001:00038A28       Controls..TWinControl
 0001:00038798       Controls..TWinControlActionLink
 0001:00039EE4       Controls.AbsMin
 0004:00003540       Controls.ActiveDrag
 0001:000401E8       Controls.AlignWork
 0003:0000149C       Controls.AnchorAlign
 0003:00001490       Controls.AnimateWindowProc
 0003:00001598       Controls.AnimationStyle
 0001:0003CE34       Controls.BackgroundClipped
 0001:00049240       Controls.CalcSplitterPos
 0001:0003AF88       Controls.CancelDrag
 0004:00003554       Controls.CanvasList
 0003:00001554       Controls.CaptureControl
 0001:0003ABF0       Controls.CheckUndock
 0001:000460C8       Controls.ClientToWindow
 0004:00003512       Controls.ControlAtom
 0004:00003518       Controls.ControlAtomString
 0002:00000594       Controls.Controls
 0003:00001494       Controls.CreationControl
 0003:00001590       Controls.Ctl3DStyles
 0003:000014A4       Controls.Cursors
 0001:0003970C       Controls.CursorToIdent
 0003:00001498       Controls.DefaultDockTreeClass
 0001:00041174       Controls.DestroyChildWindow
 0001:0004005C       Controls.DoAlign
 0001:00044BE0       Controls.DoCalcConstraints
 0004:00003548       Controls.DockSiteList
 0001:00041ED0       Controls.DoControlMsg
 0001:0003A4F8       Controls.DoDragOver
 0001:00046D48       Controls.DoFindControlZone
 0001:00047470       Controls.DoFindZone
 0001:00046DCC       Controls.DoForEach
 0001:00048A14       Controls.DoGetNextLimit
 0001:00049A4C       Controls.DoneControls
 0001:00040014       Controls.DoPosition
 0001:00047F24       Controls.DoPrune
 0001:00048438       Controls.DoSaveZone
 0001:000486FC       Controls.DoSetNewBounds
 0001:00040E20       Controls.DoWriteDesignSize
 0001:0003E1A8       Controls.DoWriteExplicit
 0001:0003E174       Controls.DoWriteIsControl
 0004:0000352C       Controls.DragCapture
 0004:00003520       Controls.DragControl
 0001:0003AC64       Controls.DragDone
 0001:0003A4A8       Controls.DragFindTarget
 0001:0003A47C       Controls.DragFindWindow
 0004:00003544       Controls.DragImageList
 0001:0003A8BC       Controls.DragInit
 0001:0003AA2C       Controls.DragInitControl
 0004:00003528       Controls.DragInternalObject
 0001:0003A3C4       Controls.DragMessage
 0004:00003524       Controls.DragObject
 0004:00003550       Controls.DragSave
 0004:00003538       Controls.DragSaveCursor
 0004:00003530       Controls.DragStartPos
 0004:0000353C       Controls.DragThreshold
 0001:0003A5D4       Controls.DragTo
 0001:000479A8       Controls.DrawCloseButton
 0001:00047A3C       Controls.DrawGrabberLine
 0001:00047AC4       Controls.DrawThemedGrabber
 0003:00001580       Controls.EdgeStyles
 0001:0004A06C       Controls.Finalization
 0001:000394BC       Controls.FindControl
 0001:0003AFD4       Controls.FindDragTarget
 0001:0003AFA0       Controls.FindVCLWindow
 0001:0003B098       Controls.FreeDeviceContext
 0001:0003B154       Controls.FreeDeviceContexts
 0001:00039808       Controls.GetCaptureControl
 0001:0003FE84       Controls.GetClientSize
 0001:00041594       Controls.GetControlAtPos
 0001:00048AF4       Controls.GetDockAlign
 0001:0003A214       Controls.GetDockSiteAtPos
 0001:0003A534       Controls.GetDropCtl
 0001:00046A78       Controls.GetLastChildZone
 0001:00039770       Controls.GetLongHint
 0001:0003972C       Controls.GetShortHint
 0001:00039914       Controls.GetTopParent
 0001:00048B70       Controls.HideZone
 0001:0003971C       Controls.IdentToCursor
 0003:000015C0       Controls.IMM32DLL
 0001:00049A38       Controls.Imm32IsIME
 0001:00049AD4       Controls.InitControls
 0001:000496DC       Controls.InitIMM32
 0001:00039378       Controls.InitWndProc
 0003:00001560       Controls.InnerStyles
 0001:0003FEE4       Controls.InsertBefore
 0001:00039FC8       Controls.IsBeforeTargetWindow
 0001:0003A41C       Controls.IsDelphiHandle
 0001:000464AC       Controls.IsOrientationSet
 0001:0003A1D0       Controls.IsSiteChildOfClient
 0001:00039518       Controls.IsVCLControl
 0004:00003500       Controls.IsVCLControlHook
 0001:0003B020       Controls.ListAdd
 0001:0003B048       Controls.ListRemove
 0003:000015AC       Controls.MakeLast
 0001:0003F26C       Controls.MinVar
 0003:000015C4       Controls.ModeMap
 0004:000034FC       Controls.Mouse
 0001:0003B068       Controls.MoveWindowOrg
 0004:00003508       Controls.NewStyleControls
 0001:00046490       Controls.NextVisibleZone
 0001:00039488       Controls.ObjectFromHWnd
 0003:000015A4       Controls.OrientArray
 0003:00001570       Controls.OuterStyles
 0001:000468A0       Controls.ParentNotLast
 0001:000397B4       Controls.PerformEraseBackground
 0001:00040E0C       Controls.PointsEqual
 0004:0000354C       Controls.QualifyingSites
 0001:0004760C       Controls.ReadControlName
 0001:0003A368       Controls.RegisterDockSite
 0004:0000351C       Controls.RM_GetObjectInstance
 0001:00039548       Controls.SendAppMessage
 0001:00039830       Controls.SetCaptureControl
 0001:00049960       Controls.SetImeMode
 0003:00001558       Controls.ShowFlags
 0001:00048BF0       Controls.ShowZone
 0003:000015B8       Controls.SizeCursors
 0001:00039CE4       Controls.TBaseDragControlObject.Assign
 0001:00039CC0       Controls.TBaseDragControlObject.Create
 0001:00039D10       Controls.TBaseDragControlObject.EndDrag
 0001:00039D34       Controls.TBaseDragControlObject.Finished
 0001:0003EF9C       Controls.TControl.ActionChange
 0001:0003F38C       Controls.TControl.AdjustSize
 0001:0003F1C0       Controls.TControl.AssignTo
 0001:0003D188       Controls.TControl.BeginAutoDrag
 0001:0003D1A4       Controls.TControl.BeginDrag
 0001:0003CCCC       Controls.TControl.BringToFront
 0001:0003DBEC       Controls.TControl.CalcCursorPos
 0001:0003DD54       Controls.TControl.CalcDockSizes
 0001:0003DAEC       Controls.TControl.CanAutoSize
 0001:0003DAF0       Controls.TControl.CanResize
 0001:0003C664       Controls.TControl.Changed
 0001:0003C674       Controls.TControl.ChangeScale
 0001:0003E764       Controls.TControl.CheckNewSize
 0001:0003E558       Controls.TControl.Click
 0001:0003C4EC       Controls.TControl.ClientToScreen
 0001:0003ECF4       Controls.TControl.CMBiDiModeChanged
 0001:0003EC20       Controls.TControl.CMColorChanged
 0001:0003EE24       Controls.TControl.CMDesignHitTest
 0001:0003EC00       Controls.TControl.CMEnabledChanged
 0001:0003EF3C       Controls.TControl.CMFloat
 0001:0003EC10       Controls.TControl.CMFontChanged
 0001:0003F3D8       Controls.TControl.CMHintShow
 0001:0003EDA4       Controls.TControl.CMHitTest
 0001:0003F58C       Controls.TControl.CMMouseActivate
 0001:0003EDAC       Controls.TControl.CMMouseEnter
 0001:0003EDE8       Controls.TControl.CMMouseLeave
 0001:0003EC84       Controls.TControl.CMMouseWheel
 0001:0003EC60       Controls.TControl.CMParentBiDiModeChanged
 0001:0003EC30       Controls.TControl.CMParentColorChanged
 0001:0003ED50       Controls.TControl.CMParentFontChanged
 0001:0003ED14       Controls.TControl.CMParentShowHintChanged
 0001:0003ED80       Controls.TControl.CMSysFontChanged
 0001:0003EBD8       Controls.TControl.CMVisibleChanged
 0001:0003DBBC       Controls.TControl.ConstrainedResize
 0001:0003B8C4       Controls.TControl.Create
 0001:0003EE2C       Controls.TControl.CreateFloatingDockSite
 0001:0003E5C4       Controls.TControl.DblClick
 0001:0003D62C       Controls.TControl.DefaultDockImage
 0001:0003E0CC       Controls.TControl.DefaultHandler
 0001:0003E3C8       Controls.TControl.DefineProperties
 0001:0003DC18       Controls.TControl.DesignWndProc
 0001:0003B9BC       Controls.TControl.Destroy
 0001:0003F09C       Controls.TControl.DoActionChange
 0001:0003DB20       Controls.TControl.DoCanAutoSize
 0001:0003DB8C       Controls.TControl.DoCanResize
 0001:0003C1BC       Controls.TControl.Dock
 0001:0003D428       Controls.TControl.DockTrackNoTarget
 0001:0003DC4C       Controls.TControl.DoConstrainedResize
 0001:0003DADC       Controls.TControl.DoConstraintsChange
 0001:0003F54C       Controls.TControl.DoContextPopup
 0001:0003C2EC       Controls.TControl.DoDock
 0001:0003D778       Controls.TControl.DoDragMsg
 0001:0003D440       Controls.TControl.DoEndDock
 0001:0003D328       Controls.TControl.DoEndDrag
 0001:0003F5B0       Controls.TControl.DoMarginChange
 0001:0003D48C       Controls.TControl.DoMouseActivate
 0001:0003E61C       Controls.TControl.DoMouseDown
 0001:0003E994       Controls.TControl.DoMouseUp
 0001:0003D4C0       Controls.TControl.DoMouseWheel
 0001:0003D594       Controls.TControl.DoMouseWheelDown
 0001:0003D5E0       Controls.TControl.DoMouseWheelUp
 0001:0003D46C       Controls.TControl.DoStartDock
 0001:0003D308       Controls.TControl.DoStartDrag
 0001:0003D290       Controls.TControl.DragCanceled
 0001:0003D2DC       Controls.TControl.DragDrop
 0001:0003D294       Controls.TControl.Dragging
 0001:0003D2A0       Controls.TControl.DragOver
 0001:0003D758       Controls.TControl.DrawDragDockImage
 0001:0003F3AC       Controls.TControl.DrawTextBiDiModeFlagsReadingOnly
 0001:0003D768       Controls.TControl.EraseDragDockImage
 0001:0003CB1C       Controls.TControl.FontChanged
 0001:0003BB44       Controls.TControl.GetAction
 0001:0003F0C0       Controls.TControl.GetActionLinkClass
 0001:0003F5C4       Controls.TControl.GetAlignWithMargins
 0001:0003C37C       Controls.TControl.GetBoundsRect
 0001:0003C41C       Controls.TControl.GetClientHeight
 0001:0003C45C       Controls.TControl.GetClientOrigin
 0001:0003C3C0       Controls.TControl.GetClientRect
 0001:0003C3D8       Controls.TControl.GetClientWidth
 0001:0003D138       Controls.TControl.GetControlsAlignment
 0001:0003CD8C       Controls.TControl.GetDeviceContext
 0001:0003F2A8       Controls.TControl.GetDockEdge
 0001:0003BA84       Controls.TControl.GetDragImages
 0001:0003BA88       Controls.TControl.GetEnabled
 0001:0003F358       Controls.TControl.GetFloating
 0001:0003F384       Controls.TControl.GetFloatingDockSiteClass
 0001:0003CC94       Controls.TControl.GetMouseCapture
 0001:0003BA90       Controls.TControl.GetPalette
 0001:0003BA9C       Controls.TControl.GetParentComponent
 0001:0003E75C       Controls.TControl.GetPopupMenu
 0001:0003CA6C       Controls.TControl.GetText
 0001:0003C9EC       Controls.TControl.GetTextBuf
 0001:0003C9DC       Controls.TControl.GetTextLen
 0001:0003C9F8       Controls.TControl.GetUndockHeight
 0001:0003CA0C       Controls.TControl.GetUndockWidth
 0001:0003BA94       Controls.TControl.HasParent
 0001:0003F3C8       Controls.TControl.InitiateAction
 0001:0003CF4C       Controls.TControl.Invalidate
 0001:0003CEC0       Controls.TControl.InvalidateControl
 0001:0003BC70       Controls.TControl.IsAnchorsStored
 0001:0003CB90       Controls.TControl.IsBiDiModeStored
 0001:0003F0C8       Controls.TControl.IsCaptionStored
 0001:0003CC28       Controls.TControl.IsColorStored
 0001:0003F0E8       Controls.TControl.IsEnabledStored
 0001:0003CB70       Controls.TControl.IsFontStored
 0001:0003F128       Controls.TControl.IsHelpContextStored
 0001:0003F108       Controls.TControl.IsHintStored
 0001:0003F168       Controls.TControl.IsOnClickStored
 0001:0003CB84       Controls.TControl.IsShowHintStored
 0001:0003F148       Controls.TControl.IsVisibleStored
 0001:0003F188       Controls.TControl.Loaded
 0001:0003D868       Controls.TControl.ManualDock
 0001:0003DA48       Controls.TControl.ManualFloat
 0001:0003CF60       Controls.TControl.MouseActivate
 0001:0003E5E4       Controls.TControl.MouseDown
 0001:0003E8B0       Controls.TControl.MouseMove
 0001:0003E95C       Controls.TControl.MouseUp
 0001:0003CFA8       Controls.TControl.MouseWheelHandler
 0001:0003BD88       Controls.TControl.Notification
 0001:0003BAC8       Controls.TControl.PaletteChanged
 0001:0003DD20       Controls.TControl.Perform
 0001:0003D354       Controls.TControl.PositionDockRect
 0001:0003F6A0       Controls.TControl.ReadExplicitHeight
 0001:0003F6B8       Controls.TControl.ReadExplicitLeft
 0001:0003F688       Controls.TControl.ReadExplicitTop
 0001:0003F660       Controls.TControl.ReadExplicitWidth
 0001:0003E154       Controls.TControl.ReadIsControl
 0001:0003BCF4       Controls.TControl.ReadState
 0001:0003D03C       Controls.TControl.Repaint
 0001:0003BCC4       Controls.TControl.RequestAlign
 0001:0003BCD4       Controls.TControl.Resize
 0001:0003C518       Controls.TControl.ScaleConstraints
 0001:0003C59C       Controls.TControl.ScreenToClient
 0001:0003C5C8       Controls.TControl.SendCancelMode
 0001:0003C5F8       Controls.TControl.SendDockNotification
 0001:0003BBF4       Controls.TControl.SetAction
 0001:0003BDE0       Controls.TControl.SetAlign
 0001:0003F5CC       Controls.TControl.SetAlignWithMargins
 0001:0003BB54       Controls.TControl.SetAnchors
 0001:0003C838       Controls.TControl.SetAutoSize
 0001:0003CB00       Controls.TControl.SetBiDiMode
 0001:0003BEC8       Controls.TControl.SetBounds
 0001:0003C39C       Controls.TControl.SetBoundsRect
 0001:0003C434       Controls.TControl.SetClientHeight
 0001:0003C8F8       Controls.TControl.SetClientSize
 0001:0003C3F0       Controls.TControl.SetClientWidth
 0001:0003CC0C       Controls.TControl.SetColor
 0001:0003F580       Controls.TControl.SetConstraints
 0001:0003CC78       Controls.TControl.SetCursor
 0001:0003BC88       Controls.TControl.SetDesignVisible
 0001:0003BCC0       Controls.TControl.SetDragMode
 0001:0003C9C4       Controls.TControl.SetEnabled
 0001:0003CB60       Controls.TControl.SetFont
 0001:0003C188       Controls.TControl.SetHeight
 0001:0003C344       Controls.TControl.SetHelpContext
 0001:0003C358       Controls.TControl.SetHelpKeyword
 0001:0003C0EC       Controls.TControl.SetLeft
 0001:0003F5B8       Controls.TControl.SetMargins
 0001:0003CCA4       Controls.TControl.SetMouseCapture
 0001:0003C854       Controls.TControl.SetName
 0001:0003C940       Controls.TControl.SetParent
 0001:0003CC54       Controls.TControl.SetParentBiDiMode
 0001:0003CC30       Controls.TControl.SetParentColor
 0001:0003BAA0       Controls.TControl.SetParentComponent
 0001:0003CB98       Controls.TControl.SetParentFont
 0001:0003CBE0       Controls.TControl.SetParentShowHint
 0001:0003CA20       Controls.TControl.SetPopupMenu
 0001:0003CBBC       Controls.TControl.SetShowHint
 0001:0003CA9C       Controls.TControl.SetText
 0001:0003CA48       Controls.TControl.SetTextBuf
 0001:0003C120       Controls.TControl.SetTop
 0001:0003C98C       Controls.TControl.SetVisible
 0001:0003C154       Controls.TControl.SetWidth
 0001:0003CD68       Controls.TControl.SetZOrder
 0001:0003CCE0       Controls.TControl.SetZOrderPosition
 0001:0003D028       Controls.TControl.Update
 0001:0003BF68       Controls.TControl.UpdateAnchorRules
 0001:0003DDC8       Controls.TControl.UpdateBoundsRect
 0001:0003F5FC       Controls.TControl.UpdateExplicitBounds
 0001:0003D154       Controls.TControl.UseRightToLeftAlignment
 0001:0003D13C       Controls.TControl.UseRightToLeftReading
 0001:0003D16C       Controls.TControl.UseRightToLeftScrollBar
 0001:0003DDF8       Controls.TControl.VisibleChanging
 0001:0003EAE8       Controls.TControl.WMCancelMode
 0001:0003F408       Controls.TControl.WMContextMenu
 0001:0003E708       Controls.TControl.WMLButtonDblClk
 0001:0003E6A0       Controls.TControl.WMLButtonDown
 0001:0003E9CC       Controls.TControl.WMLButtonUp
 0001:0003E884       Controls.TControl.WMMButtonDblClk
 0001:0003E858       Controls.TControl.WMMButtonDown
 0001:0003EA70       Controls.TControl.WMMButtonUp
 0001:0003E8E4       Controls.TControl.WMMouseMove
 0001:0003EA90       Controls.TControl.WMMouseWheel
 0001:0003E6EC       Controls.TControl.WMNCLButtonDown
 0001:0003E82C       Controls.TControl.WMRButtonDblClk
 0001:0003E800       Controls.TControl.WMRButtonDown
 0001:0003EA50       Controls.TControl.WMRButtonUp
 0001:0003EB28       Controls.TControl.WMWindowPosChanged
 0001:0003DDFC       Controls.TControl.WndProc
 0001:0003F640       Controls.TControl.WriteExplicitHeight
 0001:0003F650       Controls.TControl.WriteExplicitLeft
 0001:0003F630       Controls.TControl.WriteExplicitTop
 0001:0003F678       Controls.TControl.WriteExplicitWidth
 0001:0003E168       Controls.TControl.WriteIsControl
 0001:0003B470       Controls.TControlActionLink.AssignClient
 0001:0003B48C       Controls.TControlActionLink.DoShowHint
 0001:0003B57C       Controls.TControlActionLink.IsCaptionLinked
 0001:0003B5F0       Controls.TControlActionLink.IsDropdownMenuLinked
 0001:0003B604       Controls.TControlActionLink.IsEnabledLinked
 0001:0003B638       Controls.TControlActionLink.IsEnableDropdownLinked
 0001:0003B7D8       Controls.TControlActionLink.IsHelpLinked
 0001:0003B64C       Controls.TControlActionLink.IsHintLinked
 0001:0003B6F8       Controls.TControlActionLink.IsOnExecuteLinked
 0001:0003B684       Controls.TControlActionLink.IsPopupMenuLinked
 0001:0003B6C4       Controls.TControlActionLink.IsVisibleLinked
 0001:0003B720       Controls.TControlActionLink.SetCaption
 0001:0003B740       Controls.TControlActionLink.SetDropdownMenu
 0001:0003B744       Controls.TControlActionLink.SetEnabled
 0001:0003B764       Controls.TControlActionLink.SetEnableDropdown
 0001:0003B860       Controls.TControlActionLink.SetHelpContext
 0001:0003B840       Controls.TControlActionLink.SetHelpKeyword
 0001:0003B880       Controls.TControlActionLink.SetHelpType
 0001:0003B768       Controls.TControlActionLink.SetHint
 0001:0003B7AC       Controls.TControlActionLink.SetOnExecute
 0001:0003B8A0       Controls.TControlActionLink.SetPopupMenu
 0001:0003B78C       Controls.TControlActionLink.SetVisible
 0001:0003B22C       Controls.TControlCanvas.CreateHandle
 0001:0003B200       Controls.TControlCanvas.Destroy
 0001:0003B2D4       Controls.TControlCanvas.FreeHandle
 0001:0003B308       Controls.TControlCanvas.SetControl
 0001:0003B320       Controls.TControlCanvas.UpdateTextFlags
 0001:00046334       Controls.TCustomControl.Create
 0001:00046390       Controls.TCustomControl.Destroy
 0001:0004648C       Controls.TCustomControl.Paint
 0001:000463E0       Controls.TCustomControl.PaintWindow
 0001:000463C0       Controls.TCustomControl.WMPaint
 0001:00049048       Controls.TDockTree.ActualSize
 0001:00046D18       Controls.TDockTree.AdjustDockRect
 0001:000490DC       Controls.TDockTree.AdjustFrameRect
 0001:00046D30       Controls.TDockTree.BeginUpdate
 0001:00048D28       Controls.TDockTree.ControlVisibilityChanged
 0001:00046B5C       Controls.TDockTree.Create
 0001:00046CC4       Controls.TDockTree.Destroy
 0001:00048928       Controls.TDockTree.DrawSizeSplitter
 0001:00046D34       Controls.TDockTree.EndUpdate
 0001:000473E4       Controls.TDockTree.FindControlAtPos
 0001:00046DA0       Controls.TDockTree.FindControlZone
 0001:00046E08       Controls.TDockTree.ForEachAt
 0001:00046E20       Controls.TDockTree.GetControlBounds
 0001:00048AA4       Controls.TDockTree.GetNextLimit
 0001:00046E94       Controls.TDockTree.HitTest
 0001:00046EA4       Controls.TDockTree.InsertControl
 0001:000470C0       Controls.TDockTree.InsertNewParent
 0001:00047268       Controls.TDockTree.InsertSibling
 0001:00047584       Controls.TDockTree.InternalHitTest
 0001:00047654       Controls.TDockTree.LoadFromStream
 0001:0004911C       Controls.TDockTree.MouseDown
 0001:000492D0       Controls.TDockTree.MouseMove
 0001:00049320       Controls.TDockTree.MouseUp
 0001:00047B20       Controls.TDockTree.PaintDockFrame
 0001:00047C74       Controls.TDockTree.PaintSite
 0001:00047DA8       Controls.TDockTree.PositionDockRect
 0001:00047F58       Controls.TDockTree.PruneZone
 0001:000490B0       Controls.TDockTree.ReferenceFromOrient
 0001:00049078       Controls.TDockTree.RelativeSize
 0001:00047FB4       Controls.TDockTree.RemoveControl
 0001:00047FF4       Controls.TDockTree.RemoveZone
 0001:00048294       Controls.TDockTree.ResetBounds
 0001:00048548       Controls.TDockTree.SaveToStream
 0001:0004837C       Controls.TDockTree.ScaleZone
 0001:00048784       Controls.TDockTree.SetNewBounds
 0001:000487B4       Controls.TDockTree.SetReplacingControl
 0001:000487CC       Controls.TDockTree.ShiftZone
 0001:00049394       Controls.TDockTree.ShowHint
 0001:00048800       Controls.TDockTree.SplitterMouseDown
 0001:00048860       Controls.TDockTree.SplitterMouseUp
 0001:000488DC       Controls.TDockTree.UpdateAll
 0001:00048904       Controls.TDockTree.UpdateZone
 0001:00048914       Controls.TDockTree.WindowProc
 0001:00048DB0       Controls.TDockTree.WndProc
 0001:000472E0       Controls.TDockTree.ZoneCaptionHitTest
 0001:000464D0       Controls.TDockZone.Create
 0001:00046A88       Controls.TDockZone.ExpandZoneLimit
 0001:00046B50       Controls.TDockZone.FirstVisibleChild
 0001:000464F4       Controls.TDockZone.GetChildCount
 0001:000467D8       Controls.TDockZone.GetControlName
 0001:00046678       Controls.TDockZone.GetHeightWidth
 0001:00046564       Controls.TDockZone.GetLimitBegin
 0001:000465AC       Controls.TDockZone.GetLimitSize
 0001:000465F4       Controls.TDockZone.GetTopLeft
 0001:0004652C       Controls.TDockZone.GetVisible
 0001:00046508       Controls.TDockZone.GetVisibleChildCount
 0001:00046A4C       Controls.TDockZone.GetZoneLimit
 0001:00046B28       Controls.TDockZone.NextVisible
 0001:00046B34       Controls.TDockZone.PrevVisible
 0001:00046730       Controls.TDockZone.ResetChildren
 0001:00046AC8       Controls.TDockZone.ResetZoneLimits
 0001:0004681C       Controls.TDockZone.SetControlName
 0001:00046A74       Controls.TDockZone.SetZoneLimit
 0001:000468D0       Controls.TDockZone.Update
 0001:00039D68       Controls.TDragControlObject.GetDragCursor
 0001:00039D80       Controls.TDragControlObject.GetDragImages
 0001:00039D8C       Controls.TDragControlObject.HideDragImage
 0001:00039DAC       Controls.TDragControlObject.ShowDragImage
 0001:00039DCC       Controls.TDragControlObjectEx.BeforeDestruction
 0001:00039F08       Controls.TDragDockObject.AdjustDockRect
 0001:00039E68       Controls.TDragDockObject.Assign
 0001:00039DD0       Controls.TDragDockObject.Create
 0001:00039E38       Controls.TDragDockObject.Destroy
 0001:00039F84       Controls.TDragDockObject.DrawDragDockImage
 0001:00039EC8       Controls.TDragDockObject.EndDrag
 0001:00039F98       Controls.TDragDockObject.EraseDragDockImage
 0001:00039FAC       Controls.TDragDockObject.GetDragCursor
 0001:00039FB8       Controls.TDragDockObject.GetEraseWhenMoving
 0001:00039FBC       Controls.TDragDockObject.GetFrameWidth
 0001:00039FC4       Controls.TDragDockObjectEx.BeforeDestruction
 0001:00046174       Controls.TDragImageList.BeginDrag
 0001:000461E8       Controls.TDragImageList.DragLock
 0001:00046270       Controls.TDragImageList.DragMove
 0001:0004624C       Controls.TDragImageList.DragUnlock
 0001:000462E4       Controls.TDragImageList.EndDrag
 0001:000462CC       Controls.TDragImageList.HideDragImage
 0001:00046150       Controls.TDragImageList.SetDragCursor
 0001:00046108       Controls.TDragImageList.SetDragImage
 0001:000462B4       Controls.TDragImageList.ShowDragImage
 0001:00039CB0       Controls.TDragObject.AfterConstruction
 0001:00039A5C       Controls.TDragObject.Assign
 0001:00039CA0       Controls.TDragObject.BeforeDestruction
 0001:00039A9C       Controls.TDragObject.Capture
 0001:00039AB4       Controls.TDragObject.Finished
 0001:00039C2C       Controls.TDragObject.GetDragCursor
 0001:00039C28       Controls.TDragObject.GetDragImages
 0001:00039ABC       Controls.TDragObject.GetName
 0001:00039C44       Controls.TDragObject.HideDragImage
 0001:00039C48       Controls.TDragObject.Instance
 0001:00039C54       Controls.TDragObject.MainWndProc
 0001:00039AE4       Controls.TDragObject.ReleaseCapture
 0001:00039C50       Controls.TDragObject.ShowDragImage
 0001:00039AF8       Controls.TDragObject.WndProc
 0001:00045DBC       Controls.THintWindow.ActivateHint
 0001:00045FB0       Controls.THintWindow.ActivateHintData
 0001:00045FD8       Controls.THintWindow.CalcHintRect
 0001:00045D24       Controls.THintWindow.CMTextChanged
 0001:00045AD0       Controls.THintWindow.Create
 0001:00045B3C       Controls.THintWindow.CreateParams
 0001:00045CB4       Controls.THintWindow.IsHintMsg
 0001:00046034       Controls.THintWindow.NCPaint
 0001:00045C0C       Controls.THintWindow.Paint
 0001:00045D18       Controls.THintWindow.ReleaseHandle
 0001:000460C4       Controls.THintWindow.ShouldHideHint
 0001:00045BA0       Controls.THintWindow.WMNCHitTest
 0001:00045BA8       Controls.THintWindow.WMNCPaint
 0001:000460A0       Controls.THintWindow.WMPrint
 0001:00049CE4       Controls.TMargins.AssignTo
 0001:00049D2C       Controls.TMargins.Change
 0001:00049CA0       Controls.TMargins.Create
 0001:00049EA4       Controls.TMargins.GetControlBound
 0001:00049D40       Controls.TMargins.InitDefaults
 0001:00049DB8       Controls.TMargins.SetControlBounds
 0001:00049D60       Controls.TMargins.SetMargin
 0001:00049488       Controls.TMouse.Create
 0001:00049518       Controls.TMouse.CreatePanningWindow
 0001:00049544       Controls.TMouse.Destroy
 0001:00049574       Controls.TMouse.GetCapture
 0001:0004957C       Controls.TMouse.GetCursorPos
 0001:0004958C       Controls.TMouse.GetIsDragging
 0001:00049598       Controls.TMouse.GetIsPanning
 0001:000495BC       Controls.TMouse.GetMouseData
 0001:000495D8       Controls.TMouse.GetNativeData
 0001:00049608       Controls.TMouse.GetRegisteredData
 0001:00049630       Controls.TMouse.SetCapture
 0001:00049658       Controls.TMouse.SetPanningWindow
 0001:00049678       Controls.TMouse.SettingChanged
 0001:0004A068       Controls.TPadding.InitDefaults
 0001:00043578       Controls.TraverseControls
 0003:000015B4       Controls.TreeStreamEndFlag
 0001:00039940       Controls.TSiteList.AddSite
 0001:000399C4       Controls.TSiteList.Clear
 0001:000398DC       Controls.TSiteList.Find
 0001:000399F8       Controls.TSiteList.GetTopSite
 0001:0003B388       Controls.TSizeConstraints.AssignTo
 0001:0003B45C       Controls.TSizeConstraints.Change
 0001:0003B34C       Controls.TSizeConstraints.Create
 0001:0003B3D0       Controls.TSizeConstraints.SetConstraints
 0001:0004516C       Controls.TWinControl.ActionChange
 0001:000409DC       Controls.TWinControl.AddBiDiModeExStyle
 0001:0003FA74       Controls.TWinControl.AdjustClientRect
 0001:000446D4       Controls.TWinControl.AdjustSize
 0001:00040340       Controls.TWinControl.AlignControl
 0001:0004023C       Controls.TWinControl.AlignControls
 0001:0003FAA4       Controls.TWinControl.ArrangeControl
 0001:000451B4       Controls.TWinControl.AssignTo
 0001:000408D8       Controls.TWinControl.Broadcast
 0001:00044CA4       Controls.TWinControl.CalcConstraints
 0001:000451E4       Controls.TWinControl.CanAutoSize
 0001:00044490       Controls.TWinControl.CanFocus
 0001:00044BD8       Controls.TWinControl.CanResize
 0001:00044054       Controls.TWinControl.ChangeScale
 0001:000438A0       Controls.TWinControl.CMBiDiModeChanged
 0001:00043AFC       Controls.TWinControl.CMBorderChanged
 0001:00043978       Controls.TWinControl.CMChanged
 0001:0004398C       Controls.TWinControl.CMChildKey
 0001:00043A58       Controls.TWinControl.CMColorChanged
 0001:00043C3C       Controls.TWinControl.CMControlListChange
 0001:00043C50       Controls.TWinControl.CMControlListChanging
 0001:00043B3C       Controls.TWinControl.CMCtl3DChanged
 0001:00043ABC       Controls.TWinControl.CMCursorChanged
 0001:00043958       Controls.TWinControl.CMDesignHitTest
 0001:000439A8       Controls.TWinControl.CMDialogChar
 0001:000439A0       Controls.TWinControl.CMDialogKey
 0001:00043134       Controls.TWinControl.CMDockClient
 0001:00043BDC       Controls.TWinControl.CMDrag
 0001:00043A10       Controls.TWinControl.CMEnabledChanged
 0001:000438D8       Controls.TWinControl.CMEnter
 0001:00043948       Controls.TWinControl.CMExit
 0001:0004324C       Controls.TWinControl.CMFloat
 0001:000439B0       Controls.TWinControl.CMFocusChanged
 0001:00043BCC       Controls.TWinControl.CMFontChange
 0001:00043A80       Controls.TWinControl.CMFontChanged
 0001:0004438C       Controls.TWinControl.CMInvalidate
 0001:00043B7C       Controls.TWinControl.CMParentCtl3DChanged
 0001:00041244       Controls.TWinControl.CMRecreateWnd
 0001:00043888       Controls.TWinControl.CMShowHintChanged
 0001:000439E8       Controls.TWinControl.CMShowingChanged
 0001:00043BBC       Controls.TWinControl.CMSysColorChange
 0001:00043C64       Controls.TWinControl.CMSysFontChanged
 0001:000458C8       Controls.TWinControl.CMTextChanged
 0001:00043BD4       Controls.TWinControl.CMTimeChange
 0001:00043224       Controls.TWinControl.CMUnDockClient
 0001:000439B8       Controls.TWinControl.CMVisibleChanged
 0001:00043BC4       Controls.TWinControl.CMWinIniChange
 0001:00043E50       Controls.TWinControl.CNChar
 0001:00043D18       Controls.TWinControl.CNKeyDown
 0001:00043DFC       Controls.TWinControl.CNKeyUp
 0001:00043EFC       Controls.TWinControl.CNSysChar
 0001:00043EA0       Controls.TWinControl.CNSysKeyDown
 0001:00045130       Controls.TWinControl.ConstrainedResize
 0001:00040620       Controls.TWinControl.ContainsControl
 0001:00041660       Controls.TWinControl.ControlAtPos
 0001:00042FD8       Controls.TWinControl.ControlsAligned
 0001:0003F704       Controls.TWinControl.Create
 0001:00042FDC       Controls.TWinControl.CreateDockManager
 0001:00041068       Controls.TWinControl.CreateHandle
 0001:00040A44       Controls.TWinControl.CreateParams
 0001:00040970       Controls.TWinControl.CreateSubClass
 0001:00040D40       Controls.TWinControl.CreateWindowHandle
 0001:00040B70       Controls.TWinControl.CreateWnd
 0001:00041100       Controls.TWinControl.CustomAlignInsertBefore
 0001:00041124       Controls.TWinControl.CustomAlignPosition
 0001:00041DC8       Controls.TWinControl.DefaultHandler
 0001:00040F00       Controls.TWinControl.DefineProperties
 0001:0003F848       Controls.TWinControl.Destroy
 0001:000411B8       Controls.TWinControl.DestroyHandle
 0001:00040FBC       Controls.TWinControl.DestroyWindowHandle
 0001:00040F5C       Controls.TWinControl.DestroyWnd
 0001:000403D4       Controls.TWinControl.DisableAlign
 0001:00042D6C       Controls.TWinControl.DoAddDockClient
 0001:00042DC0       Controls.TWinControl.DockDrop
 0001:00042E44       Controls.TWinControl.DockOver
 0001:00045914       Controls.TWinControl.DockReplaceDockClient
 0001:00042E10       Controls.TWinControl.DoDockOver
 0001:00042D80       Controls.TWinControl.DoEnter
 0001:00042DA0       Controls.TWinControl.DoExit
 0001:00040404       Controls.TWinControl.DoFlipChildren
 0001:000432FC       Controls.TWinControl.DoKeyDown
 0001:000434F0       Controls.TWinControl.DoKeyPress
 0001:00043428       Controls.TWinControl.DoKeyUp
 0001:00045978       Controls.TWinControl.DoPaddingChange
 0001:00042D7C       Controls.TWinControl.DoRemoveDockClient
 0001:00042E88       Controls.TWinControl.DoUnDock
 0001:000403DC       Controls.TWinControl.EnableAlign
 0001:00044A18       Controls.TWinControl.FindNextControl
 0001:0003F928       Controls.TWinControl.FixupTabList
 0001:000404D8       Controls.TWinControl.FlipChildren
 0001:0004450C       Controls.TWinControl.Focused
 0001:000451AC       Controls.TWinControl.GetActionLinkClass
 0001:00044B50       Controls.TWinControl.GetChildren
 0001:0004469C       Controls.TWinControl.GetClientOrigin
 0001:000446BC       Controls.TWinControl.GetClientRect
 0001:0004087C       Controls.TWinControl.GetControl
 0001:000408B8       Controls.TWinControl.GetControlCount
 0001:00044568       Controls.TWinControl.GetControlExtents
 0001:00044328       Controls.TWinControl.GetDeviceContext
 0001:00042F08       Controls.TWinControl.GetDockClientCount
 0001:00042F1C       Controls.TWinControl.GetDockClients
 0001:00044554       Controls.TWinControl.GetHandle
 0001:00045880       Controls.TWinControl.GetParentBackground
 0001:00042F40       Controls.TWinControl.GetSiteInfo
 0001:0004478C       Controls.TWinControl.GetTabOrder
 0001:000449B8       Controls.TWinControl.GetTabOrderList
 0001:00042F9C       Controls.TWinControl.GetVisibleDockClientCount
 0001:000448F4       Controls.TWinControl.HandleAllocated
 0001:00044530       Controls.TWinControl.HandleNeeded
 0001:00040654       Controls.TWinControl.Insert
 0001:000406E8       Controls.TWinControl.InsertControl
 0001:0004437C       Controls.TWinControl.Invalidate
 0001:000458E0       Controls.TWinControl.InvalidateDockHostSite
 0001:00044458       Controls.TWinControl.InvalidateFrame
 0001:00041724       Controls.TWinControl.IsControlActivateMsg
 0001:00041870       Controls.TWinControl.IsControlMouseMsg
 0001:00044754       Controls.TWinControl.IsCtl3DStored
 0001:00043C80       Controls.TWinControl.IsMenuKey
 0001:00045954       Controls.TWinControl.IsQualifyingSite
 0001:000432D0       Controls.TWinControl.KeyDown
 0001:000434D0       Controls.TWinControl.KeyPress
 0001:000433FC       Controls.TWinControl.KeyUp
 0001:0004151C       Controls.TWinControl.MainWndProc
 0001:00040918       Controls.TWinControl.Notification
 0001:00040948       Controls.TWinControl.NotifyControls
 0001:0004209C       Controls.TWinControl.PaintControls
 0001:00041F04       Controls.TWinControl.PaintHandler
 0001:0004236C       Controls.TWinControl.PaintTo
 0001:00042074       Controls.TWinControl.PaintWindow
 0001:000437EC       Controls.TWinControl.PaletteChanged
 0001:00041020       Controls.TWinControl.PrecedingWindow
 0001:00045920       Controls.TWinControl.PreProcessMessage
 0001:00040D80       Controls.TWinControl.ReadDesignSize
 0001:0003F9FC       Controls.TWinControl.ReadState
 0001:000403FC       Controls.TWinControl.Realign
 0001:0004122C       Controls.TWinControl.RecreateWnd
 0001:00042EE4       Controls.TWinControl.ReloadDockedControl
 0001:000406A0       Controls.TWinControl.Remove
 0001:000407DC       Controls.TWinControl.RemoveControl
 0001:00040634       Controls.TWinControl.RemoveFocus
 0001:00045924       Controls.TWinControl.RemoveWindowProps
 0001:0004443C       Controls.TWinControl.Repaint
 0001:00042C8C       Controls.TWinControl.ResetIme
 0001:0004400C       Controls.TWinControl.ScaleControls
 0001:00044100       Controls.TWinControl.ScrollBy
 0001:00044B24       Controls.TWinControl.SelectNext
 0001:00044710       Controls.TWinControl.SetBorderWidth
 0001:00043F30       Controls.TWinControl.SetBounds
 0001:00044B98       Controls.TWinControl.SetChildOrder
 0001:00044730       Controls.TWinControl.SetCtl3D
 0001:00043048       Controls.TWinControl.SetDesignVisible
 0001:0004307C       Controls.TWinControl.SetDockSite
 0001:000444D0       Controls.TWinControl.SetFocus
 0001:00042B5C       Controls.TWinControl.SetIme
 0001:00045980       Controls.TWinControl.SetPadding
 0001:00045A54       Controls.TWinControl.SetParent
 0001:00045888       Controls.TWinControl.SetParentBackground
 0001:00044760       Controls.TWinControl.SetParentCtl3D
 0001:00041438       Controls.TWinControl.SetParentWindow
 0001:0004480C       Controls.TWinControl.SetTabOrder
 0001:00044824       Controls.TWinControl.SetTabStop
 0001:00044884       Controls.TWinControl.SetUseDockManager
 0001:000442C8       Controls.TWinControl.SetZOrder
 0001:000441F0       Controls.TWinControl.SetZOrderPosition
 0001:000441D8       Controls.TWinControl.ShowControl
 0001:00044420       Controls.TWinControl.Update
 0001:00044900       Controls.TWinControl.UpdateBounds
 0001:000459D8       Controls.TWinControl.UpdateControlOriginalParentSize
 0001:000413F4       Controls.TWinControl.UpdateControlState
 0001:0004598C       Controls.TWinControl.UpdateRecreatingFlag
 0001:000412D0       Controls.TWinControl.UpdateShowing
 0001:000447B0       Controls.TWinControl.UpdateTabOrder
 0001:000457A8       Controls.TWinControl.UpdateUIState
 0001:00043558       Controls.TWinControl.WMChar
 0001:000436D4       Controls.TWinControl.WMCharToItem
 0001:0004265C       Controls.TWinControl.WMCommand
 0001:00042730       Controls.TWinControl.WMCompareItem
 0001:00045730       Controls.TWinControl.WMContextMenu
 0001:00042754       Controls.TWinControl.WMDeleteItem
 0001:00043748       Controls.TWinControl.WMDestroy
 0001:00042778       Controls.TWinControl.WMDrawItem
 0001:000427F0       Controls.TWinControl.WMEraseBkgnd
 0001:000426D0       Controls.TWinControl.WMFontChange
 0001:000426F0       Controls.TWinControl.WMHScroll
 0001:00042B48       Controls.TWinControl.WMIMEEndComp
 0001:00042B34       Controls.TWinControl.WMIMEStartComp
 0001:000433A4       Controls.TWinControl.WMKeyDown
 0001:00043490       Controls.TWinControl.WMKeyUp
 0001:00042B18       Controls.TWinControl.WMKillFocus
 0001:0004279C       Controls.TWinControl.WMMeasureItem
 0001:000427BC       Controls.TWinControl.WMMouseActivate
 0001:000429DC       Controls.TWinControl.WMMove
 0001:000453AC       Controls.TWinControl.WMNCCalcSize
 0001:000437AC       Controls.TWinControl.WMNCDestroy
 0001:000437C8       Controls.TWinControl.WMNCHitTest
 0001:0004543C       Controls.TWinControl.WMNCPaint
 0001:0004267C       Controls.TWinControl.WMNotify
 0001:000424FC       Controls.TWinControl.WMPaint
 0001:00043868       Controls.TWinControl.WMPaletteChanged
 0001:000436F4       Controls.TWinControl.WMParentNotify
 0001:000457F4       Controls.TWinControl.WMPrintClient
 0001:00043844       Controls.TWinControl.WMQueryNewPalette
 0001:000429F8       Controls.TWinControl.WMSetCursor
 0001:00042AFC       Controls.TWinControl.WMSetFocus
 0001:000429A4       Controls.TWinControl.WMSize
 0001:000426A0       Controls.TWinControl.WMSysColorChange
 0001:00043628       Controls.TWinControl.WMSysCommand
 0001:000433D0       Controls.TWinControl.WMSysKeyDown
 0001:000434B0       Controls.TWinControl.WMSysKeyUp
 0001:000426E0       Controls.TWinControl.WMTimeChange
 0001:00043728       Controls.TWinControl.WMVKeyToItem
 0001:00042710       Controls.TWinControl.WMVScroll
 0001:00042890       Controls.TWinControl.WMWindowPosChanged
 0001:00042950       Controls.TWinControl.WMWindowPosChanging
 0001:000426BC       Controls.TWinControl.WMWinIniChange
 0001:00041924       Controls.TWinControl.WndProc
 0001:00040DB8       Controls.TWinControl.WriteDesignSize
 0001:0003F6D0       Controls.TWinControlActionLink.AssignClient
 0001:0003F6F4       Controls.TWinControlActionLink.IsHelpContextLinked
 0001:0003F6FC       Controls.TWinControlActionLink.SetHelpContext
 0001:0003EEB0       Controls.UpdateFloatingDockSitePos
 0001:0003A034       Controls.ValidDockTarget
 0001:00049944       Controls.Win32NLSEnableIME
 0004:00003510       Controls.WindowAtom
 0004:00003514       Controls.WindowAtomString
 0003:0000155C       Controls.WindowPos
 0001:000483BC       Controls.WriteControlName
 0004:00003578       Controls._ImmGetCompositionString
 0004:0000355C       Controls._ImmGetContext
 0004:00003564       Controls._ImmGetConversionStatus
 0004:0000357C       Controls._ImmIsIME
 0004:00003580       Controls._ImmNotifyIME
 0004:00003560       Controls._ImmReleaseContext
 0004:00003574       Controls._ImmSetCompositionFont
 0004:00003570       Controls._ImmSetCompositionWindow
 0004:00003568       Controls._ImmSetConversionStatus
 0004:0000356C       Controls._ImmSetOpenStatus
 0004:00003558       Controls._WINNLSEnableIME
 0004:000034C0       Dialogs..11
 0001:00028728       Dialogs..TCommonDialog
 0003:0000133C       Dialogs.ButtonCaptions
 0003:00001310       Dialogs.ButtonNames
 0003:000012FC       Dialogs.Captions
 0003:000012F4       Dialogs.CreationControl
[...]

   306 0001:00051050   307 0001:0005105B   308 0001:00051069   309 0001:00051075
   313 0001:00051084   314 0001:0005108B   315 0001:00051095   316 0001:00051098
   320 0001:0005109C   321 0001:0005109E   325 0001:000510A0   326 0001:000510A7
   327 0001:000510AA   328 0001:000510AF   332 0001:000510B0   333 0001:000510B6
   334 0001:000510B9   335 0001:000510BE   338 0001:000510C0   339 0001:000510C7
   340 0001:000510D0   341 0001:000510E4   342 0001:000510ED   347 0001:000510F4
   348 0001:000510FB   349 0001:00051102   351 0001:00051106   352 0001:0005110F
   353 0001:00051115   354 0001:0005111C   356 0001:00051120   357 0001:00051128
   360 0001:00051137   363 0001:0005113C   364 0001:00051142   366 0001:0005114E
   367 0001:00051158   368 0001:0005115F   370 0001:00051164   373 0001:00051168
   374 0001:0005116E   376 0001:00051175   377 0001:00051180   379 0001:0005118D
   382 0001:00051190   383 0001:00051196   384 0001:000511AD   385 0001:000511B6
   388 0001:000511BC   389 0001:000511C1   392 0001:0005120D   395 0001:00051214
   396 0001:00051219   399 0001:00051265   425 0001:0005126C   426 0001:00051283
   427 0001:0005128C   428 0001:0005129B   429 0001:000512AC   430 0001:000512B6
   431 0001:000512BA   434 0001:000512D8   435 0001:000512E4   436 0001:000512EE
   437 0001:00051303   438 0001:0005130B   439 0001:00051317   445 0001:00051328
   446 0001:00051336   448 0001:00051347   449 0001:00051353   450 0001:00051363
   446 0001:00051364   451 0001:00051367   454 0001:00051370   455 0001:00051379
   456 0001:00051387   457 0001:0005139B   460 0001:000513A0   461 0001:000513A6
   462 0001:000513B0   466 0001:000513B4   467 0001:000513BA   480 0001:000513BC
   481 0001:000513C2   482 0001:000513D1   483 0001:000513D6   485 0001:000513DA
   486 0001:000513E2   488 0001:000513EC   492 0001:000513F0   493 0001:000513FA
   497 0001:000513FC   498 0001:00051405   499 0001:00051410   500 0001:00051415
   501 0001:0005141A   502 0001:00051425   503 0001:00051436   504 0001:0005143F
   507 0001:00051444   508 0001:0005144A   509 0001:00051454   510 0001:00051457
   511 0001:00051460   514 0001:00051464   515 0001:0005146A   516 0001:00051478
   517 0001:0005147D   522 0001:00051480   523 0001:00051485   524 0001:00051494
   525 0001:000514A2   524 0001:000514B1   526 0001:000514B4   528 0001:000514BA
   529 0001:000514D7   531 0001:000514E2   539 0001:000514E8   540 0001:000514F4
   541 0001:000514F9   542 0001:00051502   543 0001:0005150C   544 0001:00051519
   545 0001:0005151E   547 0001:0005152F   548 0001:0005153B   549 0001:0005154C
   552 0001:0005156F   553 0001:0005157A   555 0001:0005157C   545 0001:0005157D
   556 0001:00051580   559 0001:0005158C   560 0001:0005158E   561 0001:00051592
   562 0001:000515A3   565 0001:000515AC   566 0001:000515AE   567 0001:000515B2
   568 0001:000515C3   575 0001:000515CC   576 0001:000515D6   578 0001:000515E3
   579 0001:000515E7   580 0001:000515EE   581 0001:000515F2   583 0001:00051600
   584 0001:00051609   587 0001:00051617   588 0001:0005161B   589 0001:00051622
   591 0001:00051630   594 0001:00051639   595 0001:0005163D   598 0001:00051643
   599 0001:0005164D   602 0001:00051656   581 0001:00051657   603 0001:0005165A
   604 0001:00051661   606 0001:00051669   611 0001:00051670   612 0001:00051673
   613 0001:00051681   616 0001:00051684   617 0001:00051687   618 0001:00051695
   621 0001:00051698   622 0001:0005169B   623 0001:000516A9   626 0001:000516AC
   627 0001:000516AF   628 0001:000516BD   631 0001:000516C0   632 0001:000516C3
   633 0001:000516D1   636 0001:000516D4   637 0001:000516D7   638 0001:000516E5
   641 0001:000516E8   642 0001:000516EB   643 0001:000516F9   646 0001:000516FC
   647 0001:000516FF   648 0001:0005170D   651 0001:00051710   652 0001:00051713
   653 0001:00051721   656 0001:00051724   657 0001:00051727   658 0001:00051735
   662 0001:00051738   666 0001:0005173C   670 0001:00051740   674 0001:00051744
   678 0001:00051748   682 0001:0005174C   686 0001:00051750   690 0001:00051754
   694 0001:00051758   698 0001:0005175C   702 0001:00051760   706 0001:00051764
   711 0001:00051768   712 0001:0005177A   713 0001:00051783   714 0001:00051787
   715 0001:00051791   716 0001:00051798   717 0001:000517A0   720 0001:000517BC
   721 0001:000517C7   722 0001:000517D2   723 0001:000517DD   724 0001:000517E6
   725 0001:000517F1   726 0001:000517FD   729 0001:0005180C   730 0001:00051813
   733 0001:00051828   734 0001:00051834   735 0001:0005183F   736 0001:0005184A
   737 0001:00051854   738 0001:0005185E   739 0001:0005186B   740 0001:00051879
   741 0001:00051887   742 0001:00051894   743 0001:000518A0   744 0001:000518AE
   745 0001:000518B7   765 0001:000518BC   766 0001:000518C5   768 0001:000518D2
   770 0001:000518E0   771 0001:000518F4   772 0001:000518F8   773 0001:00051900
   768 0001:00051901   774 0001:00051904   775 0001:0005190F   777 0001:00051916
   784 0001:0005191C   785 0001:00051928   786 0001:00051935   787 0001:0005193C
   788 0001:0005194A   790 0001:00051956   792 0001:00051967   793 0001:0005197E
   794 0001:00051982   795 0001:00051989   790 0001:0005198A   796 0001:0005198D
   797 0001:00051993   798 0001:000519A5   800 0001:000519BA   801 0001:000519C9
   804 0001:000519EA   805 0001:000519F3   798 0001:000519F4   806 0001:000519F7
   809 0001:00051A0C   811 0001:00051A1B   817 0001:00051A24   818 0001:00051A2D
   820 0001:00051A36   821 0001:00051A3D   823 0001:00051A46   824 0001:00051A4D
   827 0001:00051A4F   828 0001:00051A54   829 0001:00051A58   831 0001:00051A66
   832 0001:00051A7A   833 0001:00051A7E   834 0001:00051A87   829 0001:00051A88
   835 0001:00051A8B   836 0001:00051A92   838 0001:00051A99   875 0001:00051AA0
   876 0001:00051AA8   878 0001:00051AB4   879 0001:00051AC2   880 0001:00051ADB
   878 0001:00051AED   881 0001:00051AF0   882 0001:00051AFA   884 0001:00051B01
   890 0001:00051B08   891 0001:00051B11   893 0001:00051B19   895 0001:00051B27
   896 0001:00051B3B   897 0001:00051B3F   898 0001:00051B47   893 0001:00051B48
   899 0001:00051B4B   900 0001:00051B51   902 0001:00051B58   908 0001:00051B60
   909 0001:00051B69   911 0001:00051B76   913 0001:00051B84   914 0001:00051B98
   915 0001:00051B9C   916 0001:00051BA4   911 0001:00051BA5   917 0001:00051BA8
   918 0001:00051BB3   920 0001:00051BBA   926 0001:00051BC0   927 0001:00051BC9
   929 0001:00051BD4   931 0001:00051BE2   932 0001:00051BF6   933 0001:00051BFA
   934 0001:00051C02   929 0001:00051C03   935 0001:00051C06   936 0001:00051C0F
   938 0001:00051C16   944 0001:00051C1C   945 0001:00051C26   947 0001:00051C33
   949 0001:00051C41   950 0001:00051C55   951 0001:00051C59   952 0001:00051C62
   947 0001:00051C63   953 0001:00051C66   954 0001:00051C71   956 0001:00051C78
   962 0001:00051C80   963 0001:00051C89   965 0001:00051C95   967 0001:00051CA3
   968 0001:00051CB7   969 0001:00051CBB   970 0001:00051CC4   965 0001:00051CC5
   971 0001:00051CC8   972 0001:00051CD2   974 0001:00051CD9   979 0001:00051CE0
   980 0001:00051CE7   982 0001:00051D09   984 0001:00051D12   985 0001:00051D28
   988 0001:00051D2C   989 0001:00051D2E   990 0001:00051D32   991 0001:00051D4C
   994 0001:00051D54   995 0001:00051D57   996 0001:00051D59   997 0001:00051D66
   998 0001:00051D6D   999 0001:00051D7C  1000 0001:00051D8E  1001 0001:00051D9C
  1002 0001:00051DB3  1005 0001:00051DB8  1006 0001:00051DBB  1007 0001:00051DC4
  1008 0001:00051DD6  1009 0001:00051DDC  1024 0001:00051DE0  1025 0001:00051DE1
  1026 0001:00051DEA  1031 0001:00051DEC  1032 0001:00051DF3  1033 0001:00051DFE
  1034 0001:00051E11  1052 0001:00051E18  1053 0001:00051E21  1054 0001:00051E28
  1055 0001:00051E39  1057 0001:00051E47  1058 0001:00051E4A  1059 0001:00051E4C
  1054 0001:00051E4D  1060 0001:00051E50

Line numbers for ActnList(ActnList.pas) segment .itext

  1062 0002:000006AC  1063 0002:000006B5  1064 0002:000006C5  1066 0002:000006D5

Line numbers for ImgList(ImgList.pas) segment .text

   181 0001:00051FE0   182 0001:00051FE5   183 0001:00051FF4   184 0001:00051FF8
   186 0001:00051FFD   190 0001:00052000   191 0001:00052012   192 0001:00052018
   196 0001:0005201D   199 0001:00052020   200 0001:00052032   201 0001:0005203B
   202 0001:00052042   203 0001:00052049   204 0001:00052050   215 0001:0005206C
   217 0001:0005207A   216 0001:0005208A   218 0001:00052093   219 0001:0005209B
   220 0001:000520A2   221 0001:000520AA   222 0001:000520AF   223 0001:000520BB
   224 0001:000520C7   229 0001:000520D8   230 0001:000520EE   231 0001:000520FD
   232 0001:00052112   233 0001:00052133   234 0001:0005213A   235 0001:0005213E
   236 0001:00052147   237 0001:0005214B   238 0001:00052152   239 0001:00052159
   240 0001:00052168   241 0001:0005216F   245 0001:00052190   246 0001:00052197
   250 0001:00052198   251 0001:000521A3   256 0001:000521A4   257 0001:000521AE
   258 0001:000521B8   259 0001:000521C6   261 0001:000521CC   262 0001:000521EC
   263 0001:000521FD   266 0001:00052239   268 0001:0005224C   270 0001:00052256
   271 0001:0005225B   273 0001:00052263   278 0001:00052268   279 0001:0005226E
   280 0001:00052275   281 0001:0005227B   282 0001:00052287   283 0001:0005228E
   284 0001:00052294   285 0001:0005229B   312 0001:000522A0   313 0001:000522A6
   314 0001:000522AD   316 0001:000522B1   317 0001:000522BA   318 0001:000522BD
   320 0001:000522C8   330 0001:000522CC   331 0001:000522CF   332 0001:000522D6
   333 0001:000522D9   336 0001:000522DC   337 0001:000522E5   338 0001:000522EE
   339 0001:000522F2   340 0001:000522FD   343 0001:00052306   344 0001:0005230F
   345 0001:00052318   347 0001:00052321   348 0001:00052329   351 0001:00052330
   352 0001:00052334   353 0001:00052345   354 0001:00052352   355 0001:00052357
   356 0001:00052362   361 0001:00052368   362 0001:0005237F   364 0001:000523A5
   365 0001:000523D1   366 0001:000523E4   395 0001:00052408   396 0001:00052417
   397 0001:00052426   398 0001:00052434   399 0001:00052443   400 0001:00052451
   401 0001:00052459   404 0001:00052491   407 0001:000524AE   409 0001:000524BE
   410 0001:000524CA   476 0001:000524D4   477 0001:000524D7   478 0001:000524F1
   479 0001:000524F3   558 0001:000524F8   559 0001:00052511   560 0001:0005253D
   561 0001:00052556   562 0001:00052561   566 0001:00052584   567 0001:0005258C
   570 0001:00052590   571 0001:00052596   572 0001:000525B4   573 0001:000525B7
   574 0001:000525C2   577 0001:000525C8   578 0001:000525CB   579 0001:000525EA
   580 0001:000525ED   589 0001:000525F0   590 0001:00052600   592 0001:0005260F
   593 0001:00052615   597 0001:00052659   599 0001:0005265F   602 0001:00052670
   603 0001:00052679   604 0001:00052683   608 0001:0005268D   609 0001:000526A2
   610 0001:000526C8   612 0001:000526F5   613 0001:00052711   615 0001:00052721
   616 0001:0005272E   617 0001:00052737   618 0001:00052742   619 0001:0005274A
   621 0001:0005276F   622 0001:0005277C   623 0001:00052785   624 0001:00052790
   625 0001:00052798   628 0001:000527BB   632 0001:000527C4   633 0001:000527C8
   634 0001:000527E4   638 0001:000527EC   639 0001:000527F8   640 0001:00052803
   642 0001:00052830   676 0001:00052838   677 0001:00052849   678 0001:00052863
   679 0001:0005286B   680 0001:00052879   681 0001:00052888   684 0001:00052896
   685 0001:000528A4   687 0001:000528B2   688 0001:000528C1   691 0001:000528CF
   692 0001:000528D9   693 0001:000528E7   695 0001:000528F5   696 0001:00052908
   698 0001:00052911   700 0001:0005291C   701 0001:00052927   703 0001:00052940
   705 0001:0005294B   706 0001:00052956   708 0001:0005296F   709 0001:0005297D
   695 0001:0005297E   711 0001:0005298E   714 0001:000529AB   717 0001:000529C8
   719 0001:000529D8   884 0001:000529E0   885 0001:000529E6   886 0001:000529FD
   891 0001:00052A00   892 0001:00052A06   893 0001:00052A14   895 0001:00052A29
   897 0001:00052A30   898 0001:00052A37   899 0001:00052A3E   900 0001:00052A49
   901 0001:00052A50   902 0001:00052A60   903 0001:00052A74   904 0001:00052A89
   905 0001:00052AA4   906 0001:00052AAA   908 0001:00052AB5   909 0001:00052ABE
   914 0001:00052AC4   915 0001:00052ACA   918 0001:00052ADF   919 0001:00052AE6
   920 0001:00052AED   921 0001:00052AF8   922 0001:00052AFF   925 0001:00052B05
   926 0001:00052B0C   927 0001:00052B1C   928 0001:00052B30   929 0001:00052B45
   930 0001:00052B60   933 0001:00052B6C   934 0001:00052B75   937 0001:00052B78
   938 0001:00052B91   940 0001:00052B95   941 0001:00052BAD   942 0001:00052BCE
   945 0001:00052BF0   946 0001:00052BF3   948 0001:00052BF8   949 0001:00052BFB
   951 0001:00052C06   954 0001:00052C08   955 0001:00052C0B   956 0001:00052C16
  1045 0001:00052C18  1046 0001:00052C1E  1047 0001:00052C22  1048 0001:00052C28
  1049 0001:00052C2F  1050 0001:00052C3A  1049 0001:00052C4E  1051 0001:00052C51
  1052 0001:00052C60  1057 0001:00052C68  1058 0001:00052C70  1059 0001:00052C77
  1060 0001:00052C82  1062 0001:00052C90  1063 0001:00052C95  1064 0001:00052C9F
  1065 0001:00052CA1  1059 0001:00052CA2  1066 0001:00052CA5  1070 0001:00052CAC
  1071 0001:00052CAF  1072 0001:00052CBD  1077 0001:00052CC0  1078 0001:00052CC6
  1079 0001:00052CFF  1083 0001:00052D04  1084 0001:00052D11  1086 0001:00052D29
  1087 0001:00052D2D  1089 0001:00052D32  1091 0001:00052D48  1092 0001:00052D4C
  1094 0001:00052D51  1095 0001:00052D60  1096 0001:00052D6E  1097 0001:00052D78
  1098 0001:00052D87  1099 0001:00052D95  1100 0001:00052D9F  1102 0001:00052DBA
  1105 0001:00052DD7  1107 0001:00052DE7  1112 0001:00052DF4  1113 0001:00052DF8
  1114 0001:00052E04  1117 0001:00052E3B  1118 0001:00052E4B  1120 0001:00052E50
  1121 0001:00052E5D  1122 0001:00052E68  1123 0001:00052E92  1130 0001:00052EA8
  1131 0001:00052EB6  1132 0001:00052EC5  1133 0001:00052ED4  1134 0001:00052EE3
  1135 0001:00052EF1  1136 0001:00052EFA  1137 0001:00052F04  1138 0001:00052F13
  1139 0001:00052F22  1140 0001:00052F30  1141 0001:00052F3A  1142 0001:00052F49
  1143 0001:00052F57  1144 0001:00052F65  1145 0001:00052F74  1146 0001:00052F7E
  1147 0001:00052F8C  1148 0001:00052F9A  1149 0001:00052FB4  1150 0001:00052FBC
  1151 0001:00052FCA  1153 0001:00052FEA  1154 0001:00052FF4  1156 0001:00053013
  1157 0001:0005301D  1159 0001:00053063  1161 0001:000530A9  1162 0001:000530B7
  1163 0001:000530BA  1154 0001:000530BB  1164 0001:000530C2  1151 0001:000530C3
  1166 0001:000530D9  1167 0001:000530E1  1168 0001:000530E9  1171 0001:00053106
  1174 0001:00053123  1176 0001:00053133  1184 0001:0005313C  1186 0001:0005314A
  1187 0001:0005315E  1188 0001:0005316C  1190 0001:00053193  1194 0001:000531A3
  1198 0001:000531B3  1199 0001:000531B5  1200 0001:000531C4  1201 0001:000531D2
  1202 0001:000531DE  1205 0001:000531E9  1206 0001:000531F5  1210 0001:0005320E
  1211 0001:0005321A  1215 0001:0005322D  1218 0001:00053234  1219 0001:00053240
  1224 0001:00053254  1226 0001:00053258  1227 0001:00053264  1228 0001:00053278
  1229 0001:00053286  1231 0001:000532AD  1236 0001:000532CA  1240 0001:000532DA
  1241 0001:000532E6  1243 0001:000532FD  1250 0001:00053304  1251 0001:0005330E
  1252 0001:00053315  1253 0001:00053320  1254 0001:0005332E  1255 0001:0005333E
  1256 0001:00053345  1257 0001:00053351  1258 0001:0005335F  1259 0001:00053374
  1261 0001:0005337F  1262 0001:00053388  1276 0001:00053390  1277 0001:0005339B
  1279 0001:000533A4  1280 0001:000533B3  1282 0001:000533BF  1283 0001:000533CB
  1284 0001:000533CF  1288 0001:000533DF  1289 0001:000533F2  1292 0001:00053400
  1294 0001:00053409  1295 0001:00053428  1297 0001:00053441  1298 0001:0005345D
  1300 0001:00053481  1302 0001:00053491  1377 0001:000534D4  1378 0001:000534D7
  1381 0001:000534D8  1382 0001:000534D9  1383 0001:000534E2  1385 0001:000534E8
  1386 0001:000534EC  1388 0001:000534F5  1393 0001:000534F8  1394 0001:00053503
  1395 0001:00053511  1396 0001:0005351D  1399 0001:0005352C  1400 0001:0005352D
  1401 0001:0005353F  1403 0001:0005356F

Line numbers for KeyboardLED_D90(..\KeyboardLED_D90.pas) segment .text

    51 0001:0005356C    52 0001:00053572    53 0001:00053580    55 0001:00053587
    57 0001:00053593    62 0001:00053595    63 0001:0005359F    64 0001:000535A3
    66 0001:000535A7    68 0001:000535A9    73 0001:000535B0    75 0001:000535CF
    76 0001:000535F1    77 0001:00053621    82 0001:00053648    83 0001:0005364B
    84 0001:0005364C    95 0001:00053650    96 0001:00053652    97 0001:00053653
   107 0001:00053654   108 0001:00053658   109 0001:0005366B   118 0001:00053670
   119 0001:00053676   120 0001:00053678   122 0001:00053686   123 0001:0005368F
   126 0001:00053691   127 0001:00053694   128 0001:0005369B   130 0001:0005369F
   138 0001:000536D0   141 0001:000536D4   150 0001:000536DC   151 0001:000536E0
   152 0001:000536EE   154 0001:000536F5   155 0001:000536F7   156 0001:000536FB
   157 0001:000536FE   159 0001:00053702   169 0001:00053732   180 0001:00053738
   181 0001:0005374D   182 0001:0005375B   183 0001:00053760   186 0001:00053764
   188 0001:00053772   189 0001:00053780   190 0001:00053792   193 0001:00053796
   195 0001:000537A6   196 0001:000537AC   205 0001:000537B3   206 0001:000537C5
   208 0001:000537C9   210 0001:000537D9   212 0001:000537E1   213 0001:000537E7
   217 0001:000537EE   218 0001:000537F4   222 0001:000537F6   241 0001:00053828
   242 0001:00053853   243 0001:00053864   244 0001:0005387B   246 0001:00053883
   248 0001:00053891   250 0001:00053899   252 0001:000538A2   254 0001:000538A8
   256 0001:000538D1   264 0001:000538F0   266 0001:000538F4   267 0001:000538F9
   268 0001:00053905   269 0001:00053918   275 0001:0005391E   276 0001:0005392E
   279 0001:00053932   284 0001:0005393C   300 0001:00053968   302 0001:00053973
   303 0001:00053979   305 0001:0005397F   306 0001:00053981   310 0001:00053A1C
   318 0001:00053A3D   320 0001:00053A46   322 0001:00053A4F   323 0001:00053A54
   325 0001:00053A59   336 0001:00053A7A   337 0001:00053A7C   344 0001:00053A90
   345 0001:00053A95   347 0001:00053A99   350 0001:00053A9D   351 0001:00053AA4
   353 0001:00053AAA   356 0001:00053AB5   357 0001:00053ABC   359 0001:00053AC2
   360 0001:00053AC9   362 0001:00053ACD   363 0001:00053ACF   347 0001:00053AD1
   366 0001:00053AD6   367 0001:00053AD8   372 0001:00053ADC   373 0001:00053AE1
   374 0001:00053AE6   376 0001:00053AE8   377 0001:00053AEE   379 0001:00053AF1
   380 0001:00053AF7   382 0001:00053AFA   383 0001:00053B00   385 0001:00053B03
   386 0001:00053B0F   387 0001:00053B1A   393 0001:00053B24   394 0001:00053B2B
   395 0001:00053B35   396 0001:00053B43   397 0001:00053B4E   399 0001:00053B5C
   401 0001:00053B67   403 0001:00053B72   405 0001:00053B7D   406 0001:00053B84
   414 0001:00053B9C   415 0001:00053BBE   417 0001:00053BC9

Line numbers for KeyboardLED_D90(..\KeyboardLED_D90.pas) segment .itext

   408 0002:000006D8   409 0002:000006E1   410 0002:000006EE   411 0002:000006F7
   413 0002:000006FC

Line numbers for Unit1(Unit1.pas) segment .text

    40 0001:00053DE0    41 0001:00053DE4    43 0001:00053DEB    44 0001:00053DFD
    46 0001:00053E08    47 0001:00053E1A    49 0001:00053E25    50 0001:00053E37
    52 0001:00053E42    53 0001:00053E49    58 0001:00053E5C    59 0001:00053E61
    61 0001:00053E90

Line numbers for KeybLEDDemo_D90(d:\Documents\Borland Studio-Projekte\TUO\Components\KeyboardLED\Demo_D90\KeybLEDDemo_D90.dpr) segment .itext

    12 0002:00000700    13 0002:00000718    14 0002:00000724    15 0002:0000073C
    16 0002:00000748

Bound resource files

c:\program files (x86)\borland\bds\4.0\lib\Controls.res
hwint.res
Unit1.dfm
KeybLEDDemo_D90.res
KeybLEDDemo_D90.drf


Program entry point at 0002:00000700
